#
# There is insufficient memory for the Java Runtime Environment to continue.
# Native memory allocation (mmap) failed to map 347078656 bytes. Error detail: G1 virtual space
# Possible reasons:
#   The system is out of physical RAM or swap space
#   This process is running with CompressedOops enabled, and the Java Heap may be blocking the growth of the native heap
# Possible solutions:
#   Reduce memory load on the system
#   Increase physical memory or swap space
#   Check if swap backing store is full
#   Decrease Java heap size (-Xmx/-Xms)
#   Decrease number of Java threads
#   Decrease Java thread stack sizes (-Xss)
#   Set larger code cache with -XX:ReservedCodeCacheSize=
#   JVM is running with Unscaled Compressed Oops mode in which the Java heap is
#     placed in the first 4GB address space. The Java Heap base address is the
#     maximum limit for the native heap growth. Please use -XX:HeapBaseMinAddress
#     to set the Java Heap base and to place the Java Heap above 4GB virtual address.
# This output file may be truncated or incomplete.
#
#  Out of Memory Error (os_windows.cpp:3736), pid=5480, tid=6104
#
# JRE version: OpenJDK Runtime Environment Microsoft-11933218 (21.0.8+9) (build 21.0.8+9-LTS)
# Java VM: OpenJDK 64-Bit Server VM Microsoft-11933218 (21.0.8+9-LTS, mixed mode, sharing, tiered, compressed oops, compressed class ptrs, g1 gc, windows-amd64)
# No core dump will be written. Minidumps are not enabled by default on client versions of Windows
#

---------------  S U M M A R Y ------------

Command Line: org.jetbrains.kotlin.cli.jvm.K2JVMCompiler @C:\Users\Neki_play\Documents\GitHub\Hypixel-Cry\build\20251018_10536675108630033093.compiler.options

Host: Intel(R) Core(TM) i5-2320 CPU @ 3.00GHz, 4 cores, 7G,  Windows 11 , 64 bit Build 26100 (10.0.26100.6725)
Time: Sat Oct 18 12:48:18 2025 elapsed time: 55.264263 seconds (0d 0h 0m 55s)

---------------  T H R E A D  ---------------

Current thread (0x0000027243a683b0):  VMThread "VM Thread"          [id=6104, stack(0x000000fdf1200000,0x000000fdf1300000) (1024K)]

Stack: [0x000000fdf1200000,0x000000fdf1300000]
Native frames: (J=compiled Java code, j=interpreted, Vv=VM code, C=native code)
V  [jvm.dll+0x6e1729]
V  [jvm.dll+0x8bf47b]
V  [jvm.dll+0x8c19aa]
V  [jvm.dll+0x8c2083]
V  [jvm.dll+0x289fd6]
V  [jvm.dll+0x6de085]
V  [jvm.dll+0x6d218a]
V  [jvm.dll+0x366f6e]
V  [jvm.dll+0x36ee1b]
V  [jvm.dll+0x3c06b9]
V  [jvm.dll+0x3c095b]
V  [jvm.dll+0x33a8b7]
V  [jvm.dll+0x33a947]
V  [jvm.dll+0x37f68c]
V  [jvm.dll+0x37de6e]
V  [jvm.dll+0x33a011]
V  [jvm.dll+0x37d4da]
V  [jvm.dll+0x8c7def]
V  [jvm.dll+0x8c92fc]
V  [jvm.dll+0x8c9874]
V  [jvm.dll+0x8c9973]
V  [jvm.dll+0x86975d]
V  [jvm.dll+0x6dff2d]
C  [ucrtbase.dll+0x37b0]
C  [KERNEL32.DLL+0x2e8d7]
C  [ntdll.dll+0x8c53c]

VM_Operation (0x000000fdf0bfc9d0): G1CollectForAllocation, mode: safepoint, requested by thread 0x0000027225318c10


---------------  P R O C E S S  ---------------

Threads class SMR info:
_java_thread_list=0x0000027293d04540, length=12, elements={
0x0000027225318c10, 0x0000027243a806b0, 0x0000027243a83210, 0x0000027243a933f0,
0x0000027243a95200, 0x0000027243aa8090, 0x0000027243a99c60, 0x0000027243ad33a0,
0x0000027243ad5a50, 0x0000027243c106e0, 0x0000027243c14f20, 0x00000272897dca30
}

Java Threads: ( => current thread )
  0x0000027225318c10 JavaThread "main"                              [_thread_blocked, id=5884, stack(0x000000fdf0b00000,0x000000fdf0c00000) (1024K)]
  0x0000027243a806b0 JavaThread "Reference Handler"          daemon [_thread_blocked, id=8412, stack(0x000000fdf1300000,0x000000fdf1400000) (1024K)]
  0x0000027243a83210 JavaThread "Finalizer"                  daemon [_thread_blocked, id=7712, stack(0x000000fdf1400000,0x000000fdf1500000) (1024K)]
  0x0000027243a933f0 JavaThread "Signal Dispatcher"          daemon [_thread_blocked, id=3920, stack(0x000000fdf1500000,0x000000fdf1600000) (1024K)]
  0x0000027243a95200 JavaThread "Attach Listener"            daemon [_thread_blocked, id=6808, stack(0x000000fdf1600000,0x000000fdf1700000) (1024K)]
  0x0000027243aa8090 JavaThread "Service Thread"             daemon [_thread_blocked, id=7036, stack(0x000000fdf1700000,0x000000fdf1800000) (1024K)]
  0x0000027243a99c60 JavaThread "Monitor Deflation Thread"   daemon [_thread_blocked, id=952, stack(0x000000fdf1800000,0x000000fdf1900000) (1024K)]
  0x0000027243ad33a0 JavaThread "C2 CompilerThread0"         daemon [_thread_blocked, id=2252, stack(0x000000fdf1900000,0x000000fdf1a00000) (1024K)]
  0x0000027243ad5a50 JavaThread "C1 CompilerThread0"         daemon [_thread_blocked, id=6076, stack(0x000000fdf1a00000,0x000000fdf1b00000) (1024K)]
  0x0000027243c106e0 JavaThread "Notification Thread"        daemon [_thread_blocked, id=5364, stack(0x000000fdf1b00000,0x000000fdf1c00000) (1024K)]
  0x0000027243c14f20 JavaThread "Common-Cleaner"             daemon [_thread_blocked, id=5056, stack(0x000000fdf1c00000,0x000000fdf1d00000) (1024K)]
  0x00000272897dca30 JavaThread "C2 CompilerThread1"         daemon [_thread_blocked, id=8984, stack(0x000000fdf2000000,0x000000fdf2100000) (1024K)]
Total: 12

Other Threads:
=>0x0000027243a683b0 VMThread "VM Thread"                           [id=6104, stack(0x000000fdf1200000,0x000000fdf1300000) (1024K)]
  0x0000027243a52fe0 WatcherThread "VM Periodic Task Thread"        [id=8340, stack(0x000000fdf1100000,0x000000fdf1200000) (1024K)]
  0x000002722772d1c0 WorkerThread "GC Thread#0"                     [id=2888, stack(0x000000fdf0c00000,0x000000fdf0d00000) (1024K)]
  0x00000272890de110 WorkerThread "GC Thread#1"                     [id=6404, stack(0x000000fdf1d00000,0x000000fdf1e00000) (1024K)]
  0x00000272891d84e0 WorkerThread "GC Thread#2"                     [id=9672, stack(0x000000fdf1e00000,0x000000fdf1f00000) (1024K)]
  0x00000272891fa3b0 WorkerThread "GC Thread#3"                     [id=9484, stack(0x000000fdf1f00000,0x000000fdf2000000) (1024K)]
  0x000002722773df30 ConcurrentGCThread "G1 Main Marker"            [id=9368, stack(0x000000fdf0d00000,0x000000fdf0e00000) (1024K)]
  0x000002722773f860 WorkerThread "G1 Conc#0"                       [id=6252, stack(0x000000fdf0e00000,0x000000fdf0f00000) (1024K)]
  0x00000272439166f0 ConcurrentGCThread "G1 Refine#0"               [id=3180, stack(0x000000fdf0f00000,0x000000fdf1000000) (1024K)]
  0x0000027243918020 ConcurrentGCThread "G1 Service"                [id=7312, stack(0x000000fdf1000000,0x000000fdf1100000) (1024K)]
Total: 10

Threads with active compile tasks:
C2 CompilerThread1  55396 20427       4       org.jetbrains.kotlin.backend.common.lower.InventNamesForLocalClasses$NameInventor::visitDeclaration (261 bytes)
Total: 1

VM state: at safepoint (normal execution)

VM Mutex/Monitor currently owned by a thread:  ([mutex/lock_event])
[0x00007ffafcd9a7c8] Threads_lock - owner thread: 0x0000027243a683b0
[0x00007ffafcd9a8c8] Heap_lock - owner thread: 0x0000027225318c10

Heap address: 0x0000000080c00000, size: 2036 MB, Compressed Oops mode: 32-bit

CDS archive(s) mapped at: [0x0000027244000000-0x0000027244c80000-0x0000027244c80000), size 13107200, SharedBaseAddress: 0x0000027244000000, ArchiveRelocationMode: 1.
Compressed class space mapped at: 0x0000027245000000-0x0000027285000000, reserved size: 1073741824
Narrow klass base: 0x0000027244000000, Narrow klass shift: 0, Narrow klass range: 0x100000000

GC Precious Log:
 CardTable entry size: 512
 Card Set container configuration: InlinePtr #cards 5 size 8 Array Of Cards #cards 12 size 40 Howl #buckets 4 coarsen threshold 1843 Howl Bitmap #cards 512 size 80 coarsen threshold 460 Card regions per heap region 1 cards per card region 2048
 CPUs: 4 total, 4 available
 Memory: 8139M
 Large Page Support: Disabled
 NUMA Support: Disabled
 Compressed Oops: Enabled (32-bit)
 Heap Region Size: 1M
 Heap Min Capacity: 8M
 Heap Initial Capacity: 128M
 Heap Max Capacity: 2036M
 Pre-touch: Disabled
 Parallel Workers: 4
 Concurrent Workers: 1
 Concurrent Refinement Workers: 4
 Periodic GC: Disabled

Heap:
 garbage-first heap   total 384000K, used 232188K [0x0000000080c00000, 0x0000000100000000)
  region size 1024K, 3 young (3072K), 3 survivors (3072K)
 Metaspace       used 87135K, committed 87552K, reserved 1179648K
  class space    used 9093K, committed 9280K, reserved 1048576K

Heap Regions: E=young(eden), S=young(survivor), O=old, HS=humongous(starts), HC=humongous(continues), CS=collection set, F=free, TAMS=top-at-mark-start, PB=parsable bottom
|   0|0x0000000080c00000, 0x0000000080d00000, 0x0000000080d00000|100%|HS|  |TAMS 0x0000000080c00000| PB 0x0000000080c00000| Complete 
|   1|0x0000000080d00000, 0x0000000080e00000, 0x0000000080e00000|100%|HC|  |TAMS 0x0000000080d00000| PB 0x0000000080d00000| Complete 
|   2|0x0000000080e00000, 0x0000000080f00000, 0x0000000080f00000|100%|HC|  |TAMS 0x0000000080e00000| PB 0x0000000080e00000| Complete 
|   3|0x0000000080f00000, 0x0000000081000000, 0x0000000081000000|100%|HC|  |TAMS 0x0000000080f00000| PB 0x0000000080f00000| Complete 
|   4|0x0000000081000000, 0x0000000081100000, 0x0000000081100000|100%| O|  |TAMS 0x0000000081000000| PB 0x0000000081000000| Untracked 
|   5|0x0000000081100000, 0x0000000081200000, 0x0000000081200000|100%| O|  |TAMS 0x0000000081100000| PB 0x0000000081100000| Untracked 
|   6|0x0000000081200000, 0x0000000081300000, 0x0000000081300000|100%| O|  |TAMS 0x0000000081200000| PB 0x0000000081200000| Untracked 
|   7|0x0000000081300000, 0x0000000081400000, 0x0000000081400000|100%| O|  |TAMS 0x0000000081300000| PB 0x0000000081300000| Untracked 
|   8|0x0000000081400000, 0x0000000081500000, 0x0000000081500000|100%| O|  |TAMS 0x0000000081400000| PB 0x0000000081400000| Untracked 
|   9|0x0000000081500000, 0x0000000081600000, 0x0000000081600000|100%| O|  |TAMS 0x0000000081500000| PB 0x0000000081500000| Untracked 
|  10|0x0000000081600000, 0x0000000081700000, 0x0000000081700000|100%| O|  |TAMS 0x0000000081600000| PB 0x0000000081600000| Untracked 
|  11|0x0000000081700000, 0x0000000081800000, 0x0000000081800000|100%| O|  |TAMS 0x0000000081700000| PB 0x0000000081700000| Untracked 
|  12|0x0000000081800000, 0x0000000081900000, 0x0000000081900000|100%| O|  |TAMS 0x0000000081800000| PB 0x0000000081800000| Untracked 
|  13|0x0000000081900000, 0x0000000081a00000, 0x0000000081a00000|100%| O|  |TAMS 0x0000000081900000| PB 0x0000000081900000| Untracked 
|  14|0x0000000081a00000, 0x0000000081b00000, 0x0000000081b00000|100%| O|  |TAMS 0x0000000081a00000| PB 0x0000000081a00000| Untracked 
|  15|0x0000000081b00000, 0x0000000081c00000, 0x0000000081c00000|100%| O|  |TAMS 0x0000000081b00000| PB 0x0000000081b00000| Untracked 
|  16|0x0000000081c00000, 0x0000000081d00000, 0x0000000081d00000|100%| O|  |TAMS 0x0000000081c00000| PB 0x0000000081c00000| Untracked 
|  17|0x0000000081d00000, 0x0000000081e00000, 0x0000000081e00000|100%| O|  |TAMS 0x0000000081d00000| PB 0x0000000081d00000| Untracked 
|  18|0x0000000081e00000, 0x0000000081f00000, 0x0000000081f00000|100%| O|  |TAMS 0x0000000081e00000| PB 0x0000000081e00000| Untracked 
|  19|0x0000000081f00000, 0x0000000082000000, 0x0000000082000000|100%| O|  |TAMS 0x0000000081f00000| PB 0x0000000081f00000| Untracked 
|  20|0x0000000082000000, 0x0000000082100000, 0x0000000082100000|100%| O|  |TAMS 0x0000000082000000| PB 0x0000000082000000| Untracked 
|  21|0x0000000082100000, 0x0000000082200000, 0x0000000082200000|100%| O|  |TAMS 0x0000000082100000| PB 0x0000000082100000| Untracked 
|  22|0x0000000082200000, 0x0000000082300000, 0x0000000082300000|100%| O|  |TAMS 0x0000000082200000| PB 0x0000000082200000| Untracked 
|  23|0x0000000082300000, 0x0000000082400000, 0x0000000082400000|100%| O|  |TAMS 0x0000000082300000| PB 0x0000000082300000| Untracked 
|  24|0x0000000082400000, 0x0000000082500000, 0x0000000082500000|100%| O|  |TAMS 0x0000000082400000| PB 0x0000000082400000| Untracked 
|  25|0x0000000082500000, 0x0000000082600000, 0x0000000082600000|100%| O|  |TAMS 0x0000000082500000| PB 0x0000000082500000| Untracked 
|  26|0x0000000082600000, 0x0000000082700000, 0x0000000082700000|100%| O|  |TAMS 0x0000000082600000| PB 0x0000000082600000| Untracked 
|  27|0x0000000082700000, 0x0000000082800000, 0x0000000082800000|100%| O|  |TAMS 0x0000000082700000| PB 0x0000000082700000| Untracked 
|  28|0x0000000082800000, 0x0000000082900000, 0x0000000082900000|100%| O|  |TAMS 0x0000000082800000| PB 0x0000000082800000| Untracked 
|  29|0x0000000082900000, 0x0000000082a00000, 0x0000000082a00000|100%| O|  |TAMS 0x0000000082900000| PB 0x0000000082900000| Untracked 
|  30|0x0000000082a00000, 0x0000000082b00000, 0x0000000082b00000|100%| O|  |TAMS 0x0000000082a00000| PB 0x0000000082a00000| Untracked 
|  31|0x0000000082b00000, 0x0000000082c00000, 0x0000000082c00000|100%| O|  |TAMS 0x0000000082b00000| PB 0x0000000082b00000| Untracked 
|  32|0x0000000082c00000, 0x0000000082d00000, 0x0000000082d00000|100%| O|  |TAMS 0x0000000082c00000| PB 0x0000000082c00000| Untracked 
|  33|0x0000000082d00000, 0x0000000082e00000, 0x0000000082e00000|100%| O|  |TAMS 0x0000000082d00000| PB 0x0000000082d00000| Untracked 
|  34|0x0000000082e00000, 0x0000000082f00000, 0x0000000082f00000|100%| O|  |TAMS 0x0000000082e00000| PB 0x0000000082e00000| Untracked 
|  35|0x0000000082f00000, 0x0000000083000000, 0x0000000083000000|100%| O|  |TAMS 0x0000000082f00000| PB 0x0000000082f00000| Untracked 
|  36|0x0000000083000000, 0x0000000083100000, 0x0000000083100000|100%| O|  |TAMS 0x0000000083000000| PB 0x0000000083000000| Untracked 
|  37|0x0000000083100000, 0x0000000083200000, 0x0000000083200000|100%| O|  |TAMS 0x0000000083100000| PB 0x0000000083100000| Untracked 
|  38|0x0000000083200000, 0x0000000083300000, 0x0000000083300000|100%| O|  |TAMS 0x0000000083200000| PB 0x0000000083200000| Untracked 
|  39|0x0000000083300000, 0x0000000083400000, 0x0000000083400000|100%| O|  |TAMS 0x0000000083300000| PB 0x0000000083300000| Untracked 
|  40|0x0000000083400000, 0x0000000083500000, 0x0000000083500000|100%| O|  |TAMS 0x0000000083400000| PB 0x0000000083400000| Untracked 
|  41|0x0000000083500000, 0x0000000083600000, 0x0000000083600000|100%| O|  |TAMS 0x0000000083500000| PB 0x0000000083500000| Untracked 
|  42|0x0000000083600000, 0x0000000083700000, 0x0000000083700000|100%| O|  |TAMS 0x0000000083600000| PB 0x0000000083600000| Untracked 
|  43|0x0000000083700000, 0x0000000083800000, 0x0000000083800000|100%| O|  |TAMS 0x0000000083700000| PB 0x0000000083700000| Untracked 
|  44|0x0000000083800000, 0x0000000083900000, 0x0000000083900000|100%| O|  |TAMS 0x0000000083800000| PB 0x0000000083800000| Untracked 
|  45|0x0000000083900000, 0x0000000083a00000, 0x0000000083a00000|100%| O|  |TAMS 0x0000000083900000| PB 0x0000000083900000| Untracked 
|  46|0x0000000083a00000, 0x0000000083b00000, 0x0000000083b00000|100%| O|  |TAMS 0x0000000083a00000| PB 0x0000000083a00000| Untracked 
|  47|0x0000000083b00000, 0x0000000083c00000, 0x0000000083c00000|100%| O|  |TAMS 0x0000000083b00000| PB 0x0000000083b00000| Untracked 
|  48|0x0000000083c00000, 0x0000000083d00000, 0x0000000083d00000|100%| O|  |TAMS 0x0000000083c00000| PB 0x0000000083c00000| Untracked 
|  49|0x0000000083d00000, 0x0000000083e00000, 0x0000000083e00000|100%| O|  |TAMS 0x0000000083d00000| PB 0x0000000083d00000| Untracked 
|  50|0x0000000083e00000, 0x0000000083f00000, 0x0000000083f00000|100%| O|  |TAMS 0x0000000083e00000| PB 0x0000000083e00000| Untracked 
|  51|0x0000000083f00000, 0x0000000084000000, 0x0000000084000000|100%| O|  |TAMS 0x0000000083f00000| PB 0x0000000083f00000| Untracked 
|  52|0x0000000084000000, 0x0000000084100000, 0x0000000084100000|100%| O|  |TAMS 0x0000000084000000| PB 0x0000000084000000| Untracked 
|  53|0x0000000084100000, 0x0000000084200000, 0x0000000084200000|100%| O|  |TAMS 0x0000000084100000| PB 0x0000000084100000| Untracked 
|  54|0x0000000084200000, 0x0000000084300000, 0x0000000084300000|100%| O|  |TAMS 0x0000000084200000| PB 0x0000000084200000| Untracked 
|  55|0x0000000084300000, 0x0000000084400000, 0x0000000084400000|100%| O|  |TAMS 0x0000000084300000| PB 0x0000000084300000| Untracked 
|  56|0x0000000084400000, 0x0000000084500000, 0x0000000084500000|100%| O|  |TAMS 0x0000000084400000| PB 0x0000000084400000| Untracked 
|  57|0x0000000084500000, 0x0000000084600000, 0x0000000084600000|100%| O|  |TAMS 0x0000000084500000| PB 0x0000000084500000| Untracked 
|  58|0x0000000084600000, 0x0000000084700000, 0x0000000084700000|100%| O|  |TAMS 0x0000000084600000| PB 0x0000000084600000| Untracked 
|  59|0x0000000084700000, 0x0000000084800000, 0x0000000084800000|100%| O|  |TAMS 0x0000000084700000| PB 0x0000000084700000| Untracked 
|  60|0x0000000084800000, 0x0000000084900000, 0x0000000084900000|100%| O|  |TAMS 0x0000000084800000| PB 0x0000000084800000| Untracked 
|  61|0x0000000084900000, 0x0000000084a00000, 0x0000000084a00000|100%| O|  |TAMS 0x0000000084900000| PB 0x0000000084900000| Untracked 
|  62|0x0000000084a00000, 0x0000000084b00000, 0x0000000084b00000|100%| O|  |TAMS 0x0000000084a00000| PB 0x0000000084a00000| Untracked 
|  63|0x0000000084b00000, 0x0000000084c00000, 0x0000000084c00000|100%| O|  |TAMS 0x0000000084b00000| PB 0x0000000084b00000| Untracked 
|  64|0x0000000084c00000, 0x0000000084d00000, 0x0000000084d00000|100%| O|  |TAMS 0x0000000084c00000| PB 0x0000000084c00000| Untracked 
|  65|0x0000000084d00000, 0x0000000084e00000, 0x0000000084e00000|100%| O|  |TAMS 0x0000000084d00000| PB 0x0000000084d00000| Untracked 
|  66|0x0000000084e00000, 0x0000000084f00000, 0x0000000084f00000|100%| O|  |TAMS 0x0000000084e00000| PB 0x0000000084e00000| Untracked 
|  67|0x0000000084f00000, 0x0000000085000000, 0x0000000085000000|100%| O|  |TAMS 0x0000000084f00000| PB 0x0000000084f00000| Untracked 
|  68|0x0000000085000000, 0x0000000085100000, 0x0000000085100000|100%| O|  |TAMS 0x0000000085000000| PB 0x0000000085000000| Untracked 
|  69|0x0000000085100000, 0x0000000085200000, 0x0000000085200000|100%| O|  |TAMS 0x0000000085100000| PB 0x0000000085100000| Untracked 
|  70|0x0000000085200000, 0x0000000085300000, 0x0000000085300000|100%| O|  |TAMS 0x0000000085200000| PB 0x0000000085200000| Untracked 
|  71|0x0000000085300000, 0x0000000085400000, 0x0000000085400000|100%| O|  |TAMS 0x0000000085300000| PB 0x0000000085300000| Untracked 
|  72|0x0000000085400000, 0x0000000085500000, 0x0000000085500000|100%| O|  |TAMS 0x0000000085400000| PB 0x0000000085400000| Untracked 
|  73|0x0000000085500000, 0x0000000085600000, 0x0000000085600000|100%| O|  |TAMS 0x0000000085500000| PB 0x0000000085500000| Untracked 
|  74|0x0000000085600000, 0x0000000085700000, 0x0000000085700000|100%| O|  |TAMS 0x0000000085600000| PB 0x0000000085600000| Untracked 
|  75|0x0000000085700000, 0x0000000085800000, 0x0000000085800000|100%| O|  |TAMS 0x0000000085700000| PB 0x0000000085700000| Untracked 
|  76|0x0000000085800000, 0x0000000085900000, 0x0000000085900000|100%| O|  |TAMS 0x0000000085800000| PB 0x0000000085800000| Untracked 
|  77|0x0000000085900000, 0x0000000085a00000, 0x0000000085a00000|100%| O|  |TAMS 0x0000000085900000| PB 0x0000000085900000| Untracked 
|  78|0x0000000085a00000, 0x0000000085b00000, 0x0000000085b00000|100%| O|  |TAMS 0x0000000085a00000| PB 0x0000000085a00000| Untracked 
|  79|0x0000000085b00000, 0x0000000085c00000, 0x0000000085c00000|100%| O|  |TAMS 0x0000000085b00000| PB 0x0000000085b00000| Untracked 
|  80|0x0000000085c00000, 0x0000000085d00000, 0x0000000085d00000|100%| O|  |TAMS 0x0000000085c00000| PB 0x0000000085c00000| Untracked 
|  81|0x0000000085d00000, 0x0000000085e00000, 0x0000000085e00000|100%| O|  |TAMS 0x0000000085d00000| PB 0x0000000085d00000| Untracked 
|  82|0x0000000085e00000, 0x0000000085f00000, 0x0000000085f00000|100%| O|  |TAMS 0x0000000085e00000| PB 0x0000000085e00000| Untracked 
|  83|0x0000000085f00000, 0x0000000086000000, 0x0000000086000000|100%| O|  |TAMS 0x0000000085f00000| PB 0x0000000085f00000| Untracked 
|  84|0x0000000086000000, 0x0000000086100000, 0x0000000086100000|100%| O|  |TAMS 0x0000000086000000| PB 0x0000000086000000| Untracked 
|  85|0x0000000086100000, 0x0000000086200000, 0x0000000086200000|100%| O|  |TAMS 0x0000000086100000| PB 0x0000000086100000| Untracked 
|  86|0x0000000086200000, 0x0000000086300000, 0x0000000086300000|100%| O|  |TAMS 0x0000000086200000| PB 0x0000000086200000| Untracked 
|  87|0x0000000086300000, 0x0000000086400000, 0x0000000086400000|100%| O|  |TAMS 0x0000000086300000| PB 0x0000000086300000| Untracked 
|  88|0x0000000086400000, 0x0000000086500000, 0x0000000086500000|100%| O|  |TAMS 0x0000000086400000| PB 0x0000000086400000| Untracked 
|  89|0x0000000086500000, 0x0000000086600000, 0x0000000086600000|100%| O|  |TAMS 0x0000000086500000| PB 0x0000000086500000| Untracked 
|  90|0x0000000086600000, 0x0000000086700000, 0x0000000086700000|100%| O|  |TAMS 0x0000000086600000| PB 0x0000000086600000| Untracked 
|  91|0x0000000086700000, 0x0000000086800000, 0x0000000086800000|100%| O|  |TAMS 0x0000000086700000| PB 0x0000000086700000| Untracked 
|  92|0x0000000086800000, 0x0000000086900000, 0x0000000086900000|100%| O|  |TAMS 0x0000000086800000| PB 0x0000000086800000| Untracked 
|  93|0x0000000086900000, 0x0000000086a00000, 0x0000000086a00000|100%| O|  |TAMS 0x0000000086900000| PB 0x0000000086900000| Untracked 
|  94|0x0000000086a00000, 0x0000000086b00000, 0x0000000086b00000|100%| O|  |TAMS 0x0000000086a00000| PB 0x0000000086a00000| Untracked 
|  95|0x0000000086b00000, 0x0000000086c00000, 0x0000000086c00000|100%| O|  |TAMS 0x0000000086b00000| PB 0x0000000086b00000| Untracked 
|  96|0x0000000086c00000, 0x0000000086d00000, 0x0000000086d00000|100%| O|  |TAMS 0x0000000086c00000| PB 0x0000000086c00000| Untracked 
|  97|0x0000000086d00000, 0x0000000086e00000, 0x0000000086e00000|100%| O|  |TAMS 0x0000000086d00000| PB 0x0000000086d00000| Untracked 
|  98|0x0000000086e00000, 0x0000000086f00000, 0x0000000086f00000|100%| O|  |TAMS 0x0000000086e00000| PB 0x0000000086e00000| Untracked 
|  99|0x0000000086f00000, 0x0000000087000000, 0x0000000087000000|100%| O|  |TAMS 0x0000000086f00000| PB 0x0000000086f00000| Untracked 
| 100|0x0000000087000000, 0x0000000087100000, 0x0000000087100000|100%| O|  |TAMS 0x0000000087000000| PB 0x0000000087000000| Untracked 
| 101|0x0000000087100000, 0x0000000087200000, 0x0000000087200000|100%| O|  |TAMS 0x0000000087100000| PB 0x0000000087100000| Untracked 
| 102|0x0000000087200000, 0x0000000087300000, 0x0000000087300000|100%| O|  |TAMS 0x0000000087200000| PB 0x0000000087200000| Untracked 
| 103|0x0000000087300000, 0x0000000087400000, 0x0000000087400000|100%| O|  |TAMS 0x0000000087300000| PB 0x0000000087300000| Untracked 
| 104|0x0000000087400000, 0x0000000087500000, 0x0000000087500000|100%| O|  |TAMS 0x0000000087400000| PB 0x0000000087400000| Untracked 
| 105|0x0000000087500000, 0x0000000087600000, 0x0000000087600000|100%| O|  |TAMS 0x0000000087500000| PB 0x0000000087500000| Untracked 
| 106|0x0000000087600000, 0x0000000087700000, 0x0000000087700000|100%| O|  |TAMS 0x0000000087600000| PB 0x0000000087600000| Untracked 
| 107|0x0000000087700000, 0x0000000087800000, 0x0000000087800000|100%| O|  |TAMS 0x0000000087700000| PB 0x0000000087700000| Untracked 
| 108|0x0000000087800000, 0x0000000087900000, 0x0000000087900000|100%| O|  |TAMS 0x0000000087800000| PB 0x0000000087800000| Untracked 
| 109|0x0000000087900000, 0x0000000087a00000, 0x0000000087a00000|100%| O|  |TAMS 0x0000000087900000| PB 0x0000000087900000| Untracked 
| 110|0x0000000087a00000, 0x0000000087b00000, 0x0000000087b00000|100%| O|  |TAMS 0x0000000087a00000| PB 0x0000000087a00000| Untracked 
| 111|0x0000000087b00000, 0x0000000087c00000, 0x0000000087c00000|100%| O|  |TAMS 0x0000000087b00000| PB 0x0000000087b00000| Untracked 
| 112|0x0000000087c00000, 0x0000000087d00000, 0x0000000087d00000|100%| O|  |TAMS 0x0000000087c00000| PB 0x0000000087c00000| Untracked 
| 113|0x0000000087d00000, 0x0000000087e00000, 0x0000000087e00000|100%| O|  |TAMS 0x0000000087d00000| PB 0x0000000087d00000| Untracked 
| 114|0x0000000087e00000, 0x0000000087f00000, 0x0000000087f00000|100%| O|  |TAMS 0x0000000087e00000| PB 0x0000000087e00000| Untracked 
| 115|0x0000000087f00000, 0x0000000088000000, 0x0000000088000000|100%| O|  |TAMS 0x0000000087f00000| PB 0x0000000087f00000| Untracked 
| 116|0x0000000088000000, 0x0000000088100000, 0x0000000088100000|100%| O|  |TAMS 0x0000000088000000| PB 0x0000000088000000| Untracked 
| 117|0x0000000088100000, 0x0000000088200000, 0x0000000088200000|100%| O|  |TAMS 0x0000000088100000| PB 0x0000000088100000| Untracked 
| 118|0x0000000088200000, 0x0000000088300000, 0x0000000088300000|100%| O|  |TAMS 0x0000000088200000| PB 0x0000000088200000| Untracked 
| 119|0x0000000088300000, 0x0000000088400000, 0x0000000088400000|100%| O|  |TAMS 0x0000000088300000| PB 0x0000000088300000| Untracked 
| 120|0x0000000088400000, 0x0000000088500000, 0x0000000088500000|100%| O|  |TAMS 0x0000000088400000| PB 0x0000000088400000| Untracked 
| 121|0x0000000088500000, 0x0000000088600000, 0x0000000088600000|100%| O|  |TAMS 0x0000000088500000| PB 0x0000000088500000| Untracked 
| 122|0x0000000088600000, 0x0000000088700000, 0x0000000088700000|100%| O|  |TAMS 0x0000000088600000| PB 0x0000000088600000| Untracked 
| 123|0x0000000088700000, 0x0000000088800000, 0x0000000088800000|100%| O|  |TAMS 0x0000000088700000| PB 0x0000000088700000| Untracked 
| 124|0x0000000088800000, 0x0000000088900000, 0x0000000088900000|100%| O|  |TAMS 0x0000000088800000| PB 0x0000000088800000| Untracked 
| 125|0x0000000088900000, 0x0000000088a00000, 0x0000000088a00000|100%| O|  |TAMS 0x0000000088900000| PB 0x0000000088900000| Untracked 
| 126|0x0000000088a00000, 0x0000000088b00000, 0x0000000088b00000|100%| O|  |TAMS 0x0000000088a00000| PB 0x0000000088a00000| Untracked 
| 127|0x0000000088b00000, 0x0000000088c00000, 0x0000000088c00000|100%| O|  |TAMS 0x0000000088b00000| PB 0x0000000088b00000| Untracked 
| 128|0x0000000088c00000, 0x0000000088d00000, 0x0000000088d00000|100%| O|  |TAMS 0x0000000088c00000| PB 0x0000000088c00000| Untracked 
| 129|0x0000000088d00000, 0x0000000088e00000, 0x0000000088e00000|100%| O|  |TAMS 0x0000000088d00000| PB 0x0000000088d00000| Untracked 
| 130|0x0000000088e00000, 0x0000000088f00000, 0x0000000088f00000|100%| O|  |TAMS 0x0000000088e00000| PB 0x0000000088e00000| Untracked 
| 131|0x0000000088f00000, 0x0000000089000000, 0x0000000089000000|100%| O|  |TAMS 0x0000000088f00000| PB 0x0000000088f00000| Untracked 
| 132|0x0000000089000000, 0x0000000089100000, 0x0000000089100000|100%| O|  |TAMS 0x0000000089000000| PB 0x0000000089000000| Untracked 
| 133|0x0000000089100000, 0x0000000089200000, 0x0000000089200000|100%| O|  |TAMS 0x0000000089100000| PB 0x0000000089100000| Untracked 
| 134|0x0000000089200000, 0x0000000089300000, 0x0000000089300000|100%| O|  |TAMS 0x0000000089200000| PB 0x0000000089200000| Untracked 
| 135|0x0000000089300000, 0x0000000089400000, 0x0000000089400000|100%| O|  |TAMS 0x0000000089300000| PB 0x0000000089300000| Untracked 
| 136|0x0000000089400000, 0x0000000089500000, 0x0000000089500000|100%| O|  |TAMS 0x0000000089400000| PB 0x0000000089400000| Untracked 
| 137|0x0000000089500000, 0x0000000089600000, 0x0000000089600000|100%| O|  |TAMS 0x0000000089500000| PB 0x0000000089500000| Untracked 
| 138|0x0000000089600000, 0x0000000089700000, 0x0000000089700000|100%| O|  |TAMS 0x0000000089600000| PB 0x0000000089600000| Untracked 
| 139|0x0000000089700000, 0x0000000089800000, 0x0000000089800000|100%| O|  |TAMS 0x0000000089700000| PB 0x0000000089700000| Untracked 
| 140|0x0000000089800000, 0x0000000089900000, 0x0000000089900000|100%| O|  |TAMS 0x0000000089800000| PB 0x0000000089800000| Untracked 
| 141|0x0000000089900000, 0x0000000089a00000, 0x0000000089a00000|100%| O|  |TAMS 0x0000000089900000| PB 0x0000000089900000| Untracked 
| 142|0x0000000089a00000, 0x0000000089b00000, 0x0000000089b00000|100%| O|  |TAMS 0x0000000089a00000| PB 0x0000000089a00000| Untracked 
| 143|0x0000000089b00000, 0x0000000089c00000, 0x0000000089c00000|100%| O|  |TAMS 0x0000000089b00000| PB 0x0000000089b00000| Untracked 
| 144|0x0000000089c00000, 0x0000000089d00000, 0x0000000089d00000|100%| O|  |TAMS 0x0000000089c00000| PB 0x0000000089c00000| Untracked 
| 145|0x0000000089d00000, 0x0000000089e00000, 0x0000000089e00000|100%| O|  |TAMS 0x0000000089d00000| PB 0x0000000089d00000| Untracked 
| 146|0x0000000089e00000, 0x0000000089f00000, 0x0000000089f00000|100%| O|  |TAMS 0x0000000089e00000| PB 0x0000000089e00000| Untracked 
| 147|0x0000000089f00000, 0x000000008a000000, 0x000000008a000000|100%| O|  |TAMS 0x0000000089f00000| PB 0x0000000089f00000| Untracked 
| 148|0x000000008a000000, 0x000000008a100000, 0x000000008a100000|100%| O|  |TAMS 0x000000008a000000| PB 0x000000008a000000| Untracked 
| 149|0x000000008a100000, 0x000000008a200000, 0x000000008a200000|100%| O|  |TAMS 0x000000008a100000| PB 0x000000008a100000| Untracked 
| 150|0x000000008a200000, 0x000000008a300000, 0x000000008a300000|100%| O|  |TAMS 0x000000008a200000| PB 0x000000008a200000| Untracked 
| 151|0x000000008a300000, 0x000000008a400000, 0x000000008a400000|100%| O|  |TAMS 0x000000008a300000| PB 0x000000008a300000| Untracked 
| 152|0x000000008a400000, 0x000000008a500000, 0x000000008a500000|100%| O|  |TAMS 0x000000008a400000| PB 0x000000008a400000| Untracked 
| 153|0x000000008a500000, 0x000000008a600000, 0x000000008a600000|100%| O|  |TAMS 0x000000008a500000| PB 0x000000008a500000| Untracked 
| 154|0x000000008a600000, 0x000000008a700000, 0x000000008a700000|100%| O|  |TAMS 0x000000008a600000| PB 0x000000008a600000| Untracked 
| 155|0x000000008a700000, 0x000000008a800000, 0x000000008a800000|100%| O|  |TAMS 0x000000008a700000| PB 0x000000008a700000| Untracked 
| 156|0x000000008a800000, 0x000000008a900000, 0x000000008a900000|100%| O|  |TAMS 0x000000008a800000| PB 0x000000008a800000| Untracked 
| 157|0x000000008a900000, 0x000000008aa00000, 0x000000008aa00000|100%| O|  |TAMS 0x000000008a900000| PB 0x000000008a900000| Untracked 
| 158|0x000000008aa00000, 0x000000008ab00000, 0x000000008ab00000|100%| O|  |TAMS 0x000000008aa00000| PB 0x000000008aa00000| Untracked 
| 159|0x000000008ab00000, 0x000000008ac00000, 0x000000008ac00000|100%| O|  |TAMS 0x000000008ab00000| PB 0x000000008ab00000| Untracked 
| 160|0x000000008ac00000, 0x000000008ad00000, 0x000000008ad00000|100%| O|  |TAMS 0x000000008ac00000| PB 0x000000008ac00000| Untracked 
| 161|0x000000008ad00000, 0x000000008ae00000, 0x000000008ae00000|100%| O|  |TAMS 0x000000008ad00000| PB 0x000000008ad00000| Untracked 
| 162|0x000000008ae00000, 0x000000008af00000, 0x000000008af00000|100%| O|  |TAMS 0x000000008ae00000| PB 0x000000008ae00000| Untracked 
| 163|0x000000008af00000, 0x000000008b000000, 0x000000008b000000|100%| O|  |TAMS 0x000000008af00000| PB 0x000000008af00000| Untracked 
| 164|0x000000008b000000, 0x000000008b100000, 0x000000008b100000|100%| O|  |TAMS 0x000000008b000000| PB 0x000000008b000000| Untracked 
| 165|0x000000008b100000, 0x000000008b200000, 0x000000008b200000|100%| O|  |TAMS 0x000000008b100000| PB 0x000000008b100000| Untracked 
| 166|0x000000008b200000, 0x000000008b300000, 0x000000008b300000|100%| O|  |TAMS 0x000000008b200000| PB 0x000000008b200000| Untracked 
| 167|0x000000008b300000, 0x000000008b400000, 0x000000008b400000|100%| O|  |TAMS 0x000000008b300000| PB 0x000000008b300000| Untracked 
| 168|0x000000008b400000, 0x000000008b500000, 0x000000008b500000|100%| O|  |TAMS 0x000000008b400000| PB 0x000000008b400000| Untracked 
| 169|0x000000008b500000, 0x000000008b600000, 0x000000008b600000|100%| O|  |TAMS 0x000000008b500000| PB 0x000000008b500000| Untracked 
| 170|0x000000008b600000, 0x000000008b700000, 0x000000008b700000|100%| O|  |TAMS 0x000000008b600000| PB 0x000000008b600000| Untracked 
| 171|0x000000008b700000, 0x000000008b800000, 0x000000008b800000|100%| O|  |TAMS 0x000000008b700000| PB 0x000000008b700000| Untracked 
| 172|0x000000008b800000, 0x000000008b900000, 0x000000008b900000|100%| O|  |TAMS 0x000000008b800000| PB 0x000000008b800000| Untracked 
| 173|0x000000008b900000, 0x000000008ba00000, 0x000000008ba00000|100%| O|  |TAMS 0x000000008b900000| PB 0x000000008b900000| Untracked 
| 174|0x000000008ba00000, 0x000000008bb00000, 0x000000008bb00000|100%| O|  |TAMS 0x000000008ba00000| PB 0x000000008ba00000| Untracked 
| 175|0x000000008bb00000, 0x000000008bc00000, 0x000000008bc00000|100%| O|  |TAMS 0x000000008bb00000| PB 0x000000008bb00000| Untracked 
| 176|0x000000008bc00000, 0x000000008bd00000, 0x000000008bd00000|100%| O|  |TAMS 0x000000008bc00000| PB 0x000000008bc00000| Untracked 
| 177|0x000000008bd00000, 0x000000008be00000, 0x000000008be00000|100%| O|  |TAMS 0x000000008bd00000| PB 0x000000008bd00000| Untracked 
| 178|0x000000008be00000, 0x000000008bf00000, 0x000000008bf00000|100%| O|  |TAMS 0x000000008be00000| PB 0x000000008be00000| Untracked 
| 179|0x000000008bf00000, 0x000000008c000000, 0x000000008c000000|100%| O|  |TAMS 0x000000008bf00000| PB 0x000000008bf00000| Untracked 
| 180|0x000000008c000000, 0x000000008c100000, 0x000000008c100000|100%| O|  |TAMS 0x000000008c000000| PB 0x000000008c000000| Untracked 
| 181|0x000000008c100000, 0x000000008c200000, 0x000000008c200000|100%| O|  |TAMS 0x000000008c100000| PB 0x000000008c100000| Untracked 
| 182|0x000000008c200000, 0x000000008c300000, 0x000000008c300000|100%| O|  |TAMS 0x000000008c200000| PB 0x000000008c200000| Untracked 
| 183|0x000000008c300000, 0x000000008c400000, 0x000000008c400000|100%| O|  |TAMS 0x000000008c300000| PB 0x000000008c300000| Untracked 
| 184|0x000000008c400000, 0x000000008c500000, 0x000000008c500000|100%| O|  |TAMS 0x000000008c400000| PB 0x000000008c400000| Untracked 
| 185|0x000000008c500000, 0x000000008c600000, 0x000000008c600000|100%| O|  |TAMS 0x000000008c500000| PB 0x000000008c500000| Untracked 
| 186|0x000000008c600000, 0x000000008c700000, 0x000000008c700000|100%| O|  |TAMS 0x000000008c600000| PB 0x000000008c600000| Untracked 
| 187|0x000000008c700000, 0x000000008c800000, 0x000000008c800000|100%| O|  |TAMS 0x000000008c700000| PB 0x000000008c700000| Untracked 
| 188|0x000000008c800000, 0x000000008c900000, 0x000000008c900000|100%| O|  |TAMS 0x000000008c800000| PB 0x000000008c800000| Untracked 
| 189|0x000000008c900000, 0x000000008c900000, 0x000000008ca00000|  0%| F|  |TAMS 0x000000008c900000| PB 0x000000008c900000| Untracked 
| 190|0x000000008ca00000, 0x000000008ca00000, 0x000000008cb00000|  0%| F|  |TAMS 0x000000008ca00000| PB 0x000000008ca00000| Untracked 
| 191|0x000000008cb00000, 0x000000008cc00000, 0x000000008cc00000|100%| O|  |TAMS 0x000000008cb00000| PB 0x000000008cb00000| Untracked 
| 192|0x000000008cc00000, 0x000000008cd00000, 0x000000008cd00000|100%|HS|  |TAMS 0x000000008cc00000| PB 0x000000008cc00000| Complete 
| 193|0x000000008cd00000, 0x000000008ce00000, 0x000000008ce00000|100%|HC|  |TAMS 0x000000008cd00000| PB 0x000000008cd00000| Complete 
| 194|0x000000008ce00000, 0x000000008cf00000, 0x000000008cf00000|100%| O|  |TAMS 0x000000008ce00000| PB 0x000000008ce00000| Untracked 
| 195|0x000000008cf00000, 0x000000008d000000, 0x000000008d000000|100%| O|  |TAMS 0x000000008cf00000| PB 0x000000008cf00000| Untracked 
| 196|0x000000008d000000, 0x000000008d100000, 0x000000008d100000|100%| O|  |TAMS 0x000000008d000000| PB 0x000000008d000000| Untracked 
| 197|0x000000008d100000, 0x000000008d200000, 0x000000008d200000|100%| O|  |TAMS 0x000000008d100000| PB 0x000000008d100000| Untracked 
| 198|0x000000008d200000, 0x000000008d300000, 0x000000008d300000|100%| O|  |TAMS 0x000000008d200000| PB 0x000000008d200000| Untracked 
| 199|0x000000008d300000, 0x000000008d400000, 0x000000008d400000|100%| O|  |TAMS 0x000000008d300000| PB 0x000000008d300000| Untracked 
| 200|0x000000008d400000, 0x000000008d500000, 0x000000008d500000|100%| O|  |TAMS 0x000000008d400000| PB 0x000000008d400000| Untracked 
| 201|0x000000008d500000, 0x000000008d600000, 0x000000008d600000|100%| O|  |TAMS 0x000000008d500000| PB 0x000000008d500000| Untracked 
| 202|0x000000008d600000, 0x000000008d700000, 0x000000008d700000|100%| O|  |TAMS 0x000000008d600000| PB 0x000000008d600000| Untracked 
| 203|0x000000008d700000, 0x000000008d700000, 0x000000008d800000|  0%| F|  |TAMS 0x000000008d700000| PB 0x000000008d700000| Untracked 
| 204|0x000000008d800000, 0x000000008d900000, 0x000000008d900000|100%| O|  |TAMS 0x000000008d800000| PB 0x000000008d800000| Untracked 
| 205|0x000000008d900000, 0x000000008da00000, 0x000000008da00000|100%| O|  |TAMS 0x000000008d900000| PB 0x000000008d900000| Untracked 
| 206|0x000000008da00000, 0x000000008db00000, 0x000000008db00000|100%| O|  |TAMS 0x000000008da00000| PB 0x000000008da00000| Untracked 
| 207|0x000000008db00000, 0x000000008dc00000, 0x000000008dc00000|100%| O|  |TAMS 0x000000008db00000| PB 0x000000008db00000| Untracked 
| 208|0x000000008dc00000, 0x000000008dd00000, 0x000000008dd00000|100%| O|  |TAMS 0x000000008dc00000| PB 0x000000008dc00000| Untracked 
| 209|0x000000008dd00000, 0x000000008de00000, 0x000000008de00000|100%| O|  |TAMS 0x000000008dd00000| PB 0x000000008dd00000| Untracked 
| 210|0x000000008de00000, 0x000000008df00000, 0x000000008df00000|100%| O|  |TAMS 0x000000008de00000| PB 0x000000008de00000| Untracked 
| 211|0x000000008df00000, 0x000000008e000000, 0x000000008e000000|100%| O|  |TAMS 0x000000008df00000| PB 0x000000008df00000| Untracked 
| 212|0x000000008e000000, 0x000000008e100000, 0x000000008e100000|100%| O|  |TAMS 0x000000008e000000| PB 0x000000008e000000| Untracked 
| 213|0x000000008e100000, 0x000000008e200000, 0x000000008e200000|100%| O|  |TAMS 0x000000008e100000| PB 0x000000008e100000| Untracked 
| 214|0x000000008e200000, 0x000000008e300000, 0x000000008e300000|100%| O|  |TAMS 0x000000008e200000| PB 0x000000008e200000| Untracked 
| 215|0x000000008e300000, 0x000000008e400000, 0x000000008e400000|100%| O|  |TAMS 0x000000008e300000| PB 0x000000008e300000| Untracked 
| 216|0x000000008e400000, 0x000000008e500000, 0x000000008e500000|100%| O|  |TAMS 0x000000008e400000| PB 0x000000008e400000| Untracked 
| 217|0x000000008e500000, 0x000000008e600000, 0x000000008e600000|100%| O|  |TAMS 0x000000008e500000| PB 0x000000008e500000| Untracked 
| 218|0x000000008e600000, 0x000000008e700000, 0x000000008e700000|100%| O|  |TAMS 0x000000008e600000| PB 0x000000008e600000| Untracked 
| 219|0x000000008e700000, 0x000000008e800000, 0x000000008e800000|100%| O|  |TAMS 0x000000008e700000| PB 0x000000008e700000| Untracked 
| 220|0x000000008e800000, 0x000000008e900000, 0x000000008e900000|100%| O|  |TAMS 0x000000008e800000| PB 0x000000008e800000| Untracked 
| 221|0x000000008e900000, 0x000000008ea00000, 0x000000008ea00000|100%| O|  |TAMS 0x000000008e900000| PB 0x000000008e900000| Untracked 
| 222|0x000000008ea00000, 0x000000008eb00000, 0x000000008eb00000|100%| O|  |TAMS 0x000000008ea00000| PB 0x000000008ea00000| Untracked 
| 223|0x000000008eb00000, 0x000000008ec00000, 0x000000008ec00000|100%| O|  |TAMS 0x000000008eb00000| PB 0x000000008eb00000| Untracked 
| 224|0x000000008ec00000, 0x000000008ed00000, 0x000000008ed00000|100%| O|  |TAMS 0x000000008ec00000| PB 0x000000008ec00000| Untracked 
| 225|0x000000008ed00000, 0x000000008ee00000, 0x000000008ee00000|100%| O|  |TAMS 0x000000008ed00000| PB 0x000000008ed00000| Untracked 
| 226|0x000000008ee00000, 0x000000008ee00000, 0x000000008ef00000|  0%| F|  |TAMS 0x000000008ee00000| PB 0x000000008ee00000| Untracked 
| 227|0x000000008ef00000, 0x000000008ef00000, 0x000000008f000000|  0%| F|  |TAMS 0x000000008ef00000| PB 0x000000008ef00000| Untracked 
| 228|0x000000008f000000, 0x000000008f000000, 0x000000008f100000|  0%| F|  |TAMS 0x000000008f000000| PB 0x000000008f000000| Untracked 
| 229|0x000000008f100000, 0x000000008f100000, 0x000000008f200000|  0%| F|  |TAMS 0x000000008f100000| PB 0x000000008f100000| Untracked 
| 230|0x000000008f200000, 0x000000008f200000, 0x000000008f300000|  0%| F|  |TAMS 0x000000008f200000| PB 0x000000008f200000| Untracked 
| 231|0x000000008f300000, 0x000000008f300000, 0x000000008f400000|  0%| F|  |TAMS 0x000000008f300000| PB 0x000000008f300000| Untracked 
| 232|0x000000008f400000, 0x000000008f400000, 0x000000008f500000|  0%| F|  |TAMS 0x000000008f400000| PB 0x000000008f400000| Untracked 
| 233|0x000000008f500000, 0x000000008f500000, 0x000000008f600000|  0%| F|  |TAMS 0x000000008f500000| PB 0x000000008f500000| Untracked 
| 234|0x000000008f600000, 0x000000008f600000, 0x000000008f700000|  0%| F|  |TAMS 0x000000008f600000| PB 0x000000008f600000| Untracked 
| 235|0x000000008f700000, 0x000000008f700000, 0x000000008f800000|  0%| F|  |TAMS 0x000000008f700000| PB 0x000000008f700000| Untracked 
| 236|0x000000008f800000, 0x000000008f800000, 0x000000008f900000|  0%| F|  |TAMS 0x000000008f800000| PB 0x000000008f800000| Untracked 
| 237|0x000000008f900000, 0x000000008f900000, 0x000000008fa00000|  0%| F|  |TAMS 0x000000008f900000| PB 0x000000008f900000| Untracked 
| 238|0x000000008fa00000, 0x000000008fa00000, 0x000000008fb00000|  0%| F|  |TAMS 0x000000008fa00000| PB 0x000000008fa00000| Untracked 
| 239|0x000000008fb00000, 0x000000008fb00000, 0x000000008fc00000|  0%| F|  |TAMS 0x000000008fb00000| PB 0x000000008fb00000| Untracked 
| 240|0x000000008fc00000, 0x000000008fc00000, 0x000000008fd00000|  0%| F|  |TAMS 0x000000008fc00000| PB 0x000000008fc00000| Untracked 
| 241|0x000000008fd00000, 0x000000008fd00000, 0x000000008fe00000|  0%| F|  |TAMS 0x000000008fd00000| PB 0x000000008fd00000| Untracked 
| 242|0x000000008fe00000, 0x000000008fe00000, 0x000000008ff00000|  0%| F|  |TAMS 0x000000008fe00000| PB 0x000000008fe00000| Untracked 
| 243|0x000000008ff00000, 0x000000008ff00000, 0x0000000090000000|  0%| F|  |TAMS 0x000000008ff00000| PB 0x000000008ff00000| Untracked 
| 244|0x0000000090000000, 0x0000000090000000, 0x0000000090100000|  0%| F|  |TAMS 0x0000000090000000| PB 0x0000000090000000| Untracked 
| 245|0x0000000090100000, 0x0000000090100000, 0x0000000090200000|  0%| F|  |TAMS 0x0000000090100000| PB 0x0000000090100000| Untracked 
| 246|0x0000000090200000, 0x0000000090200000, 0x0000000090300000|  0%| F|  |TAMS 0x0000000090200000| PB 0x0000000090200000| Untracked 
| 247|0x0000000090300000, 0x0000000090300000, 0x0000000090400000|  0%| F|  |TAMS 0x0000000090300000| PB 0x0000000090300000| Untracked 
| 248|0x0000000090400000, 0x0000000090400000, 0x0000000090500000|  0%| F|  |TAMS 0x0000000090400000| PB 0x0000000090400000| Untracked 
| 249|0x0000000090500000, 0x0000000090500000, 0x0000000090600000|  0%| F|  |TAMS 0x0000000090500000| PB 0x0000000090500000| Untracked 
| 250|0x0000000090600000, 0x0000000090600000, 0x0000000090700000|  0%| F|  |TAMS 0x0000000090600000| PB 0x0000000090600000| Untracked 
| 251|0x0000000090700000, 0x0000000090700000, 0x0000000090800000|  0%| F|  |TAMS 0x0000000090700000| PB 0x0000000090700000| Untracked 
| 252|0x0000000090800000, 0x0000000090800000, 0x0000000090900000|  0%| F|  |TAMS 0x0000000090800000| PB 0x0000000090800000| Untracked 
| 253|0x0000000090900000, 0x0000000090900000, 0x0000000090a00000|  0%| F|  |TAMS 0x0000000090900000| PB 0x0000000090900000| Untracked 
| 254|0x0000000090a00000, 0x0000000090a00000, 0x0000000090b00000|  0%| F|  |TAMS 0x0000000090a00000| PB 0x0000000090a00000| Untracked 
| 255|0x0000000090b00000, 0x0000000090b00000, 0x0000000090c00000|  0%| F|  |TAMS 0x0000000090b00000| PB 0x0000000090b00000| Untracked 
| 256|0x0000000090c00000, 0x0000000090c00000, 0x0000000090d00000|  0%| F|  |TAMS 0x0000000090c00000| PB 0x0000000090c00000| Untracked 
| 257|0x0000000090d00000, 0x0000000090d00000, 0x0000000090e00000|  0%| F|  |TAMS 0x0000000090d00000| PB 0x0000000090d00000| Untracked 
| 258|0x0000000090e00000, 0x0000000090e00000, 0x0000000090f00000|  0%| F|  |TAMS 0x0000000090e00000| PB 0x0000000090e00000| Untracked 
| 259|0x0000000090f00000, 0x0000000090f00000, 0x0000000091000000|  0%| F|  |TAMS 0x0000000090f00000| PB 0x0000000090f00000| Untracked 
| 260|0x0000000091000000, 0x0000000091000000, 0x0000000091100000|  0%| F|  |TAMS 0x0000000091000000| PB 0x0000000091000000| Untracked 
| 261|0x0000000091100000, 0x0000000091100000, 0x0000000091200000|  0%| F|  |TAMS 0x0000000091100000| PB 0x0000000091100000| Untracked 
| 262|0x0000000091200000, 0x0000000091200000, 0x0000000091300000|  0%| F|  |TAMS 0x0000000091200000| PB 0x0000000091200000| Untracked 
| 263|0x0000000091300000, 0x0000000091300000, 0x0000000091400000|  0%| F|  |TAMS 0x0000000091300000| PB 0x0000000091300000| Untracked 
| 264|0x0000000091400000, 0x00000000914bf1f0, 0x0000000091500000| 74%| S|CS|TAMS 0x0000000091400000| PB 0x0000000091400000| Complete 
| 265|0x0000000091500000, 0x0000000091600000, 0x0000000091600000|100%| S|CS|TAMS 0x0000000091500000| PB 0x0000000091500000| Complete 
| 266|0x0000000091600000, 0x0000000091700000, 0x0000000091700000|100%| S|CS|TAMS 0x0000000091600000| PB 0x0000000091600000| Complete 
| 267|0x0000000091700000, 0x0000000091700000, 0x0000000091800000|  0%| F|  |TAMS 0x0000000091700000| PB 0x0000000091700000| Untracked 
| 268|0x0000000091800000, 0x0000000091800000, 0x0000000091900000|  0%| F|  |TAMS 0x0000000091800000| PB 0x0000000091800000| Untracked 
| 269|0x0000000091900000, 0x0000000091900000, 0x0000000091a00000|  0%| F|  |TAMS 0x0000000091900000| PB 0x0000000091900000| Untracked 
| 270|0x0000000091a00000, 0x0000000091a00000, 0x0000000091b00000|  0%| F|  |TAMS 0x0000000091a00000| PB 0x0000000091a00000| Untracked 
| 271|0x0000000091b00000, 0x0000000091b00000, 0x0000000091c00000|  0%| F|  |TAMS 0x0000000091b00000| PB 0x0000000091b00000| Untracked 
| 272|0x0000000091c00000, 0x0000000091c00000, 0x0000000091d00000|  0%| F|  |TAMS 0x0000000091c00000| PB 0x0000000091c00000| Untracked 
| 273|0x0000000091d00000, 0x0000000091d00000, 0x0000000091e00000|  0%| F|  |TAMS 0x0000000091d00000| PB 0x0000000091d00000| Untracked 
| 274|0x0000000091e00000, 0x0000000091e00000, 0x0000000091f00000|  0%| F|  |TAMS 0x0000000091e00000| PB 0x0000000091e00000| Untracked 
| 275|0x0000000091f00000, 0x0000000091f00000, 0x0000000092000000|  0%| F|  |TAMS 0x0000000091f00000| PB 0x0000000091f00000| Untracked 
| 276|0x0000000092000000, 0x0000000092000000, 0x0000000092100000|  0%| F|  |TAMS 0x0000000092000000| PB 0x0000000092000000| Untracked 
| 277|0x0000000092100000, 0x0000000092100000, 0x0000000092200000|  0%| F|  |TAMS 0x0000000092100000| PB 0x0000000092100000| Untracked 
| 278|0x0000000092200000, 0x0000000092200000, 0x0000000092300000|  0%| F|  |TAMS 0x0000000092200000| PB 0x0000000092200000| Untracked 
| 279|0x0000000092300000, 0x0000000092300000, 0x0000000092400000|  0%| F|  |TAMS 0x0000000092300000| PB 0x0000000092300000| Untracked 
| 280|0x0000000092400000, 0x0000000092400000, 0x0000000092500000|  0%| F|  |TAMS 0x0000000092400000| PB 0x0000000092400000| Untracked 
| 281|0x0000000092500000, 0x0000000092500000, 0x0000000092600000|  0%| F|  |TAMS 0x0000000092500000| PB 0x0000000092500000| Untracked 
| 282|0x0000000092600000, 0x0000000092600000, 0x0000000092700000|  0%| F|  |TAMS 0x0000000092600000| PB 0x0000000092600000| Untracked 
| 283|0x0000000092700000, 0x0000000092700000, 0x0000000092800000|  0%| F|  |TAMS 0x0000000092700000| PB 0x0000000092700000| Untracked 
| 284|0x0000000092800000, 0x0000000092800000, 0x0000000092900000|  0%| F|  |TAMS 0x0000000092800000| PB 0x0000000092800000| Untracked 
| 285|0x0000000092900000, 0x0000000092900000, 0x0000000092a00000|  0%| F|  |TAMS 0x0000000092900000| PB 0x0000000092900000| Untracked 
| 286|0x0000000092a00000, 0x0000000092a00000, 0x0000000092b00000|  0%| F|  |TAMS 0x0000000092a00000| PB 0x0000000092a00000| Untracked 
| 287|0x0000000092b00000, 0x0000000092b00000, 0x0000000092c00000|  0%| F|  |TAMS 0x0000000092b00000| PB 0x0000000092b00000| Untracked 
| 288|0x0000000092c00000, 0x0000000092c00000, 0x0000000092d00000|  0%| F|  |TAMS 0x0000000092c00000| PB 0x0000000092c00000| Untracked 
| 289|0x0000000092d00000, 0x0000000092d00000, 0x0000000092e00000|  0%| F|  |TAMS 0x0000000092d00000| PB 0x0000000092d00000| Untracked 
| 290|0x0000000092e00000, 0x0000000092e00000, 0x0000000092f00000|  0%| F|  |TAMS 0x0000000092e00000| PB 0x0000000092e00000| Untracked 
| 291|0x0000000092f00000, 0x0000000092f00000, 0x0000000093000000|  0%| F|  |TAMS 0x0000000092f00000| PB 0x0000000092f00000| Untracked 
| 292|0x0000000093000000, 0x0000000093000000, 0x0000000093100000|  0%| F|  |TAMS 0x0000000093000000| PB 0x0000000093000000| Untracked 
| 293|0x0000000093100000, 0x0000000093100000, 0x0000000093200000|  0%| F|  |TAMS 0x0000000093100000| PB 0x0000000093100000| Untracked 
| 294|0x0000000093200000, 0x0000000093200000, 0x0000000093300000|  0%| F|  |TAMS 0x0000000093200000| PB 0x0000000093200000| Untracked 
| 295|0x0000000093300000, 0x0000000093300000, 0x0000000093400000|  0%| F|  |TAMS 0x0000000093300000| PB 0x0000000093300000| Untracked 
| 296|0x0000000093400000, 0x0000000093400000, 0x0000000093500000|  0%| F|  |TAMS 0x0000000093400000| PB 0x0000000093400000| Untracked 
| 297|0x0000000093500000, 0x0000000093500000, 0x0000000093600000|  0%| F|  |TAMS 0x0000000093500000| PB 0x0000000093500000| Untracked 
| 298|0x0000000093600000, 0x0000000093600000, 0x0000000093700000|  0%| F|  |TAMS 0x0000000093600000| PB 0x0000000093600000| Untracked 
| 299|0x0000000093700000, 0x0000000093700000, 0x0000000093800000|  0%| F|  |TAMS 0x0000000093700000| PB 0x0000000093700000| Untracked 
| 300|0x0000000093800000, 0x0000000093800000, 0x0000000093900000|  0%| F|  |TAMS 0x0000000093800000| PB 0x0000000093800000| Untracked 
| 301|0x0000000093900000, 0x0000000093900000, 0x0000000093a00000|  0%| F|  |TAMS 0x0000000093900000| PB 0x0000000093900000| Untracked 
| 302|0x0000000093a00000, 0x0000000093a00000, 0x0000000093b00000|  0%| F|  |TAMS 0x0000000093a00000| PB 0x0000000093a00000| Untracked 
| 303|0x0000000093b00000, 0x0000000093b00000, 0x0000000093c00000|  0%| F|  |TAMS 0x0000000093b00000| PB 0x0000000093b00000| Untracked 
| 304|0x0000000093c00000, 0x0000000093c00000, 0x0000000093d00000|  0%| F|  |TAMS 0x0000000093c00000| PB 0x0000000093c00000| Untracked 
| 305|0x0000000093d00000, 0x0000000093d00000, 0x0000000093e00000|  0%| F|  |TAMS 0x0000000093d00000| PB 0x0000000093d00000| Untracked 
| 306|0x0000000093e00000, 0x0000000093e00000, 0x0000000093f00000|  0%| F|  |TAMS 0x0000000093e00000| PB 0x0000000093e00000| Untracked 
| 307|0x0000000093f00000, 0x0000000093f00000, 0x0000000094000000|  0%| F|  |TAMS 0x0000000093f00000| PB 0x0000000093f00000| Untracked 
| 308|0x0000000094000000, 0x0000000094000000, 0x0000000094100000|  0%| F|  |TAMS 0x0000000094000000| PB 0x0000000094000000| Untracked 
| 309|0x0000000094100000, 0x0000000094100000, 0x0000000094200000|  0%| F|  |TAMS 0x0000000094100000| PB 0x0000000094100000| Untracked 
| 310|0x0000000094200000, 0x0000000094200000, 0x0000000094300000|  0%| F|  |TAMS 0x0000000094200000| PB 0x0000000094200000| Untracked 
| 311|0x0000000094300000, 0x0000000094300000, 0x0000000094400000|  0%| F|  |TAMS 0x0000000094300000| PB 0x0000000094300000| Untracked 
| 312|0x0000000094400000, 0x0000000094400000, 0x0000000094500000|  0%| F|  |TAMS 0x0000000094400000| PB 0x0000000094400000| Untracked 
| 313|0x0000000094500000, 0x0000000094500000, 0x0000000094600000|  0%| F|  |TAMS 0x0000000094500000| PB 0x0000000094500000| Untracked 
| 314|0x0000000094600000, 0x0000000094600000, 0x0000000094700000|  0%| F|  |TAMS 0x0000000094600000| PB 0x0000000094600000| Untracked 
| 315|0x0000000094700000, 0x0000000094700000, 0x0000000094800000|  0%| F|  |TAMS 0x0000000094700000| PB 0x0000000094700000| Untracked 
| 316|0x0000000094800000, 0x0000000094800000, 0x0000000094900000|  0%| F|  |TAMS 0x0000000094800000| PB 0x0000000094800000| Untracked 
| 317|0x0000000094900000, 0x0000000094900000, 0x0000000094a00000|  0%| F|  |TAMS 0x0000000094900000| PB 0x0000000094900000| Untracked 
| 318|0x0000000094a00000, 0x0000000094a00000, 0x0000000094b00000|  0%| F|  |TAMS 0x0000000094a00000| PB 0x0000000094a00000| Untracked 
| 319|0x0000000094b00000, 0x0000000094b00000, 0x0000000094c00000|  0%| F|  |TAMS 0x0000000094b00000| PB 0x0000000094b00000| Untracked 
| 320|0x0000000094c00000, 0x0000000094c00000, 0x0000000094d00000|  0%| F|  |TAMS 0x0000000094c00000| PB 0x0000000094c00000| Untracked 
| 321|0x0000000094d00000, 0x0000000094d00000, 0x0000000094e00000|  0%| F|  |TAMS 0x0000000094d00000| PB 0x0000000094d00000| Untracked 
| 322|0x0000000094e00000, 0x0000000094e00000, 0x0000000094f00000|  0%| F|  |TAMS 0x0000000094e00000| PB 0x0000000094e00000| Untracked 
| 323|0x0000000094f00000, 0x0000000094f00000, 0x0000000095000000|  0%| F|  |TAMS 0x0000000094f00000| PB 0x0000000094f00000| Untracked 
| 324|0x0000000095000000, 0x0000000095000000, 0x0000000095100000|  0%| F|  |TAMS 0x0000000095000000| PB 0x0000000095000000| Untracked 
| 325|0x0000000095100000, 0x0000000095100000, 0x0000000095200000|  0%| F|  |TAMS 0x0000000095100000| PB 0x0000000095100000| Untracked 
| 326|0x0000000095200000, 0x0000000095200000, 0x0000000095300000|  0%| F|  |TAMS 0x0000000095200000| PB 0x0000000095200000| Untracked 
| 327|0x0000000095300000, 0x0000000095300000, 0x0000000095400000|  0%| F|  |TAMS 0x0000000095300000| PB 0x0000000095300000| Untracked 
| 328|0x0000000095400000, 0x0000000095400000, 0x0000000095500000|  0%| F|  |TAMS 0x0000000095400000| PB 0x0000000095400000| Untracked 
| 329|0x0000000095500000, 0x0000000095500000, 0x0000000095600000|  0%| F|  |TAMS 0x0000000095500000| PB 0x0000000095500000| Untracked 
| 330|0x0000000095600000, 0x0000000095600000, 0x0000000095700000|  0%| F|  |TAMS 0x0000000095600000| PB 0x0000000095600000| Untracked 
| 331|0x0000000095700000, 0x0000000095700000, 0x0000000095800000|  0%| F|  |TAMS 0x0000000095700000| PB 0x0000000095700000| Untracked 
| 332|0x0000000095800000, 0x0000000095800000, 0x0000000095900000|  0%| F|  |TAMS 0x0000000095800000| PB 0x0000000095800000| Untracked 
| 333|0x0000000095900000, 0x0000000095900000, 0x0000000095a00000|  0%| F|  |TAMS 0x0000000095900000| PB 0x0000000095900000| Untracked 
| 334|0x0000000095a00000, 0x0000000095a00000, 0x0000000095b00000|  0%| F|  |TAMS 0x0000000095a00000| PB 0x0000000095a00000| Untracked 
| 335|0x0000000095b00000, 0x0000000095b00000, 0x0000000095c00000|  0%| F|  |TAMS 0x0000000095b00000| PB 0x0000000095b00000| Untracked 
| 336|0x0000000095c00000, 0x0000000095c00000, 0x0000000095d00000|  0%| F|  |TAMS 0x0000000095c00000| PB 0x0000000095c00000| Untracked 
| 337|0x0000000095d00000, 0x0000000095d00000, 0x0000000095e00000|  0%| F|  |TAMS 0x0000000095d00000| PB 0x0000000095d00000| Untracked 
| 338|0x0000000095e00000, 0x0000000095e00000, 0x0000000095f00000|  0%| F|  |TAMS 0x0000000095e00000| PB 0x0000000095e00000| Untracked 
| 339|0x0000000095f00000, 0x0000000095f00000, 0x0000000096000000|  0%| F|  |TAMS 0x0000000095f00000| PB 0x0000000095f00000| Untracked 
| 340|0x0000000096000000, 0x0000000096000000, 0x0000000096100000|  0%| F|  |TAMS 0x0000000096000000| PB 0x0000000096000000| Untracked 
| 341|0x0000000096100000, 0x0000000096100000, 0x0000000096200000|  0%| F|  |TAMS 0x0000000096100000| PB 0x0000000096100000| Untracked 
| 342|0x0000000096200000, 0x0000000096200000, 0x0000000096300000|  0%| F|  |TAMS 0x0000000096200000| PB 0x0000000096200000| Untracked 
| 343|0x0000000096300000, 0x0000000096300000, 0x0000000096400000|  0%| F|  |TAMS 0x0000000096300000| PB 0x0000000096300000| Untracked 
| 344|0x0000000096400000, 0x0000000096400000, 0x0000000096500000|  0%| F|  |TAMS 0x0000000096400000| PB 0x0000000096400000| Untracked 
| 345|0x0000000096500000, 0x0000000096500000, 0x0000000096600000|  0%| F|  |TAMS 0x0000000096500000| PB 0x0000000096500000| Untracked 
| 346|0x0000000096600000, 0x0000000096600000, 0x0000000096700000|  0%| F|  |TAMS 0x0000000096600000| PB 0x0000000096600000| Untracked 
| 347|0x0000000096700000, 0x0000000096700000, 0x0000000096800000|  0%| F|  |TAMS 0x0000000096700000| PB 0x0000000096700000| Untracked 
| 348|0x0000000096800000, 0x0000000096800000, 0x0000000096900000|  0%| F|  |TAMS 0x0000000096800000| PB 0x0000000096800000| Untracked 
| 349|0x0000000096900000, 0x0000000096900000, 0x0000000096a00000|  0%| F|  |TAMS 0x0000000096900000| PB 0x0000000096900000| Untracked 
| 350|0x0000000096a00000, 0x0000000096a00000, 0x0000000096b00000|  0%| F|  |TAMS 0x0000000096a00000| PB 0x0000000096a00000| Untracked 
| 351|0x0000000096b00000, 0x0000000096b00000, 0x0000000096c00000|  0%| F|  |TAMS 0x0000000096b00000| PB 0x0000000096b00000| Untracked 
| 352|0x0000000096c00000, 0x0000000096c00000, 0x0000000096d00000|  0%| F|  |TAMS 0x0000000096c00000| PB 0x0000000096c00000| Untracked 
| 353|0x0000000096d00000, 0x0000000096d00000, 0x0000000096e00000|  0%| F|  |TAMS 0x0000000096d00000| PB 0x0000000096d00000| Untracked 
| 354|0x0000000096e00000, 0x0000000096e00000, 0x0000000096f00000|  0%| F|  |TAMS 0x0000000096e00000| PB 0x0000000096e00000| Untracked 
| 355|0x0000000096f00000, 0x0000000096f00000, 0x0000000097000000|  0%| F|  |TAMS 0x0000000096f00000| PB 0x0000000096f00000| Untracked 
| 356|0x0000000097000000, 0x0000000097000000, 0x0000000097100000|  0%| F|  |TAMS 0x0000000097000000| PB 0x0000000097000000| Untracked 
| 357|0x0000000097100000, 0x0000000097100000, 0x0000000097200000|  0%| F|  |TAMS 0x0000000097100000| PB 0x0000000097100000| Untracked 
| 358|0x0000000097200000, 0x0000000097200000, 0x0000000097300000|  0%| F|  |TAMS 0x0000000097200000| PB 0x0000000097200000| Untracked 
| 359|0x0000000097300000, 0x0000000097300000, 0x0000000097400000|  0%| F|  |TAMS 0x0000000097300000| PB 0x0000000097300000| Untracked 
| 360|0x0000000097400000, 0x0000000097400000, 0x0000000097500000|  0%| F|  |TAMS 0x0000000097400000| PB 0x0000000097400000| Untracked 
| 361|0x0000000097500000, 0x0000000097500000, 0x0000000097600000|  0%| F|  |TAMS 0x0000000097500000| PB 0x0000000097500000| Untracked 
| 362|0x0000000097600000, 0x0000000097600000, 0x0000000097700000|  0%| F|  |TAMS 0x0000000097600000| PB 0x0000000097600000| Untracked 
| 363|0x0000000097700000, 0x0000000097700000, 0x0000000097800000|  0%| F|  |TAMS 0x0000000097700000| PB 0x0000000097700000| Untracked 
| 364|0x0000000097800000, 0x0000000097800000, 0x0000000097900000|  0%| F|  |TAMS 0x0000000097800000| PB 0x0000000097800000| Untracked 
| 365|0x0000000097900000, 0x0000000097900000, 0x0000000097a00000|  0%| F|  |TAMS 0x0000000097900000| PB 0x0000000097900000| Untracked 
| 366|0x0000000097a00000, 0x0000000097a00000, 0x0000000097b00000|  0%| F|  |TAMS 0x0000000097a00000| PB 0x0000000097a00000| Untracked 
| 367|0x0000000097b00000, 0x0000000097b00000, 0x0000000097c00000|  0%| F|  |TAMS 0x0000000097b00000| PB 0x0000000097b00000| Untracked 
| 368|0x0000000097c00000, 0x0000000097c00000, 0x0000000097d00000|  0%| F|  |TAMS 0x0000000097c00000| PB 0x0000000097c00000| Untracked 
| 369|0x0000000097d00000, 0x0000000097d00000, 0x0000000097e00000|  0%| F|  |TAMS 0x0000000097d00000| PB 0x0000000097d00000| Untracked 
| 370|0x0000000097e00000, 0x0000000097e00000, 0x0000000097f00000|  0%| F|  |TAMS 0x0000000097e00000| PB 0x0000000097e00000| Untracked 
| 371|0x0000000097f00000, 0x0000000097f00000, 0x0000000098000000|  0%| F|  |TAMS 0x0000000097f00000| PB 0x0000000097f00000| Untracked 
| 372|0x0000000098000000, 0x0000000098000000, 0x0000000098100000|  0%| F|  |TAMS 0x0000000098000000| PB 0x0000000098000000| Untracked 
|2034|0x00000000ffe00000, 0x00000000fff00000, 0x00000000fff00000|100%| O|  |TAMS 0x00000000ffe00000| PB 0x00000000ffe00000| Untracked 
|2035|0x00000000fff00000, 0x00000000fff00000, 0x0000000100000000|  0%| F|  |TAMS 0x00000000fff00000| PB 0x00000000fff00000| Untracked 

Card table byte_map: [0x000002723f1a0000,0x000002723f5a0000] _byte_map_base: 0x000002723ed9a000

Marking Bits: (CMBitMap*) 0x000002722772d7d0
 Bits: [0x000002723f5a0000, 0x0000027241570000)

Polling page: 0x0000027226c90000

Metaspace:

Usage:
  Non-class:     76.21 MB used.
      Class:      8.88 MB used.
       Both:     85.09 MB used.

Virtual space:
  Non-class space:      128.00 MB reserved,      76.44 MB ( 60%) committed,  2 nodes.
      Class space:        1.00 GB reserved,       9.06 MB ( <1%) committed,  1 nodes.
             Both:        1.12 GB reserved,      85.50 MB (  7%) committed. 

Chunk freelists:
   Non-Class:  3.14 MB
       Class:  6.89 MB
        Both:  10.03 MB

MaxMetaspaceSize: unlimited
CompressedClassSpaceSize: 1.00 GB
Initial GC threshold: 21.00 MB
Current GC threshold: 139.38 MB
CDS: on
 - commit_granule_bytes: 65536.
 - commit_granule_words: 8192.
 - virtual_space_node_default_size: 8388608.
 - enlarge_chunks_in_place: 1.
 - use_allocation_guard: 0.


Internal statistics:

num_allocs_failed_limit: 6.
num_arena_births: 444.
num_arena_deaths: 0.
num_vsnodes_births: 3.
num_vsnodes_deaths: 0.
num_space_committed: 1366.
num_space_uncommitted: 0.
num_chunks_returned_to_freelist: 6.
num_chunks_taken_from_freelist: 3475.
num_chunk_merges: 3.
num_chunk_splits: 2883.
num_chunks_enlarged: 2598.
num_inconsistent_stats: 0.

CodeHeap 'non-profiled nmethods': size=120000Kb used=12209Kb max_used=12209Kb free=107791Kb
 bounds [0x0000027237870000, 0x0000027238460000, 0x000002723eda0000]
CodeHeap 'profiled nmethods': size=120000Kb used=54443Kb max_used=54443Kb free=65556Kb
 bounds [0x000002722fda0000, 0x0000027233320000, 0x00000272372d0000]
CodeHeap 'non-nmethods': size=5760Kb used=1858Kb max_used=1911Kb free=3901Kb
 bounds [0x00000272372d0000, 0x0000027237540000, 0x0000027237870000]
CodeCache: size=245760Kb, used=68510Kb, max_used=68563Kb, free=177248Kb
 total_blobs=16000, nmethods=15172, adapters=728, full_count=0
Compilation: enabled, stopped_count=0, restarted_count=0

Compilation events (20 events):
Event: 55.133 Thread 0x0000027243ad33a0 20451       4       org.jetbrains.kotlin.ir.util.TransformKt::replaceInPlace (125 bytes)
Event: 55.137 Thread 0x0000027243ad33a0 nmethod 20451 0x0000027238449c10 code [0x0000027238449e20, 0x000002723844a128]
Event: 55.138 Thread 0x0000027243ad33a0 20449       4       org.jetbrains.kotlin.backend.jvm.MemoizedValueClassAbstractReplacements::getReplacementFunction (20 bytes)
Event: 55.139 Thread 0x0000027243ad5a50 20477       3       org.jetbrains.kotlin.ir.util.DeepCopySymbolRemapper::visitExpression (6 bytes)
Event: 55.139 Thread 0x0000027243ad33a0 nmethod 20449 0x000002723844a490 code [0x000002723844a640, 0x000002723844a7c8]
Event: 55.139 Thread 0x0000027243ad33a0 20376       4       org.jetbrains.kotlin.ir.util.IrUtilsKt::allOverridden$default (14 bytes)
Event: 55.140 Thread 0x0000027243ad5a50 nmethod 20477 0x0000027233314690 code [0x00000272333149c0, 0x00000272333159c0]
Event: 55.143 Thread 0x00000272897dca30 nmethod 20407 0x000002723844a910 code [0x000002723844b140, 0x00000272384511d0]
Event: 55.144 Thread 0x00000272897dca30 20394       4       org.jetbrains.kotlin.storage.DefaultSimpleLock::unlock (10 bytes)
Event: 55.147 Thread 0x00000272897dca30 nmethod 20394 0x0000027238459890 code [0x0000027238459a40, 0x0000027238459c60]
Event: 55.147 Thread 0x00000272897dca30 20384       4       org.jetbrains.kotlin.ir.visitors.IrElementTransformerVoid::<init> (5 bytes)
Event: 55.147 Thread 0x00000272897dca30 nmethod 20384 0x0000027238459e10 code [0x0000027238459fa0, 0x000002723845a028]
Event: 55.147 Thread 0x00000272897dca30 20427       4       org.jetbrains.kotlin.backend.common.lower.InventNamesForLocalClasses$NameInventor::visitDeclaration (261 bytes)
Event: 55.154 Thread 0x0000027243ad33a0 nmethod 20376 0x000002723845a110 code [0x000002723845a360, 0x000002723845af18]
Event: 55.154 Thread 0x0000027243ad33a0 20428       4       org.jetbrains.kotlin.backend.common.lower.InventNamesForLocalClasses$NameBuilder::<init> (78 bytes)
Event: 55.157 Thread 0x0000027243ad33a0 nmethod 20428 0x000002723845b610 code [0x000002723845b7c0, 0x000002723845bb78]
Event: 55.157 Thread 0x0000027243ad33a0 20429       4       org.jetbrains.kotlin.backend.common.lower.InventNamesForLocalClasses$NameBuilder::append (22 bytes)
Event: 55.158 Thread 0x0000027243ad33a0 nmethod 20429 0x000002723845bd90 code [0x000002723845bf20, 0x000002723845c050]
Event: 55.158 Thread 0x0000027243ad33a0 20365       4       org.jetbrains.kotlin.ir.util.IrUtilsKt$special$$inlined$filterIsInstance$1::invoke (6 bytes)
Event: 55.159 Thread 0x0000027243ad33a0 nmethod 20365 0x000002723845c110 code [0x000002723845c2a0, 0x000002723845c378]

GC Heap History (20 events):
Event: 40.229 GC heap after
{Heap after GC invocations=34 (full 0):
 garbage-first heap   total 232448K, used 147456K [0x0000000080c00000, 0x0000000100000000)
  region size 1024K, 7 young (7168K), 7 survivors (7168K)
 Metaspace       used 68503K, committed 68928K, reserved 1114112K
  class space    used 7538K, committed 7744K, reserved 1048576K
}
Event: 43.271 GC heap before
{Heap before GC invocations=34 (full 0):
 garbage-first heap   total 232448K, used 208896K [0x0000000080c00000, 0x0000000100000000)
  region size 1024K, 68 young (69632K), 7 survivors (7168K)
 Metaspace       used 75326K, committed 75712K, reserved 1179648K
  class space    used 8127K, committed 8320K, reserved 1048576K
}
Event: 43.298 GC heap after
{Heap after GC invocations=35 (full 0):
 garbage-first heap   total 232448K, used 157184K [0x0000000080c00000, 0x0000000100000000)
  region size 1024K, 9 young (9216K), 9 survivors (9216K)
 Metaspace       used 75326K, committed 75712K, reserved 1179648K
  class space    used 8127K, committed 8320K, reserved 1048576K
}
Event: 44.128 GC heap before
{Heap before GC invocations=35 (full 0):
 garbage-first heap   total 232448K, used 210432K [0x0000000080c00000, 0x0000000100000000)
  region size 1024K, 61 young (62464K), 9 survivors (9216K)
 Metaspace       used 75411K, committed 75776K, reserved 1179648K
  class space    used 8127K, committed 8320K, reserved 1048576K
}
Event: 44.160 GC heap after
{Heap after GC invocations=36 (full 0):
 garbage-first heap   total 234496K, used 171520K [0x0000000080c00000, 0x0000000100000000)
  region size 1024K, 8 young (8192K), 8 survivors (8192K)
 Metaspace       used 75411K, committed 75776K, reserved 1179648K
  class space    used 8127K, committed 8320K, reserved 1048576K
}
Event: 44.894 GC heap before
{Heap before GC invocations=37 (full 0):
 garbage-first heap   total 286720K, used 211456K [0x0000000080c00000, 0x0000000100000000)
  region size 1024K, 47 young (48128K), 8 survivors (8192K)
 Metaspace       used 75415K, committed 75776K, reserved 1179648K
  class space    used 8127K, committed 8320K, reserved 1048576K
}
Event: 44.912 GC heap after
{Heap after GC invocations=38 (full 0):
 garbage-first heap   total 286720K, used 183808K [0x0000000080c00000, 0x0000000100000000)
  region size 1024K, 6 young (6144K), 6 survivors (6144K)
 Metaspace       used 75415K, committed 75776K, reserved 1179648K
  class space    used 8127K, committed 8320K, reserved 1048576K
}
Event: 46.728 GC heap before
{Heap before GC invocations=38 (full 0):
 garbage-first heap   total 286720K, used 250368K [0x0000000080c00000, 0x0000000100000000)
  region size 1024K, 71 young (72704K), 6 survivors (6144K)
 Metaspace       used 76804K, committed 77184K, reserved 1179648K
  class space    used 8215K, committed 8384K, reserved 1048576K
}
Event: 46.753 GC heap after
{Heap after GC invocations=39 (full 0):
 garbage-first heap   total 286720K, used 196608K [0x0000000080c00000, 0x0000000100000000)
  region size 1024K, 9 young (9216K), 9 survivors (9216K)
 Metaspace       used 76804K, committed 77184K, reserved 1179648K
  class space    used 8215K, committed 8384K, reserved 1048576K
}
Event: 47.113 GC heap before
{Heap before GC invocations=39 (full 0):
 garbage-first heap   total 286720K, used 253952K [0x0000000080c00000, 0x0000000100000000)
  region size 1024K, 65 young (66560K), 9 survivors (9216K)
 Metaspace       used 76853K, committed 77248K, reserved 1179648K
  class space    used 8215K, committed 8384K, reserved 1048576K
}
Event: 47.124 GC heap after
{Heap after GC invocations=40 (full 0):
 garbage-first heap   total 286720K, used 199085K [0x0000000080c00000, 0x0000000100000000)
  region size 1024K, 2 young (2048K), 2 survivors (2048K)
 Metaspace       used 76853K, committed 77248K, reserved 1179648K
  class space    used 8215K, committed 8384K, reserved 1048576K
}
Event: 48.005 GC heap before
{Heap before GC invocations=41 (full 0):
 garbage-first heap   total 332800K, used 261549K [0x0000000080c00000, 0x0000000100000000)
  region size 1024K, 60 young (61440K), 2 survivors (2048K)
 Metaspace       used 77202K, committed 77632K, reserved 1179648K
  class space    used 8238K, committed 8448K, reserved 1048576K
}
Event: 48.016 GC heap after
{Heap after GC invocations=42 (full 0):
 garbage-first heap   total 332800K, used 208732K [0x0000000080c00000, 0x0000000100000000)
  region size 1024K, 8 young (8192K), 8 survivors (8192K)
 Metaspace       used 77202K, committed 77632K, reserved 1179648K
  class space    used 8238K, committed 8448K, reserved 1048576K
}
Event: 49.786 GC heap before
{Heap before GC invocations=42 (full 0):
 garbage-first heap   total 332800K, used 296796K [0x0000000080c00000, 0x0000000100000000)
  region size 1024K, 94 young (96256K), 8 survivors (8192K)
 Metaspace       used 80762K, committed 81152K, reserved 1179648K
  class space    used 8582K, committed 8768K, reserved 1048576K
}
Event: 49.811 GC heap after
{Heap after GC invocations=43 (full 0):
 garbage-first heap   total 332800K, used 217848K [0x0000000080c00000, 0x0000000100000000)
  region size 1024K, 11 young (11264K), 11 survivors (11264K)
 Metaspace       used 80762K, committed 81152K, reserved 1179648K
  class space    used 8582K, committed 8768K, reserved 1048576K
}
Event: 52.269 GC heap before
{Heap before GC invocations=43 (full 0):
 garbage-first heap   total 332800K, used 296696K [0x0000000080c00000, 0x0000000100000000)
  region size 1024K, 88 young (90112K), 11 survivors (11264K)
 Metaspace       used 84103K, committed 84544K, reserved 1179648K
  class space    used 8870K, committed 9088K, reserved 1048576K
}
Event: 52.321 GC heap after
{Heap after GC invocations=44 (full 0):
 garbage-first heap   total 332800K, used 230792K [0x0000000080c00000, 0x0000000100000000)
  region size 1024K, 11 young (11264K), 11 survivors (11264K)
 Metaspace       used 84103K, committed 84544K, reserved 1179648K
  class space    used 8870K, committed 9088K, reserved 1048576K
}
Event: 53.182 GC heap before
{Heap before GC invocations=45 (full 0):
 garbage-first heap   total 384000K, used 299400K [0x0000000080c00000, 0x0000000100000000)
  region size 1024K, 79 young (80896K), 11 survivors (11264K)
 Metaspace       used 85426K, committed 85888K, reserved 1179648K
  class space    used 8956K, committed 9152K, reserved 1048576K
}
Event: 53.199 GC heap after
{Heap after GC invocations=46 (full 0):
 garbage-first heap   total 384000K, used 233024K [0x0000000080c00000, 0x0000000100000000)
  region size 1024K, 3 young (3072K), 3 survivors (3072K)
 Metaspace       used 85426K, committed 85888K, reserved 1179648K
  class space    used 8956K, committed 9152K, reserved 1048576K
}
Event: 55.163 GC heap before
{Heap before GC invocations=46 (full 0):
 garbage-first heap   total 384000K, used 338496K [0x0000000080c00000, 0x0000000100000000)
  region size 1024K, 106 young (108544K), 3 survivors (3072K)
 Metaspace       used 87135K, committed 87552K, reserved 1179648K
  class space    used 9093K, committed 9280K, reserved 1048576K
}

Dll operation events (7 events):
Event: 0.094 Loaded shared library C:\Users\Neki_play\.jdks\ms-21.0.8\bin\java.dll
Event: 0.418 Loaded shared library C:\Users\Neki_play\.jdks\ms-21.0.8\bin\jsvml.dll
Event: 0.811 Loaded shared library C:\Users\Neki_play\.jdks\ms-21.0.8\bin\net.dll
Event: 0.813 Loaded shared library C:\Users\Neki_play\.jdks\ms-21.0.8\bin\nio.dll
Event: 0.902 Loaded shared library C:\Users\Neki_play\.jdks\ms-21.0.8\bin\zip.dll
Event: 1.165 Loaded shared library C:\Users\Neki_play\.jdks\ms-21.0.8\bin\jimage.dll
Event: 6.505 Loaded shared library C:\Users\Neki_play\.jdks\ms-21.0.8\bin\verify.dll

Deoptimization events (20 events):
Event: 55.031 Thread 0x0000027225318c10 Uncommon trap: trap_request=0xffffffde fr.pc=0x00000272383dae2c relative=0x0000000000002f2c
Event: 55.031 Thread 0x0000027225318c10 Uncommon trap: reason=class_check action=maybe_recompile pc=0x00000272383dae2c method=org.jetbrains.kotlin.ir.util.IrFakeOverrideUtilsKt.collectRealOverrides(Lorg/jetbrains/kotlin/ir/declarations/IrOverridableDeclaration;Lkotlin/jvm/functions/Function1;Lk
Event: 55.031 Thread 0x0000027225318c10 DEOPT PACKING pc=0x00000272383dae2c sp=0x000000fdf0bfc0a0
Event: 55.031 Thread 0x0000027225318c10 DEOPT UNPACKING pc=0x00000272373246a2 sp=0x000000fdf0bfc058 mode 2
Event: 55.031 Thread 0x0000027225318c10 Uncommon trap: trap_request=0xffffffde fr.pc=0x00000272383d60ac relative=0x000000000000232c
Event: 55.031 Thread 0x0000027225318c10 Uncommon trap: reason=class_check action=maybe_recompile pc=0x00000272383d60ac method=org.jetbrains.kotlin.ir.util.IrFakeOverrideUtilsKt.collectAndFilterRealOverrides(Ljava/util/Collection;Lkotlin/jvm/functions/Function1;Lkotlin/jvm/functions/Function1;)L
Event: 55.031 Thread 0x0000027225318c10 DEOPT PACKING pc=0x00000272383d60ac sp=0x000000fdf0bfbfd0
Event: 55.031 Thread 0x0000027225318c10 DEOPT UNPACKING pc=0x00000272373246a2 sp=0x000000fdf0bfbfc0 mode 2
Event: 55.031 Thread 0x0000027225318c10 Uncommon trap: trap_request=0xffffffde fr.pc=0x00000272383cdfbc relative=0x000000000000151c
Event: 55.031 Thread 0x0000027225318c10 Uncommon trap: reason=class_check action=maybe_recompile pc=0x00000272383cdfbc method=org.jetbrains.kotlin.ir.util.IrFakeOverrideUtilsKt$$Lambda/0x00000272458b9078.invoke(Ljava/lang/Object;)Ljava/lang/Object; @ 1 c2
Event: 55.031 Thread 0x0000027225318c10 DEOPT PACKING pc=0x00000272383cdfbc sp=0x000000fdf0bfbf00
Event: 55.031 Thread 0x0000027225318c10 DEOPT UNPACKING pc=0x00000272373246a2 sp=0x000000fdf0bfbec8 mode 2
Event: 55.031 Thread 0x0000027225318c10 Uncommon trap: trap_request=0xffffff45 fr.pc=0x00000272383e3424 relative=0x0000000000000ae4
Event: 55.031 Thread 0x0000027225318c10 Uncommon trap: reason=unstable_if action=reinterpret pc=0x00000272383e3424 method=org.jetbrains.kotlin.ir.util.IrFakeOverrideUtilsKt.resolveFakeOverride(Lorg/jetbrains/kotlin/ir/declarations/IrOverridableDeclaration;Lkotlin/jvm/functions/Function1;)Lorg/j
Event: 55.031 Thread 0x0000027225318c10 DEOPT PACKING pc=0x00000272383e3424 sp=0x000000fdf0bfc150
Event: 55.031 Thread 0x0000027225318c10 DEOPT UNPACKING pc=0x00000272373246a2 sp=0x000000fdf0bfc0c8 mode 2
Event: 55.032 Thread 0x0000027225318c10 Uncommon trap: trap_request=0xffffffde fr.pc=0x0000027237b325dc relative=0x00000000000001dc
Event: 55.032 Thread 0x0000027225318c10 Uncommon trap: reason=class_check action=maybe_recompile pc=0x0000027237b325dc method=org.jetbrains.kotlin.ir.util.TransformKt.replaceInPlace(Ljava/util/List;Ljava/util/List;I)I @ 81 c2
Event: 55.032 Thread 0x0000027225318c10 DEOPT PACKING pc=0x0000027237b325dc sp=0x000000fdf0bfd520
Event: 55.032 Thread 0x0000027225318c10 DEOPT UNPACKING pc=0x00000272373246a2 sp=0x000000fdf0bfd488 mode 2

Classes loaded (20 events):
Event: 18.521 Loading class java/lang/Byte$ByteCache
Event: 18.521 Loading class java/lang/Byte$ByteCache done
Event: 22.346 Loading class java/lang/Short$ShortCache
Event: 22.346 Loading class java/lang/Short$ShortCache done
Event: 24.826 Loading class java/util/EnumMap$EntrySet
Event: 24.826 Loading class java/util/EnumMap$EntrySet done
Event: 24.826 Loading class java/util/EnumMap$EntryIterator
Event: 24.826 Loading class java/util/EnumMap$EnumMapIterator
Event: 24.826 Loading class java/util/EnumMap$EnumMapIterator done
Event: 24.826 Loading class java/util/EnumMap$EntryIterator done
Event: 24.827 Loading class java/util/EnumMap$EntryIterator$Entry
Event: 24.827 Loading class java/util/EnumMap$EntryIterator$Entry done
Event: 35.312 Loading class java/text/MessageFormat
Event: 35.312 Loading class java/text/MessageFormat done
Event: 35.366 Loading class java/text/ChoiceFormat
Event: 35.366 Loading class java/text/ChoiceFormat done
Event: 41.265 Loading class java/util/ArrayList$SubList$1
Event: 41.266 Loading class java/util/ArrayList$SubList$1 done
Event: 53.848 Loading class java/util/Formatter$FixedString
Event: 53.848 Loading class java/util/Formatter$FixedString done

Classes unloaded (0 events):
No events

Classes redefined (0 events):
No events

Internal exceptions (20 events):
Event: 39.140 Thread 0x0000027225318c10 Exception <a 'java/lang/NoSuchMethodError'{0x000000008c9f6a78}: 'java.lang.Object java.lang.invoke.Invokers$Holder.linkToTargetMethod(java.lang.Object, java.lang.Object, int, java.lang.Object, java.lang.Object, java.lang.Object)'> (0x000000008c9f6a78) 
thrown [s\src\hotspot\share\interpreter\linkResolver.cpp, line 773]
Event: 40.461 Thread 0x0000027225318c10 Implicit null exception at 0x00000272378bfd44 to 0x00000272378c0408
Event: 40.463 Thread 0x0000027225318c10 Implicit null exception at 0x00000272378b5340 to 0x00000272378b5a00
Event: 40.843 Thread 0x0000027225318c10 Exception <a 'java/lang/NoSuchMethodError'{0x000000008d6d5230}: 'java.lang.Object java.lang.invoke.DirectMethodHandle$Holder.newInvokeSpecial(java.lang.Object, java.lang.Object, java.lang.Object, java.lang.Object, java.lang.Object, java.lang.Object, java.lang.Object, java.lang.Object, int)'> (0x000000008d6d5230) 
thrown [s\src\hotspot\share\interpreter\linkResolver.cpp, line 773]
Event: 40.843 Thread 0x0000027225318c10 Exception <a 'java/lang/NoSuchMethodError'{0x000000008d6d9f68}: 'java.lang.Object java.lang.invoke.DirectMethodHandle$Holder.invokeSpecial(java.lang.Object, java.lang.Object, java.lang.Object, java.lang.Object, java.lang.Object, java.lang.Object, java.lang.Object, java.lang.Object, java.lang.Object, int)'> (0x000000008d6d9f68) 
thrown [s\src\hotspot\share\interpreter\linkResolver.cpp, line 773]
Event: 40.858 Thread 0x0000027225318c10 Exception <a 'java/lang/NoSuchMethodError'{0x000000008d5683d8}: 'java.lang.Object java.lang.invoke.DirectMethodHandle$Holder.invokeStatic(java.lang.Object, java.lang.Object, java.lang.Object, int, int)'> (0x000000008d5683d8) 
thrown [s\src\hotspot\share\interpreter\linkResolver.cpp, line 773]
Event: 41.021 Thread 0x0000027225318c10 Exception <a 'java/lang/NoSuchMethodError'{0x000000008d26a9f0}: 'java.lang.Object java.lang.invoke.DirectMethodHandle$Holder.newInvokeSpecial(java.lang.Object, java.lang.Object, java.lang.Object, java.lang.Object, java.lang.Object, java.lang.Object, java.lang.Object, int)'> (0x000000008d26a9f0) 
thrown [s\src\hotspot\share\interpreter\linkResolver.cpp, line 773]
Event: 41.021 Thread 0x0000027225318c10 Exception <a 'java/lang/NoSuchMethodError'{0x000000008d26f2f0}: 'java.lang.Object java.lang.invoke.DirectMethodHandle$Holder.invokeSpecial(java.lang.Object, java.lang.Object, java.lang.Object, java.lang.Object, java.lang.Object, java.lang.Object, java.lang.Object, java.lang.Object, int)'> (0x000000008d26f2f0) 
thrown [s\src\hotspot\share\interpreter\linkResolver.cpp, line 773]
Event: 41.021 Thread 0x0000027225318c10 Exception <a 'java/lang/NoSuchMethodError'{0x000000008d2734c8}: 'java.lang.Object java.lang.invoke.Invokers$Holder.linkToTargetMethod(java.lang.Object, java.lang.Object, java.lang.Object, java.lang.Object, java.lang.Object, java.lang.Object, int, java.lang.Object)'> (0x000000008d2734c8) 
thrown [s\src\hotspot\share\interpreter\linkResolver.cpp, line 773]
Event: 41.913 Thread 0x0000027225318c10 Implicit null exception at 0x0000027237e49ba8 to 0x0000027237e4bf74
Event: 42.893 Thread 0x0000027225318c10 Implicit null exception at 0x00000272380392f0 to 0x000002723803af0c
Event: 44.985 Thread 0x0000027225318c10 Implicit null exception at 0x00000272381c5788 to 0x00000272381c5de8
Event: 48.948 Thread 0x0000027225318c10 Exception <a 'java/lang/NoSuchMethodError'{0x0000000092e8e680}: 'java.lang.Object java.lang.invoke.DirectMethodHandle$Holder.newInvokeSpecial(java.lang.Object, int, java.lang.Object, int)'> (0x0000000092e8e680) 
thrown [s\src\hotspot\share\interpreter\linkResolver.cpp, line 773]
Event: 48.948 Thread 0x0000027225318c10 Exception <a 'java/lang/NoSuchMethodError'{0x0000000092e923a0}: 'java.lang.Object java.lang.invoke.DirectMethodHandle$Holder.invokeSpecial(java.lang.Object, java.lang.Object, int, java.lang.Object, int)'> (0x0000000092e923a0) 
thrown [s\src\hotspot\share\interpreter\linkResolver.cpp, line 773]
Event: 52.166 Thread 0x0000027225318c10 Exception <a 'java/lang/NoSuchMethodError'{0x000000009032e2b0}: 'java.lang.Object java.lang.invoke.DirectMethodHandle$Holder.invokeStatic(java.lang.Object, java.lang.Object, int, java.lang.Object)'> (0x000000009032e2b0) 
thrown [s\src\hotspot\share\interpreter\linkResolver.cpp, line 773]
Event: 54.381 Thread 0x0000027225318c10 Implicit null exception at 0x00000272383ffefd to 0x00000272383fff74
Event: 54.540 Thread 0x0000027225318c10 Implicit null exception at 0x0000027237b980e0 to 0x0000027237b9820a
Event: 54.583 Thread 0x0000027225318c10 Implicit null exception at 0x00000272383fda60 to 0x00000272383fdb45
Event: 54.585 Thread 0x0000027225318c10 Implicit null exception at 0x0000027238402444 to 0x0000027238402d94
Event: 54.813 Thread 0x0000027225318c10 Exception <a 'java/lang/NoSuchMethodError'{0x0000000092e6c600}: 'java.lang.Object java.lang.invoke.DirectMethodHandle$Holder.newInvokeSpecial(java.lang.Object, java.lang.Object, java.lang.Object, java.lang.Object, java.lang.Object, java.lang.Object, java.lang.Object, java.lang.Object)'> (0x0000000092e6c600) 
thrown [s\src\hotspot\share\interpreter\linkResolver.cpp, line 773]

ZGC Phase Switch (0 events):
No events

VM Operations (20 events):
Event: 52.840 Executing VM operation: HandshakeAllThreads (Deoptimize) done
Event: 52.850 Executing VM operation: G1PauseRemark
Event: 52.864 Executing VM operation: G1PauseRemark done
Event: 53.068 Executing VM operation: G1PauseCleanup
Event: 53.069 Executing VM operation: G1PauseCleanup done
Event: 53.182 Executing VM operation: G1CollectForAllocation (G1 Evacuation Pause)
Event: 53.199 Executing VM operation: G1CollectForAllocation (G1 Evacuation Pause) done
Event: 53.571 Executing VM operation: ICBufferFull
Event: 53.571 Executing VM operation: ICBufferFull done
Event: 53.874 Executing VM operation: HandshakeAllThreads (Deoptimize)
Event: 53.874 Executing VM operation: HandshakeAllThreads (Deoptimize) done
Event: 53.879 Executing VM operation: HandshakeAllThreads (Deoptimize)
Event: 53.879 Executing VM operation: HandshakeAllThreads (Deoptimize) done
Event: 54.075 Executing VM operation: ICBufferFull
Event: 54.075 Executing VM operation: ICBufferFull done
Event: 54.420 Executing VM operation: ICBufferFull
Event: 54.420 Executing VM operation: ICBufferFull done
Event: 54.700 Executing VM operation: ICBufferFull
Event: 54.700 Executing VM operation: ICBufferFull done
Event: 55.163 Executing VM operation: G1CollectForAllocation (G1 Evacuation Pause)

Memory protections (0 events):
No events

Nmethod flushes (20 events):
Event: 52.862 Thread 0x0000027243a683b0 flushing  nmethod 0x0000027230fe1190
Event: 52.862 Thread 0x0000027243a683b0 flushing  nmethod 0x0000027231191f90
Event: 52.862 Thread 0x0000027243a683b0 flushing  nmethod 0x0000027231300d90
Event: 52.862 Thread 0x0000027243a683b0 flushing  nmethod 0x0000027231984310
Event: 52.862 Thread 0x0000027243a683b0 flushing  nmethod 0x00000272319c9510
Event: 52.862 Thread 0x0000027243a683b0 flushing  nmethod 0x0000027231f2da90
Event: 52.862 Thread 0x0000027243a683b0 flushing  nmethod 0x00000272322a1a90
Event: 52.862 Thread 0x0000027243a683b0 flushing  nmethod 0x00000272322a7b90
Event: 52.862 Thread 0x0000027243a683b0 flushing  nmethod 0x0000027232d96290
Event: 52.862 Thread 0x0000027243a683b0 flushing  nmethod 0x0000027232ea1490
Event: 52.862 Thread 0x0000027243a683b0 flushing  nmethod 0x0000027232ea3f90
Event: 52.862 Thread 0x0000027243a683b0 flushing  nmethod 0x0000027232ea5d10
Event: 52.862 Thread 0x0000027243a683b0 flushing  nmethod 0x0000027232ea6d10
Event: 52.862 Thread 0x0000027243a683b0 flushing  nmethod 0x0000027232eaea90
Event: 52.862 Thread 0x0000027243a683b0 flushing  nmethod 0x0000027232eb6910
Event: 52.862 Thread 0x0000027243a683b0 flushing  nmethod 0x0000027232eb9910
Event: 52.862 Thread 0x0000027243a683b0 flushing  nmethod 0x0000027232ebb390
Event: 52.862 Thread 0x0000027243a683b0 flushing  nmethod 0x0000027232f10c10
Event: 52.862 Thread 0x0000027243a683b0 flushing  nmethod 0x0000027232f16490
Event: 52.862 Thread 0x0000027243a683b0 flushing  nmethod 0x0000027232f3ce90

Events (20 events):
Event: 31.196 Thread 0x0000027293977300 Thread exited: 0x0000027293977300
Event: 32.311 Thread 0x0000027243ad5a50 Thread added: 0x000002728a213760
Event: 33.224 Thread 0x000002728a213760 Thread exited: 0x000002728a213760
Event: 33.287 Thread 0x0000027243ad5a50 Thread added: 0x000002728a214500
Event: 35.771 Thread 0x000002728a214500 Thread exited: 0x000002728a214500
Event: 36.026 Thread 0x0000027243ad5a50 Thread added: 0x000002728a216710
Event: 37.028 Thread 0x000002728a216710 Thread exited: 0x000002728a216710
Event: 37.605 Thread 0x0000027243ad5a50 Thread added: 0x000002728a217b80
Event: 40.364 Thread 0x000002728a217b80 Thread exited: 0x000002728a217b80
Event: 41.090 Thread 0x0000027243ad33a0 Thread added: 0x0000027294091150
Event: 42.686 Thread 0x0000027294091150 Thread exited: 0x0000027294091150
Event: 42.736 Thread 0x0000027243ad5a50 Thread added: 0x0000027294094100
Event: 46.314 Thread 0x0000027294094100 Thread exited: 0x0000027294094100
Event: 46.522 Thread 0x0000027243ad5a50 Thread added: 0x00000272897d9a80
Event: 48.642 Thread 0x00000272897d9a80 Thread exited: 0x00000272897d9a80
Event: 49.117 Thread 0x0000027243ad5a50 Thread added: 0x00000272897d8ce0
Event: 51.246 Thread 0x00000272897d8ce0 Thread exited: 0x00000272897d8ce0
Event: 51.929 Thread 0x0000027243ad5a50 Thread added: 0x00000272897d93b0
Event: 52.177 Thread 0x00000272897d93b0 Thread exited: 0x00000272897d93b0
Event: 52.565 Thread 0x0000027243ad5a50 Thread added: 0x00000272897dca30


Dynamic libraries:
0x00007ff6a2140000 - 0x00007ff6a214e000 	C:\Users\Neki_play\.jdks\ms-21.0.8\bin\java.exe
0x00007ffb40580000 - 0x00007ffb407e8000 	C:\Windows\SYSTEM32\ntdll.dll
0x00007ffb3fb30000 - 0x00007ffb3fbf9000 	C:\Windows\System32\KERNEL32.DLL
0x00007ffb3dd60000 - 0x00007ffb3e152000 	C:\Windows\System32\KERNELBASE.dll
0x00007ffb3e200000 - 0x00007ffb3e34b000 	C:\Windows\System32\ucrtbase.dll
0x00007ffb244e0000 - 0x00007ffb244f8000 	C:\Users\Neki_play\.jdks\ms-21.0.8\bin\jli.dll
0x00007ffb3f0e0000 - 0x00007ffb3f2a5000 	C:\Windows\System32\USER32.dll
0x00007ffb244c0000 - 0x00007ffb244de000 	C:\Users\Neki_play\.jdks\ms-21.0.8\bin\VCRUNTIME140.dll
0x00007ffb3d880000 - 0x00007ffb3d8a7000 	C:\Windows\System32\win32u.dll
0x00007ffb21010000 - 0x00007ffb212a3000 	C:\Windows\WinSxS\amd64_microsoft.windows.common-controls_6595b64144ccf1df_6.0.26100.6899_none_3e0efeeae32e88c1\COMCTL32.dll
0x00007ffb3edc0000 - 0x00007ffb3edeb000 	C:\Windows\System32\GDI32.dll
0x00007ffb3e350000 - 0x00007ffb3e3f9000 	C:\Windows\System32\msvcrt.dll
0x00007ffb3d8b0000 - 0x00007ffb3d9dd000 	C:\Windows\System32\gdi32full.dll
0x00007ffb3daa0000 - 0x00007ffb3db43000 	C:\Windows\System32\msvcp_win.dll
0x00007ffb3f430000 - 0x00007ffb3f45f000 	C:\Windows\System32\IMM32.DLL
0x00007ffb10d50000 - 0x00007ffb10e42000 	C:\Program Files\Windhawk\Engine\1.6.1\64\windhawk.dll
0x00007ffb3eb10000 - 0x00007ffb3ebc4000 	C:\Windows\System32\ADVAPI32.dll
0x00007ffb3f030000 - 0x00007ffb3f0d6000 	C:\Windows\System32\sechost.dll
0x00007ffb3e400000 - 0x00007ffb3e518000 	C:\Windows\System32\RPCRT4.dll
0x00007ffb38290000 - 0x00007ffb382a9000 	C:\ProgramData\Windhawk\Engine\Mods\64\dark-menus_1.3.1_366885.dll
0x00007ffb3aa70000 - 0x00007ffb3ab1a000 	C:\Windows\SYSTEM32\UxTheme.dll
0x00007ffb3e520000 - 0x00007ffb3e89b000 	C:\Windows\System32\combase.dll
0x00007ffb31150000 - 0x00007ffb3116d000 	C:\ProgramData\Windhawk\Engine\Mods\64\modernize-folder-picker-dialog_1.0.0_723076.dll
0x00007ffb3f900000 - 0x00007ffb3fa98000 	C:\Windows\System32\ole32.dll
0x00007ffb3fc00000 - 0x00007ffb4034d000 	C:\Windows\System32\SHELL32.dll
0x00007ffb3d710000 - 0x00007ffb3d87b000 	C:\Windows\System32\wintypes.dll
0x00007ffb2cd90000 - 0x00007ffb2cf39000 	C:\ProgramData\Windhawk\Engine\Mods\64\libc++.whl
0x00007ffb380b0000 - 0x00007ffb380ea000 	C:\ProgramData\Windhawk\Engine\Mods\64\libunwind.whl
0x00007ffb30e40000 - 0x00007ffb30e4c000 	C:\Users\Neki_play\.jdks\ms-21.0.8\bin\vcruntime140_1.dll
0x00007ffb22530000 - 0x00007ffb225b9000 	C:\Users\Neki_play\.jdks\ms-21.0.8\bin\msvcp140.dll
0x00007ffafc0d0000 - 0x00007ffafce7c000 	C:\Users\Neki_play\.jdks\ms-21.0.8\bin\server\jvm.dll
0x00007ffb3faa0000 - 0x00007ffb3fb14000 	C:\Windows\System32\WS2_32.dll
0x00007ffb3d570000 - 0x00007ffb3d5ce000 	C:\Windows\SYSTEM32\POWRPROF.dll
0x00007ffb302a0000 - 0x00007ffb302ab000 	C:\Windows\SYSTEM32\VERSION.dll
0x00007ffb2a1a0000 - 0x00007ffb2a1d5000 	C:\Windows\SYSTEM32\WINMM.dll
0x00007ffb3d550000 - 0x00007ffb3d564000 	C:\Windows\SYSTEM32\UMPDC.dll
0x00007ffb3c4e0000 - 0x00007ffb3c4fb000 	C:\Windows\SYSTEM32\kernel.appcore.dll
0x00007ffb24410000 - 0x00007ffb2441a000 	C:\Users\Neki_play\.jdks\ms-21.0.8\bin\jimage.dll
0x00007ffb06f90000 - 0x00007ffb071d2000 	C:\Windows\SYSTEM32\DBGHELP.DLL
0x00007ffb3eca0000 - 0x00007ffb3ed77000 	C:\Windows\System32\OLEAUT32.dll
0x00007ffb2ee60000 - 0x00007ffb2ee9c000 	C:\Windows\SYSTEM32\dbgcore.DLL
0x00007ffb3e160000 - 0x00007ffb3e1f8000 	C:\Windows\System32\bcryptPrimitives.dll
0x00007ffb1e0d0000 - 0x00007ffb1e0f1000 	C:\Users\Neki_play\.jdks\ms-21.0.8\bin\java.dll
0x00007ffb3b3a0000 - 0x00007ffb3bbfd000 	C:\Windows\SYSTEM32\windows.storage.dll
0x00007ffb40350000 - 0x00007ffb40442000 	C:\Windows\System32\SHCORE.dll
0x00007ffb404d0000 - 0x00007ffb40532000 	C:\Windows\System32\shlwapi.dll
0x00007ffb3d630000 - 0x00007ffb3d659000 	C:\Windows\SYSTEM32\profapi.dll
0x00007ffb1d500000 - 0x00007ffb1d5d6000 	C:\Users\Neki_play\.jdks\ms-21.0.8\bin\jsvml.dll
0x00007ffb22510000 - 0x00007ffb22521000 	C:\Users\Neki_play\.jdks\ms-21.0.8\bin\net.dll
0x00007ffb37070000 - 0x00007ffb3718f000 	C:\Windows\SYSTEM32\WINHTTP.dll
0x00007ffb3ca50000 - 0x00007ffb3cabb000 	C:\Windows\system32\mswsock.dll
0x00007ffb1e0b0000 - 0x00007ffb1e0c6000 	C:\Users\Neki_play\.jdks\ms-21.0.8\bin\nio.dll
0x00007ffb22e30000 - 0x00007ffb22e48000 	C:\Users\Neki_play\.jdks\ms-21.0.8\bin\zip.dll
0x00007ffb22730000 - 0x00007ffb22740000 	C:\Users\Neki_play\.jdks\ms-21.0.8\bin\verify.dll

JVMTI agents: none

dbghelp: loaded successfully - version: 4.0.5 - missing functions: none
symbol engine: initialized successfully - sym options: 0x614 - pdb path: .;C:\Users\Neki_play\.jdks\ms-21.0.8\bin;C:\Windows\SYSTEM32;C:\Windows\WinSxS\amd64_microsoft.windows.common-controls_6595b64144ccf1df_6.0.26100.6899_none_3e0efeeae32e88c1;C:\Program Files\Windhawk\Engine\1.6.1\64;C:\ProgramData\Windhawk\Engine\Mods\64;C:\Users\Neki_play\.jdks\ms-21.0.8\bin\server

VM Arguments:
java_command: org.jetbrains.kotlin.cli.jvm.K2JVMCompiler @C:\Users\Neki_play\Documents\GitHub\Hypixel-Cry\build\20251018_10536675108630033093.compiler.options
java_class_path (initial): C:\Users\Neki_play\.gradle\caches\modules-2\files-2.1\org.jetbrains.kotlin\kotlin-compiler-embeddable\2.1.0\988bf980588bbbcfa1ba19c1ffd7aa869b335a31\kotlin-compiler-embeddable-2.1.0.jar;C:\Users\Neki_play\.gradle\caches\modules-2\files-2.1\org.jetbrains.kotlin\kotlin-stdlib\2.1.0\85f8b81009cda5890e54ba67d64b5e599c645020\kotlin-stdlib-2.1.0.jar;C:\Users\Neki_play\.gradle\caches\modules-2\files-2.1\org.jetbrains.kotlin\kotlin-script-runtime\2.1.0\5909da8c57b75a117714ab0e348c86101b7a3284\kotlin-script-runtime-2.1.0.jar;C:\Users\Neki_play\.gradle\caches\modules-2\files-2.1\org.jetbrains.kotlin\kotlin-reflect\1.6.10\1cbe9c92c12a94eea200d23c2bbaedaf3daf5132\kotlin-reflect-1.6.10.jar;C:\Users\Neki_play\.gradle\caches\modules-2\files-2.1\org.jetbrains.kotlin\kotlin-daemon-embeddable\2.1.0\420bae1908e4a353f5b56c3c850d24d86367b25d\kotlin-daemon-embeddable-2.1.0.jar;C:\Users\Neki_play\.gradle\caches\modules-2\files-2.1\org.jetbrains.intellij.deps\trove4j\1.0.20200330\3afb14d5f9ceb459d724e907a21145e8ff394f02\trove4j-1.0.20200330.jar;C:\Users\Neki_play\.gradle\caches\modules-2\files-2.1\org.jetbrains.kotlinx\kotlinx-coroutines-core-jvm\1.6.4\2c997cd1c0ef33f3e751d3831929aeff1390cb30\kotlinx-coroutines-core-jvm-1.6.4.jar;C:\Users\Neki_play\.gradle\caches\modules-2\files-2.1\org.jetbrains\annotations\13.0\919f0dfe192fb4e063e7dacadee7f8bb9a2672a9\annotations-13.0.jar
Launcher Type: SUN_STANDARD

[Global flags]
     intx CICompilerCount                          = 3                                         {product} {ergonomic}
     uint ConcGCThreads                            = 1                                         {product} {ergonomic}
     uint G1ConcRefinementThreads                  = 4                                         {product} {ergonomic}
   size_t G1HeapRegionSize                         = 1048576                                   {product} {ergonomic}
    uintx GCDrainStackTargetSize                   = 64                                        {product} {ergonomic}
   size_t InitialHeapSize                          = 134217728                                 {product} {ergonomic}
   size_t MarkStackSize                            = 4194304                                   {product} {ergonomic}
   size_t MaxHeapSize                              = 2134900736                                {product} {ergonomic}
   size_t MaxNewSize                               = 1280311296                                {product} {ergonomic}
   size_t MinHeapDeltaBytes                        = 1048576                                   {product} {ergonomic}
   size_t MinHeapSize                              = 8388608                                   {product} {ergonomic}
    uintx NonNMethodCodeHeapSize                   = 5832780                                {pd product} {ergonomic}
    uintx NonProfiledCodeHeapSize                  = 122912730                              {pd product} {ergonomic}
    uintx ProfiledCodeHeapSize                     = 122912730                              {pd product} {ergonomic}
    uintx ReservedCodeCacheSize                    = 251658240                              {pd product} {ergonomic}
     bool SegmentedCodeCache                       = true                                      {product} {ergonomic}
   size_t SoftMaxHeapSize                          = 2134900736                             {manageable} {ergonomic}
     bool UseCompressedOops                        = true                           {product lp64_product} {ergonomic}
     bool UseG1GC                                  = true                                      {product} {ergonomic}
     bool UseLargePagesIndividualAllocation        = false                                  {pd product} {ergonomic}

Logging:
Log output configuration:
 #0: stdout all=warning uptime,level,tags foldmultilines=false
 #1: stderr all=off uptime,level,tags foldmultilines=false

Environment Variables:
PATH=C:\Windows\system32;C:\Windows;C:\Windows\System32\Wbem;C:\Windows\System32\WindowsPowerShell\v1.0\;C:\Windows\System32\OpenSSH\;C:\Users\Neki_play\AppData\Local\Microsoft\WindowsApps;C:\Program Files\JetBrains\IntelliJ IDEA Community Edition 2025.2.3\bin
USERNAME=Neki_play
OS=Windows_NT
PROCESSOR_IDENTIFIER=Intel64 Family 6 Model 42 Stepping 7, GenuineIntel
TMP=C:\Users\NEKI_P~1\AppData\Local\Temp
TEMP=C:\Users\NEKI_P~1\AppData\Local\Temp




Periodic native trim disabled

---------------  S Y S T E M  ---------------

OS:
 Windows 11 , 64 bit Build 26100 (10.0.26100.6725)
OS uptime: 0 days 14:47 hours

CPU: total 4 (initial active 4) (4 cores per cpu, 1 threads per core) family 6 model 42 stepping 7 microcode 0x2f, cx8, cmov, fxsr, mmx, sse, sse2, sse3, ssse3, sse4.1, sse4.2, popcnt, tsc, tscinvbit, avx, aes, clmul, vzeroupper, clflush, rdtscp
Processor Information for the first 4 processors :
  Max Mhz: 3301, Current Mhz: 3301, Mhz Limit: 3301

Memory: 4k page, system-wide physical 8139M (540M free)
TotalPageFile size 10187M (AvailPageFile size 218M)
current process WorkingSet (physical memory assigned to process): 672M, peak: 673M
current process commit charge ("private bytes"): 693M, peak: 1024M

vm_info: OpenJDK 64-Bit Server VM (21.0.8+9-LTS) for windows-amd64 JRE (21.0.8+9-LTS), built on 2025-07-10T20:22:44Z by "MicrosoftCorporation" with unknown MS VC++:1944

END.
