#
# There is insufficient memory for the Java Runtime Environment to continue.
# Native memory allocation (mmap) failed to map 72351744 bytes. Error detail: G1 virtual space
# Possible reasons:
#   The system is out of physical RAM or swap space
#   This process is running with CompressedOops enabled, and the Java Heap may be blocking the growth of the native heap
# Possible solutions:
#   Reduce memory load on the system
#   Increase physical memory or swap space
#   Check if swap backing store is full
#   Decrease Java heap size (-Xmx/-Xms)
#   Decrease number of Java threads
#   Decrease Java thread stack sizes (-Xss)
#   Set larger code cache with -XX:ReservedCodeCacheSize=
#   JVM is running with Unscaled Compressed Oops mode in which the Java heap is
#     placed in the first 4GB address space. The Java Heap base address is the
#     maximum limit for the native heap growth. Please use -XX:HeapBaseMinAddress
#     to set the Java Heap base and to place the Java Heap above 4GB virtual address.
# This output file may be truncated or incomplete.
#
#  Out of Memory Error (os_windows.cpp:3736), pid=7196, tid=1940
#
# JRE version: OpenJDK Runtime Environment Microsoft-11933218 (21.0.8+9) (build 21.0.8+9-LTS)
# Java VM: OpenJDK 64-Bit Server VM Microsoft-11933218 (21.0.8+9-LTS, mixed mode, sharing, tiered, compressed oops, compressed class ptrs, g1 gc, windows-amd64)
# No core dump will be written. Minidumps are not enabled by default on client versions of Windows
#

---------------  S U M M A R Y ------------

Command Line: org.jetbrains.kotlin.cli.jvm.K2JVMCompiler @C:\Users\Neki_play\Documents\GitHub\Hypixel-Cry\build\20251018_6767477033066374078.compiler.options

Host: Intel(R) Core(TM) i5-2320 CPU @ 3.00GHz, 4 cores, 7G,  Windows 11 , 64 bit Build 26100 (10.0.26100.6725)
Time: Sat Oct 18 12:44:03 2025 elapsed time: 42.123231 seconds (0d 0h 0m 42s)

---------------  T H R E A D  ---------------

Current thread (0x0000023de70a66a0):  VMThread "VM Thread"          [id=1940, stack(0x000000c263200000,0x000000c263300000) (1024K)]

Stack: [0x000000c263200000,0x000000c263300000]
Native frames: (J=compiled Java code, j=interpreted, Vv=VM code, C=native code)
V  [jvm.dll+0x6e1729]
V  [jvm.dll+0x8bf47b]
V  [jvm.dll+0x8c19aa]
V  [jvm.dll+0x8c2083]
V  [jvm.dll+0x289fd6]
V  [jvm.dll+0x6de085]
V  [jvm.dll+0x6d218a]
V  [jvm.dll+0x366f6e]
V  [jvm.dll+0x36ee1b]
V  [jvm.dll+0x3c06b9]
V  [jvm.dll+0x3c095b]
V  [jvm.dll+0x33a8b7]
V  [jvm.dll+0x33d008]
V  [jvm.dll+0x34747f]
V  [jvm.dll+0x37d73f]
V  [jvm.dll+0x8c7def]
V  [jvm.dll+0x8c92fc]
V  [jvm.dll+0x8c9874]
V  [jvm.dll+0x8c9973]
V  [jvm.dll+0x86975d]
V  [jvm.dll+0x6dff2d]
C  [ucrtbase.dll+0x37b0]
C  [KERNEL32.DLL+0x2e8d7]
C  [ntdll.dll+0x8c53c]

VM_Operation (0x000000c262dff800): G1PauseRemark, mode: safepoint, requested by thread 0x0000023dca4ca6e0


---------------  P R O C E S S  ---------------

Threads class SMR info:
_java_thread_list=0x0000023dfeb88b10, length=12, elements={
0x0000023dca46b240, 0x0000023de70c38e0, 0x0000023de70c4530, 0x0000023de70cd060,
0x0000023de70d1c50, 0x0000023de70d2920, 0x0000023de70d3b10, 0x0000023de70d7470,
0x0000023de70ff040, 0x0000023de725eab0, 0x0000023de7263b00, 0x0000023dec89a8e0
}

Java Threads: ( => current thread )
  0x0000023dca46b240 JavaThread "main"                              [_thread_blocked, id=7848, stack(0x000000c262b00000,0x000000c262c00000) (1024K)]
  0x0000023de70c38e0 JavaThread "Reference Handler"          daemon [_thread_blocked, id=4668, stack(0x000000c263300000,0x000000c263400000) (1024K)]
  0x0000023de70c4530 JavaThread "Finalizer"                  daemon [_thread_blocked, id=8588, stack(0x000000c263400000,0x000000c263500000) (1024K)]
  0x0000023de70cd060 JavaThread "Signal Dispatcher"          daemon [_thread_blocked, id=3288, stack(0x000000c263500000,0x000000c263600000) (1024K)]
  0x0000023de70d1c50 JavaThread "Attach Listener"            daemon [_thread_blocked, id=9452, stack(0x000000c263600000,0x000000c263700000) (1024K)]
  0x0000023de70d2920 JavaThread "Service Thread"             daemon [_thread_blocked, id=8884, stack(0x000000c263700000,0x000000c263800000) (1024K)]
  0x0000023de70d3b10 JavaThread "Monitor Deflation Thread"   daemon [_thread_blocked, id=9708, stack(0x000000c263800000,0x000000c263900000) (1024K)]
  0x0000023de70d7470 JavaThread "C2 CompilerThread0"         daemon [_thread_blocked, id=9932, stack(0x000000c263900000,0x000000c263a00000) (1024K)]
  0x0000023de70ff040 JavaThread "C1 CompilerThread0"         daemon [_thread_blocked, id=9676, stack(0x000000c263a00000,0x000000c263b00000) (1024K)]
  0x0000023de725eab0 JavaThread "Notification Thread"        daemon [_thread_blocked, id=2428, stack(0x000000c263b00000,0x000000c263c00000) (1024K)]
  0x0000023de7263b00 JavaThread "Common-Cleaner"             daemon [_thread_blocked, id=10172, stack(0x000000c263c00000,0x000000c263d00000) (1024K)]
  0x0000023dec89a8e0 JavaThread "C2 CompilerThread1"         daemon [_thread_blocked, id=6168, stack(0x000000c264000000,0x000000c264100000) (1024K)]
Total: 12

Other Threads:
=>0x0000023de70a66a0 VMThread "VM Thread"                           [id=1940, stack(0x000000c263200000,0x000000c263300000) (1024K)]
  0x0000023de4c327a0 WatcherThread "VM Periodic Task Thread"        [id=8228, stack(0x000000c263100000,0x000000c263200000) (1024K)]
  0x0000023dca4bc910 WorkerThread "GC Thread#0"                     [id=7204, stack(0x000000c262c00000,0x000000c262d00000) (1024K)]
  0x0000023de7639630 WorkerThread "GC Thread#1"                     [id=10124, stack(0x000000c263d00000,0x000000c263e00000) (1024K)]
  0x0000023de76399d0 WorkerThread "GC Thread#2"                     [id=1016, stack(0x000000c263e00000,0x000000c263f00000) (1024K)]
  0x0000023de715a1b0 WorkerThread "GC Thread#3"                     [id=10088, stack(0x000000c263f00000,0x000000c264000000) (1024K)]
  0x0000023dca4ca6e0 ConcurrentGCThread "G1 Main Marker"            [id=6296, stack(0x000000c262d00000,0x000000c262e00000) (1024K)]
  0x0000023de4a82de0 WorkerThread "G1 Conc#0"                       [id=5376, stack(0x000000c262e00000,0x000000c262f00000) (1024K)]
  0x0000023de4af6050 ConcurrentGCThread "G1 Refine#0"               [id=8748, stack(0x000000c262f00000,0x000000c263000000) (1024K)]
  0x0000023de4af6ad0 ConcurrentGCThread "G1 Service"                [id=8992, stack(0x000000c263000000,0x000000c263100000) (1024K)]
Total: 10

Threads with active compile tasks:
C2 CompilerThread0  42407 16510       4       org.jetbrains.kotlin.ir.overrides.FakeOverrideCopier::copySimpleFunction (694 bytes)
C2 CompilerThread1  42407 16584       4       org.jetbrains.kotlin.ir.declarations.IrFunction::acceptChildren (183 bytes)
Total: 2

VM state: at safepoint (normal execution)

VM Mutex/Monitor currently owned by a thread:  ([mutex/lock_event])
[0x00007ffafcd9a7c8] Threads_lock - owner thread: 0x0000023de70a66a0
[0x00007ffafcd9a8c8] Heap_lock - owner thread: 0x0000023dca4ca6e0

Heap address: 0x0000000080c00000, size: 2036 MB, Compressed Oops mode: 32-bit

CDS archive(s) mapped at: [0x0000023d80000000-0x0000023d80c80000-0x0000023d80c80000), size 13107200, SharedBaseAddress: 0x0000023d80000000, ArchiveRelocationMode: 1.
Compressed class space mapped at: 0x0000023d81000000-0x0000023dc1000000, reserved size: 1073741824
Narrow klass base: 0x0000023d80000000, Narrow klass shift: 0, Narrow klass range: 0x100000000

GC Precious Log:
 CardTable entry size: 512
 Card Set container configuration: InlinePtr #cards 5 size 8 Array Of Cards #cards 12 size 40 Howl #buckets 4 coarsen threshold 1843 Howl Bitmap #cards 512 size 80 coarsen threshold 460 Card regions per heap region 1 cards per card region 2048
 CPUs: 4 total, 4 available
 Memory: 8139M
 Large Page Support: Disabled
 NUMA Support: Disabled
 Compressed Oops: Enabled (32-bit)
 Heap Region Size: 1M
 Heap Min Capacity: 8M
 Heap Initial Capacity: 128M
 Heap Max Capacity: 2036M
 Pre-touch: Disabled
 Parallel Workers: 4
 Concurrent Workers: 1
 Concurrent Refinement Workers: 4
 Periodic GC: Disabled

Heap:
 garbage-first heap   total 233472K, used 186368K [0x0000000080c00000, 0x0000000100000000)
  region size 1024K, 11 young (11264K), 6 survivors (6144K)
 Metaspace       used 75321K, committed 75712K, reserved 1179648K
  class space    used 8126K, committed 8320K, reserved 1048576K

Heap Regions: E=young(eden), S=young(survivor), O=old, HS=humongous(starts), HC=humongous(continues), CS=collection set, F=free, TAMS=top-at-mark-start, PB=parsable bottom
|   0|0x0000000080c00000, 0x0000000080d00000, 0x0000000080d00000|100%|HS|  |TAMS 0x0000000080d00000| PB 0x0000000080c00000| Complete 
|   1|0x0000000080d00000, 0x0000000080e00000, 0x0000000080e00000|100%|HC|  |TAMS 0x0000000080e00000| PB 0x0000000080d00000| Complete 
|   2|0x0000000080e00000, 0x0000000080f00000, 0x0000000080f00000|100%|HC|  |TAMS 0x0000000080f00000| PB 0x0000000080e00000| Complete 
|   3|0x0000000080f00000, 0x0000000081000000, 0x0000000081000000|100%|HC|  |TAMS 0x0000000081000000| PB 0x0000000080f00000| Complete 
|   4|0x0000000081000000, 0x0000000081100000, 0x0000000081100000|100%| O|  |TAMS 0x0000000081100000| PB 0x0000000081100000| Untracked 
|   5|0x0000000081100000, 0x0000000081200000, 0x0000000081200000|100%| O|  |TAMS 0x0000000081200000| PB 0x0000000081200000| Untracked 
|   6|0x0000000081200000, 0x0000000081300000, 0x0000000081300000|100%| O|  |TAMS 0x0000000081300000| PB 0x0000000081300000| Untracked 
|   7|0x0000000081300000, 0x0000000081400000, 0x0000000081400000|100%| O|  |TAMS 0x0000000081400000| PB 0x0000000081400000| Untracked 
|   8|0x0000000081400000, 0x0000000081500000, 0x0000000081500000|100%| O|  |TAMS 0x0000000081500000| PB 0x0000000081500000| Untracked 
|   9|0x0000000081500000, 0x0000000081600000, 0x0000000081600000|100%| O|  |TAMS 0x0000000081600000| PB 0x0000000081600000| Untracked 
|  10|0x0000000081600000, 0x0000000081700000, 0x0000000081700000|100%| O|  |TAMS 0x0000000081700000| PB 0x0000000081700000| Untracked 
|  11|0x0000000081700000, 0x0000000081800000, 0x0000000081800000|100%| O|  |TAMS 0x0000000081800000| PB 0x0000000081800000| Untracked 
|  12|0x0000000081800000, 0x0000000081900000, 0x0000000081900000|100%| O|  |TAMS 0x0000000081900000| PB 0x0000000081900000| Untracked 
|  13|0x0000000081900000, 0x0000000081a00000, 0x0000000081a00000|100%| O|  |TAMS 0x0000000081a00000| PB 0x0000000081a00000| Untracked 
|  14|0x0000000081a00000, 0x0000000081b00000, 0x0000000081b00000|100%| O|  |TAMS 0x0000000081b00000| PB 0x0000000081b00000| Untracked 
|  15|0x0000000081b00000, 0x0000000081c00000, 0x0000000081c00000|100%| O|  |TAMS 0x0000000081c00000| PB 0x0000000081c00000| Untracked 
|  16|0x0000000081c00000, 0x0000000081d00000, 0x0000000081d00000|100%| O|  |TAMS 0x0000000081d00000| PB 0x0000000081d00000| Untracked 
|  17|0x0000000081d00000, 0x0000000081e00000, 0x0000000081e00000|100%| O|  |TAMS 0x0000000081e00000| PB 0x0000000081e00000| Untracked 
|  18|0x0000000081e00000, 0x0000000081f00000, 0x0000000081f00000|100%| O|  |TAMS 0x0000000081f00000| PB 0x0000000081f00000| Untracked 
|  19|0x0000000081f00000, 0x0000000082000000, 0x0000000082000000|100%| O|  |TAMS 0x0000000082000000| PB 0x0000000082000000| Untracked 
|  20|0x0000000082000000, 0x0000000082100000, 0x0000000082100000|100%| O|  |TAMS 0x0000000082100000| PB 0x0000000082100000| Untracked 
|  21|0x0000000082100000, 0x0000000082200000, 0x0000000082200000|100%| O|  |TAMS 0x0000000082200000| PB 0x0000000082200000| Untracked 
|  22|0x0000000082200000, 0x0000000082300000, 0x0000000082300000|100%| O|  |TAMS 0x0000000082300000| PB 0x0000000082300000| Untracked 
|  23|0x0000000082300000, 0x0000000082400000, 0x0000000082400000|100%| O|  |TAMS 0x0000000082400000| PB 0x0000000082400000| Untracked 
|  24|0x0000000082400000, 0x0000000082500000, 0x0000000082500000|100%| O|  |TAMS 0x0000000082500000| PB 0x0000000082500000| Untracked 
|  25|0x0000000082500000, 0x0000000082600000, 0x0000000082600000|100%| O|  |TAMS 0x0000000082600000| PB 0x0000000082600000| Untracked 
|  26|0x0000000082600000, 0x0000000082700000, 0x0000000082700000|100%| O|  |TAMS 0x0000000082700000| PB 0x0000000082700000| Untracked 
|  27|0x0000000082700000, 0x0000000082800000, 0x0000000082800000|100%| O|  |TAMS 0x0000000082800000| PB 0x0000000082800000| Untracked 
|  28|0x0000000082800000, 0x0000000082900000, 0x0000000082900000|100%| O|  |TAMS 0x0000000082900000| PB 0x0000000082900000| Updating 
|  29|0x0000000082900000, 0x0000000082a00000, 0x0000000082a00000|100%| O|  |TAMS 0x0000000082a00000| PB 0x0000000082a00000| Untracked 
|  30|0x0000000082a00000, 0x0000000082b00000, 0x0000000082b00000|100%| O|  |TAMS 0x0000000082b00000| PB 0x0000000082b00000| Untracked 
|  31|0x0000000082b00000, 0x0000000082c00000, 0x0000000082c00000|100%| O|  |TAMS 0x0000000082c00000| PB 0x0000000082c00000| Untracked 
|  32|0x0000000082c00000, 0x0000000082d00000, 0x0000000082d00000|100%| O|  |TAMS 0x0000000082d00000| PB 0x0000000082d00000| Untracked 
|  33|0x0000000082d00000, 0x0000000082e00000, 0x0000000082e00000|100%| O|  |TAMS 0x0000000082e00000| PB 0x0000000082e00000| Untracked 
|  34|0x0000000082e00000, 0x0000000082f00000, 0x0000000082f00000|100%| O|  |TAMS 0x0000000082f00000| PB 0x0000000082f00000| Untracked 
|  35|0x0000000082f00000, 0x0000000083000000, 0x0000000083000000|100%| O|  |TAMS 0x0000000083000000| PB 0x0000000083000000| Untracked 
|  36|0x0000000083000000, 0x0000000083100000, 0x0000000083100000|100%| O|  |TAMS 0x0000000083100000| PB 0x0000000083100000| Untracked 
|  37|0x0000000083100000, 0x0000000083200000, 0x0000000083200000|100%| O|  |TAMS 0x0000000083200000| PB 0x0000000083200000| Untracked 
|  38|0x0000000083200000, 0x0000000083300000, 0x0000000083300000|100%| O|  |TAMS 0x0000000083300000| PB 0x0000000083300000| Untracked 
|  39|0x0000000083300000, 0x0000000083400000, 0x0000000083400000|100%| O|  |TAMS 0x0000000083400000| PB 0x0000000083400000| Updating 
|  40|0x0000000083400000, 0x0000000083500000, 0x0000000083500000|100%| O|  |TAMS 0x0000000083500000| PB 0x0000000083500000| Untracked 
|  41|0x0000000083500000, 0x0000000083600000, 0x0000000083600000|100%| O|  |TAMS 0x0000000083600000| PB 0x0000000083600000| Untracked 
|  42|0x0000000083600000, 0x0000000083700000, 0x0000000083700000|100%| O|  |TAMS 0x0000000083700000| PB 0x0000000083700000| Untracked 
|  43|0x0000000083700000, 0x0000000083800000, 0x0000000083800000|100%| O|  |TAMS 0x0000000083800000| PB 0x0000000083800000| Untracked 
|  44|0x0000000083800000, 0x0000000083900000, 0x0000000083900000|100%| O|  |TAMS 0x0000000083900000| PB 0x0000000083900000| Untracked 
|  45|0x0000000083900000, 0x0000000083a00000, 0x0000000083a00000|100%| O|  |TAMS 0x0000000083a00000| PB 0x0000000083a00000| Updating 
|  46|0x0000000083a00000, 0x0000000083b00000, 0x0000000083b00000|100%| O|  |TAMS 0x0000000083b00000| PB 0x0000000083b00000| Untracked 
|  47|0x0000000083b00000, 0x0000000083c00000, 0x0000000083c00000|100%| O|  |TAMS 0x0000000083c00000| PB 0x0000000083c00000| Untracked 
|  48|0x0000000083c00000, 0x0000000083d00000, 0x0000000083d00000|100%| O|  |TAMS 0x0000000083d00000| PB 0x0000000083d00000| Untracked 
|  49|0x0000000083d00000, 0x0000000083e00000, 0x0000000083e00000|100%| O|  |TAMS 0x0000000083e00000| PB 0x0000000083e00000| Untracked 
|  50|0x0000000083e00000, 0x0000000083f00000, 0x0000000083f00000|100%| O|  |TAMS 0x0000000083f00000| PB 0x0000000083f00000| Untracked 
|  51|0x0000000083f00000, 0x0000000084000000, 0x0000000084000000|100%| O|  |TAMS 0x0000000084000000| PB 0x0000000084000000| Updating 
|  52|0x0000000084000000, 0x0000000084100000, 0x0000000084100000|100%| O|  |TAMS 0x0000000084100000| PB 0x0000000084100000| Updating 
|  53|0x0000000084100000, 0x0000000084200000, 0x0000000084200000|100%| O|  |TAMS 0x0000000084200000| PB 0x0000000084200000| Untracked 
|  54|0x0000000084200000, 0x0000000084300000, 0x0000000084300000|100%| O|  |TAMS 0x0000000084300000| PB 0x0000000084300000| Untracked 
|  55|0x0000000084300000, 0x0000000084400000, 0x0000000084400000|100%| O|  |TAMS 0x0000000084400000| PB 0x0000000084400000| Untracked 
|  56|0x0000000084400000, 0x0000000084500000, 0x0000000084500000|100%| O|  |TAMS 0x0000000084500000| PB 0x0000000084500000| Untracked 
|  57|0x0000000084500000, 0x0000000084600000, 0x0000000084600000|100%| O|  |TAMS 0x0000000084600000| PB 0x0000000084600000| Untracked 
|  58|0x0000000084600000, 0x0000000084700000, 0x0000000084700000|100%| O|  |TAMS 0x0000000084700000| PB 0x0000000084700000| Untracked 
|  59|0x0000000084700000, 0x0000000084800000, 0x0000000084800000|100%| O|  |TAMS 0x0000000084800000| PB 0x0000000084800000| Untracked 
|  60|0x0000000084800000, 0x0000000084900000, 0x0000000084900000|100%| O|  |TAMS 0x0000000084900000| PB 0x0000000084900000| Untracked 
|  61|0x0000000084900000, 0x0000000084a00000, 0x0000000084a00000|100%| O|  |TAMS 0x0000000084a00000| PB 0x0000000084a00000| Updating 
|  62|0x0000000084a00000, 0x0000000084b00000, 0x0000000084b00000|100%| O|  |TAMS 0x0000000084b00000| PB 0x0000000084b00000| Untracked 
|  63|0x0000000084b00000, 0x0000000084c00000, 0x0000000084c00000|100%| O|  |TAMS 0x0000000084c00000| PB 0x0000000084c00000| Untracked 
|  64|0x0000000084c00000, 0x0000000084d00000, 0x0000000084d00000|100%| O|  |TAMS 0x0000000084d00000| PB 0x0000000084d00000| Untracked 
|  65|0x0000000084d00000, 0x0000000084e00000, 0x0000000084e00000|100%| O|  |TAMS 0x0000000084e00000| PB 0x0000000084e00000| Untracked 
|  66|0x0000000084e00000, 0x0000000084f00000, 0x0000000084f00000|100%| O|  |TAMS 0x0000000084f00000| PB 0x0000000084f00000| Untracked 
|  67|0x0000000084f00000, 0x0000000085000000, 0x0000000085000000|100%| O|  |TAMS 0x0000000085000000| PB 0x0000000085000000| Updating 
|  68|0x0000000085000000, 0x0000000085100000, 0x0000000085100000|100%| O|  |TAMS 0x0000000085100000| PB 0x0000000085100000| Untracked 
|  69|0x0000000085100000, 0x0000000085200000, 0x0000000085200000|100%| O|  |TAMS 0x0000000085200000| PB 0x0000000085200000| Updating 
|  70|0x0000000085200000, 0x0000000085300000, 0x0000000085300000|100%| O|  |TAMS 0x0000000085300000| PB 0x0000000085300000| Updating 
|  71|0x0000000085300000, 0x0000000085400000, 0x0000000085400000|100%| O|  |TAMS 0x0000000085400000| PB 0x0000000085400000| Untracked 
|  72|0x0000000085400000, 0x0000000085500000, 0x0000000085500000|100%| O|  |TAMS 0x0000000085500000| PB 0x0000000085500000| Untracked 
|  73|0x0000000085500000, 0x0000000085600000, 0x0000000085600000|100%| O|  |TAMS 0x0000000085600000| PB 0x0000000085600000| Untracked 
|  74|0x0000000085600000, 0x0000000085700000, 0x0000000085700000|100%| O|  |TAMS 0x0000000085700000| PB 0x0000000085700000| Untracked 
|  75|0x0000000085700000, 0x0000000085800000, 0x0000000085800000|100%| O|  |TAMS 0x0000000085800000| PB 0x0000000085800000| Untracked 
|  76|0x0000000085800000, 0x0000000085900000, 0x0000000085900000|100%| O|  |TAMS 0x0000000085900000| PB 0x0000000085900000| Untracked 
|  77|0x0000000085900000, 0x0000000085a00000, 0x0000000085a00000|100%| O|  |TAMS 0x0000000085a00000| PB 0x0000000085a00000| Untracked 
|  78|0x0000000085a00000, 0x0000000085b00000, 0x0000000085b00000|100%| O|  |TAMS 0x0000000085b00000| PB 0x0000000085b00000| Updating 
|  79|0x0000000085b00000, 0x0000000085c00000, 0x0000000085c00000|100%| O|  |TAMS 0x0000000085c00000| PB 0x0000000085c00000| Untracked 
|  80|0x0000000085c00000, 0x0000000085d00000, 0x0000000085d00000|100%| O|  |TAMS 0x0000000085d00000| PB 0x0000000085d00000| Untracked 
|  81|0x0000000085d00000, 0x0000000085e00000, 0x0000000085e00000|100%| O|  |TAMS 0x0000000085e00000| PB 0x0000000085e00000| Untracked 
|  82|0x0000000085e00000, 0x0000000085f00000, 0x0000000085f00000|100%| O|  |TAMS 0x0000000085f00000| PB 0x0000000085f00000| Untracked 
|  83|0x0000000085f00000, 0x0000000086000000, 0x0000000086000000|100%| O|  |TAMS 0x0000000086000000| PB 0x0000000086000000| Updating 
|  84|0x0000000086000000, 0x0000000086100000, 0x0000000086100000|100%| O|  |TAMS 0x0000000086100000| PB 0x0000000086100000| Untracked 
|  85|0x0000000086100000, 0x0000000086200000, 0x0000000086200000|100%| O|  |TAMS 0x0000000086200000| PB 0x0000000086200000| Untracked 
|  86|0x0000000086200000, 0x0000000086300000, 0x0000000086300000|100%| O|  |TAMS 0x0000000086300000| PB 0x0000000086300000| Untracked 
|  87|0x0000000086300000, 0x0000000086400000, 0x0000000086400000|100%| O|  |TAMS 0x0000000086400000| PB 0x0000000086400000| Updating 
|  88|0x0000000086400000, 0x0000000086500000, 0x0000000086500000|100%| O|  |TAMS 0x0000000086500000| PB 0x0000000086500000| Updating 
|  89|0x0000000086500000, 0x0000000086600000, 0x0000000086600000|100%| O|  |TAMS 0x0000000086600000| PB 0x0000000086600000| Untracked 
|  90|0x0000000086600000, 0x0000000086700000, 0x0000000086700000|100%| O|  |TAMS 0x0000000086700000| PB 0x0000000086700000| Untracked 
|  91|0x0000000086700000, 0x0000000086800000, 0x0000000086800000|100%| O|  |TAMS 0x0000000086800000| PB 0x0000000086800000| Untracked 
|  92|0x0000000086800000, 0x0000000086900000, 0x0000000086900000|100%| O|  |TAMS 0x0000000086900000| PB 0x0000000086900000| Untracked 
|  93|0x0000000086900000, 0x0000000086a00000, 0x0000000086a00000|100%| O|  |TAMS 0x0000000086a00000| PB 0x0000000086a00000| Untracked 
|  94|0x0000000086a00000, 0x0000000086b00000, 0x0000000086b00000|100%| O|  |TAMS 0x0000000086b00000| PB 0x0000000086b00000| Untracked 
|  95|0x0000000086b00000, 0x0000000086c00000, 0x0000000086c00000|100%| O|  |TAMS 0x0000000086c00000| PB 0x0000000086c00000| Updating 
|  96|0x0000000086c00000, 0x0000000086d00000, 0x0000000086d00000|100%| O|  |TAMS 0x0000000086d00000| PB 0x0000000086d00000| Untracked 
|  97|0x0000000086d00000, 0x0000000086e00000, 0x0000000086e00000|100%| O|  |TAMS 0x0000000086e00000| PB 0x0000000086e00000| Untracked 
|  98|0x0000000086e00000, 0x0000000086f00000, 0x0000000086f00000|100%| O|  |TAMS 0x0000000086f00000| PB 0x0000000086f00000| Untracked 
|  99|0x0000000086f00000, 0x0000000087000000, 0x0000000087000000|100%| O|  |TAMS 0x0000000087000000| PB 0x0000000087000000| Untracked 
| 100|0x0000000087000000, 0x0000000087100000, 0x0000000087100000|100%| O|  |TAMS 0x0000000087100000| PB 0x0000000087100000| Untracked 
| 101|0x0000000087100000, 0x0000000087200000, 0x0000000087200000|100%| O|  |TAMS 0x0000000087200000| PB 0x0000000087200000| Untracked 
| 102|0x0000000087200000, 0x0000000087300000, 0x0000000087300000|100%| O|  |TAMS 0x0000000087300000| PB 0x0000000087300000| Untracked 
| 103|0x0000000087300000, 0x0000000087400000, 0x0000000087400000|100%| O|  |TAMS 0x0000000087400000| PB 0x0000000087400000| Untracked 
| 104|0x0000000087400000, 0x0000000087500000, 0x0000000087500000|100%| O|  |TAMS 0x0000000087500000| PB 0x0000000087500000| Untracked 
| 105|0x0000000087500000, 0x0000000087600000, 0x0000000087600000|100%| O|  |TAMS 0x0000000087600000| PB 0x0000000087600000| Untracked 
| 106|0x0000000087600000, 0x0000000087700000, 0x0000000087700000|100%| O|  |TAMS 0x0000000087700000| PB 0x0000000087700000| Untracked 
| 107|0x0000000087700000, 0x0000000087800000, 0x0000000087800000|100%| O|  |TAMS 0x0000000087800000| PB 0x0000000087800000| Updating 
| 108|0x0000000087800000, 0x0000000087900000, 0x0000000087900000|100%| O|  |TAMS 0x0000000087900000| PB 0x0000000087900000| Untracked 
| 109|0x0000000087900000, 0x0000000087a00000, 0x0000000087a00000|100%| O|  |TAMS 0x0000000087a00000| PB 0x0000000087a00000| Untracked 
| 110|0x0000000087a00000, 0x0000000087b00000, 0x0000000087b00000|100%| O|  |TAMS 0x0000000087b00000| PB 0x0000000087b00000| Untracked 
| 111|0x0000000087b00000, 0x0000000087c00000, 0x0000000087c00000|100%| O|  |TAMS 0x0000000087c00000| PB 0x0000000087c00000| Untracked 
| 112|0x0000000087c00000, 0x0000000087d00000, 0x0000000087d00000|100%| O|  |TAMS 0x0000000087d00000| PB 0x0000000087d00000| Untracked 
| 113|0x0000000087d00000, 0x0000000087e00000, 0x0000000087e00000|100%| O|  |TAMS 0x0000000087e00000| PB 0x0000000087e00000| Untracked 
| 114|0x0000000087e00000, 0x0000000087f00000, 0x0000000087f00000|100%| O|  |TAMS 0x0000000087f00000| PB 0x0000000087f00000| Untracked 
| 115|0x0000000087f00000, 0x0000000088000000, 0x0000000088000000|100%| O|  |TAMS 0x0000000088000000| PB 0x0000000088000000| Untracked 
| 116|0x0000000088000000, 0x0000000088100000, 0x0000000088100000|100%| O|  |TAMS 0x0000000088100000| PB 0x0000000088100000| Updating 
| 117|0x0000000088100000, 0x0000000088200000, 0x0000000088200000|100%| O|  |TAMS 0x0000000088100000| PB 0x0000000088100000| Untracked 
| 118|0x0000000088200000, 0x0000000088300000, 0x0000000088300000|100%| O|  |TAMS 0x0000000088300000| PB 0x0000000088300000| Untracked 
| 119|0x0000000088300000, 0x0000000088400000, 0x0000000088400000|100%| O|  |TAMS 0x0000000088400000| PB 0x0000000088400000| Untracked 
| 120|0x0000000088400000, 0x0000000088500000, 0x0000000088500000|100%| O|  |TAMS 0x0000000088400000| PB 0x0000000088400000| Untracked 
| 121|0x0000000088500000, 0x0000000088600000, 0x0000000088600000|100%| O|  |TAMS 0x0000000088600000| PB 0x0000000088600000| Untracked 
| 122|0x0000000088600000, 0x0000000088700000, 0x0000000088700000|100%| O|  |TAMS 0x0000000088700000| PB 0x0000000088700000| Untracked 
| 123|0x0000000088700000, 0x0000000088800000, 0x0000000088800000|100%| O|  |TAMS 0x0000000088800000| PB 0x0000000088800000| Untracked 
| 124|0x0000000088800000, 0x0000000088900000, 0x0000000088900000|100%| O|  |TAMS 0x0000000088900000| PB 0x0000000088900000| Untracked 
| 125|0x0000000088900000, 0x0000000088a00000, 0x0000000088a00000|100%| O|  |TAMS 0x0000000088a00000| PB 0x0000000088a00000| Updating 
| 126|0x0000000088a00000, 0x0000000088b00000, 0x0000000088b00000|100%| O|  |TAMS 0x0000000088a00000| PB 0x0000000088a00000| Untracked 
| 127|0x0000000088b00000, 0x0000000088c00000, 0x0000000088c00000|100%| O|  |TAMS 0x0000000088c00000| PB 0x0000000088c00000| Updating 
| 128|0x0000000088c00000, 0x0000000088d00000, 0x0000000088d00000|100%| O|  |TAMS 0x0000000088d00000| PB 0x0000000088d00000| Untracked 
| 129|0x0000000088d00000, 0x0000000088e00000, 0x0000000088e00000|100%| O|  |TAMS 0x0000000088e00000| PB 0x0000000088e00000| Untracked 
| 130|0x0000000088e00000, 0x0000000088f00000, 0x0000000088f00000|100%| O|  |TAMS 0x0000000088f00000| PB 0x0000000088f00000| Untracked 
| 131|0x0000000088f00000, 0x0000000089000000, 0x0000000089000000|100%| O|  |TAMS 0x0000000089000000| PB 0x0000000089000000| Untracked 
| 132|0x0000000089000000, 0x0000000089100000, 0x0000000089100000|100%| O|  |TAMS 0x0000000089100000| PB 0x0000000089100000| Untracked 
| 133|0x0000000089100000, 0x0000000089200000, 0x0000000089200000|100%| O|  |TAMS 0x0000000089200000| PB 0x0000000089200000| Untracked 
| 134|0x0000000089200000, 0x0000000089300000, 0x0000000089300000|100%| O|  |TAMS 0x0000000089300000| PB 0x0000000089300000| Untracked 
| 135|0x0000000089300000, 0x0000000089400000, 0x0000000089400000|100%| O|  |TAMS 0x0000000089400000| PB 0x0000000089400000| Untracked 
| 136|0x0000000089400000, 0x0000000089500000, 0x0000000089500000|100%| O|  |TAMS 0x0000000089500000| PB 0x0000000089500000| Untracked 
| 137|0x0000000089500000, 0x0000000089600000, 0x0000000089600000|100%| O|  |TAMS 0x0000000089600000| PB 0x0000000089600000| Updating 
| 138|0x0000000089600000, 0x0000000089700000, 0x0000000089700000|100%| O|  |TAMS 0x0000000089700000| PB 0x0000000089700000| Untracked 
| 139|0x0000000089700000, 0x0000000089800000, 0x0000000089800000|100%| O|  |TAMS 0x0000000089800000| PB 0x0000000089800000| Untracked 
| 140|0x0000000089800000, 0x0000000089900000, 0x0000000089900000|100%| O|  |TAMS 0x0000000089900000| PB 0x0000000089900000| Untracked 
| 141|0x0000000089900000, 0x0000000089a00000, 0x0000000089a00000|100%| O|  |TAMS 0x0000000089a00000| PB 0x0000000089a00000| Untracked 
| 142|0x0000000089a00000, 0x0000000089b00000, 0x0000000089b00000|100%| O|  |TAMS 0x0000000089b00000| PB 0x0000000089b00000| Untracked 
| 143|0x0000000089b00000, 0x0000000089c00000, 0x0000000089c00000|100%| O|  |TAMS 0x0000000089c00000| PB 0x0000000089c00000| Untracked 
| 144|0x0000000089c00000, 0x0000000089d00000, 0x0000000089d00000|100%| O|  |TAMS 0x0000000089d00000| PB 0x0000000089d00000| Untracked 
| 145|0x0000000089d00000, 0x0000000089e00000, 0x0000000089e00000|100%| O|  |TAMS 0x0000000089e00000| PB 0x0000000089e00000| Untracked 
| 146|0x0000000089e00000, 0x0000000089f00000, 0x0000000089f00000|100%| O|  |TAMS 0x0000000089f00000| PB 0x0000000089f00000| Updating 
| 147|0x0000000089f00000, 0x000000008a000000, 0x000000008a000000|100%| O|  |TAMS 0x0000000089f00000| PB 0x0000000089f00000| Untracked 
| 148|0x000000008a000000, 0x000000008a100000, 0x000000008a100000|100%| O|  |TAMS 0x000000008a000000| PB 0x000000008a000000| Untracked 
| 149|0x000000008a100000, 0x000000008a200000, 0x000000008a200000|100%| O|  |TAMS 0x000000008a100000| PB 0x000000008a100000| Untracked 
| 150|0x000000008a200000, 0x000000008a300000, 0x000000008a300000|100%| O|  |TAMS 0x000000008a200000| PB 0x000000008a200000| Untracked 
| 151|0x000000008a300000, 0x000000008a400000, 0x000000008a400000|100%| O|  |TAMS 0x000000008a300000| PB 0x000000008a300000| Untracked 
| 152|0x000000008a400000, 0x000000008a500000, 0x000000008a500000|100%| O|  |TAMS 0x000000008a400000| PB 0x000000008a400000| Untracked 
| 153|0x000000008a500000, 0x000000008a600000, 0x000000008a600000|100%| O|  |TAMS 0x000000008a500000| PB 0x000000008a500000| Untracked 
| 154|0x000000008a600000, 0x000000008a700000, 0x000000008a700000|100%| O|  |TAMS 0x000000008a600000| PB 0x000000008a600000| Untracked 
| 155|0x000000008a700000, 0x000000008a800000, 0x000000008a800000|100%| O|  |TAMS 0x000000008a700000| PB 0x000000008a700000| Untracked 
| 156|0x000000008a800000, 0x000000008a900000, 0x000000008a900000|100%| O|  |TAMS 0x000000008a800000| PB 0x000000008a800000| Untracked 
| 157|0x000000008a900000, 0x000000008aa00000, 0x000000008aa00000|100%| O|  |TAMS 0x000000008a900000| PB 0x000000008a900000| Untracked 
| 158|0x000000008aa00000, 0x000000008ab00000, 0x000000008ab00000|100%| O|  |TAMS 0x000000008aa00000| PB 0x000000008aa00000| Untracked 
| 159|0x000000008ab00000, 0x000000008ac00000, 0x000000008ac00000|100%| O|  |TAMS 0x000000008ab00000| PB 0x000000008ab00000| Untracked 
| 160|0x000000008ac00000, 0x000000008ad00000, 0x000000008ad00000|100%| O|  |TAMS 0x000000008ac00000| PB 0x000000008ac00000| Untracked 
| 161|0x000000008ad00000, 0x000000008ae00000, 0x000000008ae00000|100%| O|  |TAMS 0x000000008ad00000| PB 0x000000008ad00000| Untracked 
| 162|0x000000008ae00000, 0x000000008af00000, 0x000000008af00000|100%| O|  |TAMS 0x000000008ae00000| PB 0x000000008ae00000| Untracked 
| 163|0x000000008af00000, 0x000000008b000000, 0x000000008b000000|100%| O|  |TAMS 0x000000008af00000| PB 0x000000008af00000| Untracked 
| 164|0x000000008b000000, 0x000000008b100000, 0x000000008b100000|100%| O|  |TAMS 0x000000008b000000| PB 0x000000008b000000| Untracked 
| 165|0x000000008b100000, 0x000000008b200000, 0x000000008b200000|100%| O|  |TAMS 0x000000008b100000| PB 0x000000008b100000| Untracked 
| 166|0x000000008b200000, 0x000000008b300000, 0x000000008b300000|100%| O|  |TAMS 0x000000008b200000| PB 0x000000008b200000| Untracked 
| 167|0x000000008b300000, 0x000000008b300000, 0x000000008b400000|  0%| F|  |TAMS 0x000000008b300000| PB 0x000000008b300000| Untracked 
| 168|0x000000008b400000, 0x000000008b400000, 0x000000008b500000|  0%| F|  |TAMS 0x000000008b400000| PB 0x000000008b400000| Untracked 
| 169|0x000000008b500000, 0x000000008b500000, 0x000000008b600000|  0%| F|  |TAMS 0x000000008b500000| PB 0x000000008b500000| Untracked 
| 170|0x000000008b600000, 0x000000008b600000, 0x000000008b700000|  0%| F|  |TAMS 0x000000008b600000| PB 0x000000008b600000| Untracked 
| 171|0x000000008b700000, 0x000000008b700000, 0x000000008b800000|  0%| F|  |TAMS 0x000000008b700000| PB 0x000000008b700000| Untracked 
| 172|0x000000008b800000, 0x000000008b800000, 0x000000008b900000|  0%| F|  |TAMS 0x000000008b800000| PB 0x000000008b800000| Untracked 
| 173|0x000000008b900000, 0x000000008b900000, 0x000000008ba00000|  0%| F|  |TAMS 0x000000008b900000| PB 0x000000008b900000| Untracked 
| 174|0x000000008ba00000, 0x000000008ba00000, 0x000000008bb00000|  0%| F|  |TAMS 0x000000008ba00000| PB 0x000000008ba00000| Untracked 
| 175|0x000000008bb00000, 0x000000008bc00000, 0x000000008bc00000|100%| O|  |TAMS 0x000000008bb00000| PB 0x000000008bb00000| Untracked 
| 176|0x000000008bc00000, 0x000000008bd00000, 0x000000008bd00000|100%| O|  |TAMS 0x000000008bc00000| PB 0x000000008bc00000| Untracked 
| 177|0x000000008bd00000, 0x000000008be00000, 0x000000008be00000|100%| O|  |TAMS 0x000000008bd00000| PB 0x000000008bd00000| Untracked 
| 178|0x000000008be00000, 0x000000008bf00000, 0x000000008bf00000|100%| O|  |TAMS 0x000000008be00000| PB 0x000000008be00000| Untracked 
| 179|0x000000008bf00000, 0x000000008bf00000, 0x000000008c000000|  0%| F|  |TAMS 0x000000008bf00000| PB 0x000000008bf00000| Untracked 
| 180|0x000000008c000000, 0x000000008c000000, 0x000000008c100000|  0%| F|  |TAMS 0x000000008c000000| PB 0x000000008c000000| Untracked 
| 181|0x000000008c100000, 0x000000008c200000, 0x000000008c200000|100%| S|CS|TAMS 0x000000008c100000| PB 0x000000008c100000| Complete 
| 182|0x000000008c200000, 0x000000008c300000, 0x000000008c300000|100%| S|CS|TAMS 0x000000008c200000| PB 0x000000008c200000| Complete 
| 183|0x000000008c300000, 0x000000008c400000, 0x000000008c400000|100%| S|CS|TAMS 0x000000008c300000| PB 0x000000008c300000| Complete 
| 184|0x000000008c400000, 0x000000008c500000, 0x000000008c500000|100%| S|CS|TAMS 0x000000008c400000| PB 0x000000008c400000| Complete 
| 185|0x000000008c500000, 0x000000008c600000, 0x000000008c600000|100%| S|CS|TAMS 0x000000008c500000| PB 0x000000008c500000| Complete 
| 186|0x000000008c600000, 0x000000008c700000, 0x000000008c700000|100%| S|CS|TAMS 0x000000008c600000| PB 0x000000008c600000| Complete 
| 187|0x000000008c700000, 0x000000008c700000, 0x000000008c800000|  0%| F|  |TAMS 0x000000008c700000| PB 0x000000008c700000| Untracked 
| 188|0x000000008c800000, 0x000000008c800000, 0x000000008c900000|  0%| F|  |TAMS 0x000000008c800000| PB 0x000000008c800000| Untracked 
| 189|0x000000008c900000, 0x000000008c900000, 0x000000008ca00000|  0%| F|  |TAMS 0x000000008c900000| PB 0x000000008c900000| Untracked 
| 190|0x000000008ca00000, 0x000000008ca00000, 0x000000008cb00000|  0%| F|  |TAMS 0x000000008ca00000| PB 0x000000008ca00000| Untracked 
| 191|0x000000008cb00000, 0x000000008cb00000, 0x000000008cc00000|  0%| F|  |TAMS 0x000000008cb00000| PB 0x000000008cb00000| Untracked 
| 192|0x000000008cc00000, 0x000000008cc00000, 0x000000008cd00000|  0%| F|  |TAMS 0x000000008cc00000| PB 0x000000008cc00000| Untracked 
| 193|0x000000008cd00000, 0x000000008cd00000, 0x000000008ce00000|  0%| F|  |TAMS 0x000000008cd00000| PB 0x000000008cd00000| Untracked 
| 194|0x000000008ce00000, 0x000000008ce00000, 0x000000008cf00000|  0%| F|  |TAMS 0x000000008ce00000| PB 0x000000008ce00000| Untracked 
| 195|0x000000008cf00000, 0x000000008cf00000, 0x000000008d000000|  0%| F|  |TAMS 0x000000008cf00000| PB 0x000000008cf00000| Untracked 
| 196|0x000000008d000000, 0x000000008d000000, 0x000000008d100000|  0%| F|  |TAMS 0x000000008d000000| PB 0x000000008d000000| Untracked 
| 197|0x000000008d100000, 0x000000008d100000, 0x000000008d200000|  0%| F|  |TAMS 0x000000008d100000| PB 0x000000008d100000| Untracked 
| 198|0x000000008d200000, 0x000000008d200000, 0x000000008d300000|  0%| F|  |TAMS 0x000000008d200000| PB 0x000000008d200000| Untracked 
| 199|0x000000008d300000, 0x000000008d300000, 0x000000008d400000|  0%| F|  |TAMS 0x000000008d300000| PB 0x000000008d300000| Untracked 
| 200|0x000000008d400000, 0x000000008d400000, 0x000000008d500000|  0%| F|  |TAMS 0x000000008d400000| PB 0x000000008d400000| Untracked 
| 201|0x000000008d500000, 0x000000008d500000, 0x000000008d600000|  0%| F|  |TAMS 0x000000008d500000| PB 0x000000008d500000| Untracked 
| 202|0x000000008d600000, 0x000000008d600000, 0x000000008d700000|  0%| F|  |TAMS 0x000000008d600000| PB 0x000000008d600000| Untracked 
| 203|0x000000008d700000, 0x000000008d700000, 0x000000008d800000|  0%| F|  |TAMS 0x000000008d700000| PB 0x000000008d700000| Untracked 
| 204|0x000000008d800000, 0x000000008d800000, 0x000000008d900000|  0%| F|  |TAMS 0x000000008d800000| PB 0x000000008d800000| Untracked 
| 205|0x000000008d900000, 0x000000008d900000, 0x000000008da00000|  0%| F|  |TAMS 0x000000008d900000| PB 0x000000008d900000| Untracked 
| 206|0x000000008da00000, 0x000000008da00000, 0x000000008db00000|  0%| F|  |TAMS 0x000000008da00000| PB 0x000000008da00000| Untracked 
| 207|0x000000008db00000, 0x000000008db00000, 0x000000008dc00000|  0%| F|  |TAMS 0x000000008db00000| PB 0x000000008db00000| Untracked 
| 208|0x000000008dc00000, 0x000000008dc00000, 0x000000008dd00000|  0%| F|  |TAMS 0x000000008dc00000| PB 0x000000008dc00000| Untracked 
| 209|0x000000008dd00000, 0x000000008dd00000, 0x000000008de00000|  0%| F|  |TAMS 0x000000008dd00000| PB 0x000000008dd00000| Untracked 
| 210|0x000000008de00000, 0x000000008de00000, 0x000000008df00000|  0%| F|  |TAMS 0x000000008de00000| PB 0x000000008de00000| Untracked 
| 211|0x000000008df00000, 0x000000008df00000, 0x000000008e000000|  0%| F|  |TAMS 0x000000008df00000| PB 0x000000008df00000| Untracked 
| 212|0x000000008e000000, 0x000000008e000000, 0x000000008e100000|  0%| F|  |TAMS 0x000000008e000000| PB 0x000000008e000000| Untracked 
| 213|0x000000008e100000, 0x000000008e100000, 0x000000008e200000|  0%| F|  |TAMS 0x000000008e100000| PB 0x000000008e100000| Untracked 
| 214|0x000000008e200000, 0x000000008e200000, 0x000000008e300000|  0%| F|  |TAMS 0x000000008e200000| PB 0x000000008e200000| Untracked 
| 215|0x000000008e300000, 0x000000008e300000, 0x000000008e400000|  0%| F|  |TAMS 0x000000008e300000| PB 0x000000008e300000| Untracked 
| 216|0x000000008e400000, 0x000000008e400000, 0x000000008e500000|  0%| F|  |TAMS 0x000000008e400000| PB 0x000000008e400000| Untracked 
| 217|0x000000008e500000, 0x000000008e500000, 0x000000008e600000|  0%| F|  |TAMS 0x000000008e500000| PB 0x000000008e500000| Untracked 
| 218|0x000000008e600000, 0x000000008e600000, 0x000000008e700000|  0%| F|  |TAMS 0x000000008e600000| PB 0x000000008e600000| Untracked 
| 219|0x000000008e700000, 0x000000008e700000, 0x000000008e800000|  0%| F|  |TAMS 0x000000008e700000| PB 0x000000008e700000| Untracked 
| 220|0x000000008e800000, 0x000000008e800000, 0x000000008e900000|  0%| F|  |TAMS 0x000000008e800000| PB 0x000000008e800000| Untracked 
| 221|0x000000008e900000, 0x000000008e900000, 0x000000008ea00000|  0%| F|  |TAMS 0x000000008e900000| PB 0x000000008e900000| Untracked 
| 222|0x000000008ea00000, 0x000000008ea80000, 0x000000008eb00000| 50%| E|  |TAMS 0x000000008ea00000| PB 0x000000008ea00000| Complete 
| 223|0x000000008eb00000, 0x000000008ec00000, 0x000000008ec00000|100%| E|CS|TAMS 0x000000008eb00000| PB 0x000000008eb00000| Complete 
| 224|0x000000008ec00000, 0x000000008ed00000, 0x000000008ed00000|100%| E|CS|TAMS 0x000000008ec00000| PB 0x000000008ec00000| Complete 
| 225|0x000000008ed00000, 0x000000008ee00000, 0x000000008ee00000|100%| E|CS|TAMS 0x000000008ed00000| PB 0x000000008ed00000| Complete 
| 226|0x000000008ee00000, 0x000000008ef00000, 0x000000008ef00000|100%| E|CS|TAMS 0x000000008ee00000| PB 0x000000008ee00000| Complete 
|2035|0x00000000fff00000, 0x0000000100000000, 0x0000000100000000|100%| O|  |TAMS 0x00000000fff00000| PB 0x00000000fff00000| Untracked 

Card table byte_map: [0x0000023de2670000,0x0000023de2a70000] _byte_map_base: 0x0000023de226a000

Marking Bits: (CMBitMap*) 0x0000023dca4bd010
 Bits: [0x0000023de2a70000, 0x0000023de4a40000)

Polling page: 0x0000023dca4f0000

Metaspace:

Usage:
  Non-class:     65.62 MB used.
      Class:      7.94 MB used.
       Both:     73.56 MB used.

Virtual space:
  Non-class space:      128.00 MB reserved,      65.81 MB ( 51%) committed,  2 nodes.
      Class space:        1.00 GB reserved,       8.12 MB ( <1%) committed,  1 nodes.
             Both:        1.12 GB reserved,      73.94 MB (  6%) committed. 

Chunk freelists:
   Non-Class:  13.70 MB
       Class:  7.72 MB
        Both:  21.42 MB

MaxMetaspaceSize: unlimited
CompressedClassSpaceSize: 1.00 GB
Initial GC threshold: 21.00 MB
Current GC threshold: 111.50 MB
CDS: on
 - commit_granule_bytes: 65536.
 - commit_granule_words: 8192.
 - virtual_space_node_default_size: 8388608.
 - enlarge_chunks_in_place: 1.
 - use_allocation_guard: 0.


Internal statistics:

num_allocs_failed_limit: 9.
num_arena_births: 408.
num_arena_deaths: 0.
num_vsnodes_births: 3.
num_vsnodes_deaths: 0.
num_space_committed: 1181.
num_space_uncommitted: 0.
num_chunks_returned_to_freelist: 9.
num_chunks_taken_from_freelist: 3042.
num_chunk_merges: 9.
num_chunk_splits: 2496.
num_chunks_enlarged: 2236.
num_inconsistent_stats: 0.

CodeHeap 'non-profiled nmethods': size=120000Kb used=8649Kb max_used=10086Kb free=111350Kb
 bounds [0x0000023dda800000, 0x0000023ddb1e0000, 0x0000023de1d30000]
CodeHeap 'profiled nmethods': size=120000Kb used=45808Kb max_used=51576Kb free=74191Kb
 bounds [0x0000023dd2d30000, 0x0000023dd5fa0000, 0x0000023dda260000]
CodeHeap 'non-nmethods': size=5760Kb used=1815Kb max_used=1862Kb free=3944Kb
 bounds [0x0000023dda260000, 0x0000023dda4d0000, 0x0000023dda800000]
CodeCache: size=245760Kb, used=56272Kb, max_used=63524Kb, free=189485Kb
 total_blobs=13310, nmethods=12506, adapters=703, full_count=0
Compilation: enabled, stopped_count=0, restarted_count=0

Compilation events (20 events):
Event: 41.946 Thread 0x0000023de70ff040 16596       2       org.jetbrains.kotlin.ir.types.IrTypeSystemContextWithAdditionalAxioms::hasFlexibleNullability (18 bytes)
Event: 41.946 Thread 0x0000023de70ff040 nmethod 16596 0x0000023dd5f8e710 code [0x0000023dd5f8e900, 0x0000023dd5f8ec08]
Event: 41.950 Thread 0x0000023de70ff040 16597       2       org.jetbrains.kotlin.ir.expressions.IrWhen::accept (15 bytes)
Event: 41.951 Thread 0x0000023de70ff040 nmethod 16597 0x0000023dd5f8ee10 code [0x0000023dd5f8f000, 0x0000023dd5f8f318]
Event: 41.951 Thread 0x0000023de70ff040 16598       2       org.jetbrains.kotlin.fir.pipeline.Fir2IrPipeline$buildForAll$ClassVisitor::visitWhen (13 bytes)
Event: 41.952 Thread 0x0000023de70ff040 nmethod 16598 0x0000023dd5f8f510 code [0x0000023dd5f8f760, 0x0000023dd5f8fc48]
Event: 41.952 Thread 0x0000023de70ff040 16600       2       org.jetbrains.kotlin.ir.expressions.IrWhen::acceptChildren (68 bytes)
Event: 41.952 Thread 0x0000023de70ff040 nmethod 16600 0x0000023dd5f90010 code [0x0000023dd5f90240, 0x0000023dd5f906f8]
Event: 41.952 Thread 0x0000023de70ff040 16601       2       org.jetbrains.kotlin.ir.expressions.IrTypeOperatorCall::acceptChildren (17 bytes)
Event: 41.953 Thread 0x0000023de70ff040 nmethod 16601 0x0000023dd5f90a10 code [0x0000023dd5f90c00, 0x0000023dd5f90f20]
Event: 41.953 Thread 0x0000023de70ff040 16599       2       org.jetbrains.kotlin.fir.pipeline.Fir2IrPipeline$buildForAll$ClassVisitor::visitWhen (7 bytes)
Event: 41.953 Thread 0x0000023de70ff040 nmethod 16599 0x0000023dd5f91110 code [0x0000023dd5f91360, 0x0000023dd5f91808]
Event: 41.957 Thread 0x0000023de70ff040 16603       2       org.jetbrains.kotlin.ir.types.IrTypesKt::getClass (28 bytes)
Event: 41.957 Thread 0x0000023de70ff040 nmethod 16603 0x0000023dd5f91b90 code [0x0000023dd5f91da0, 0x0000023dd5f92138]
Event: 42.003 Thread 0x0000023dec89a8e0 nmethod 16516 0x0000023ddb1d1d10 code [0x0000023ddb1d2300, 0x0000023ddb1d6e88]
Event: 42.003 Thread 0x0000023dec89a8e0 16584       4       org.jetbrains.kotlin.ir.declarations.IrFunction::acceptChildren (183 bytes)
Event: 42.006 Thread 0x0000023de70ff040 16604       2       org.jetbrains.kotlin.ir.expressions.IrContainerExpression::acceptChildren (70 bytes)
Event: 42.007 Thread 0x0000023de70ff040 nmethod 16604 0x0000023dd5f92390 code [0x0000023dd5f925c0, 0x0000023dd5f92a98]
Event: 42.014 Thread 0x0000023de70ff040 16607       2       org.jetbrains.kotlin.ir.declarations.IrVariable::acceptChildren (25 bytes)
Event: 42.014 Thread 0x0000023de70ff040 nmethod 16607 0x0000023dd5f92d90 code [0x0000023dd5f92f80, 0x0000023dd5f932a8]

GC Heap History (20 events):
Event: 32.487 GC heap before
{Heap before GC invocations=25 (full 0):
 garbage-first heap   total 184320K, used 160479K [0x0000000080c00000, 0x0000000100000000)
  region size 1024K, 61 young (62464K), 6 survivors (6144K)
 Metaspace       used 62555K, committed 62976K, reserved 1114112K
  class space    used 7160K, committed 7360K, reserved 1048576K
}
Event: 32.499 GC heap after
{Heap after GC invocations=26 (full 0):
 garbage-first heap   total 184320K, used 110085K [0x0000000080c00000, 0x0000000100000000)
  region size 1024K, 6 young (6144K), 6 survivors (6144K)
 Metaspace       used 62555K, committed 62976K, reserved 1114112K
  class space    used 7160K, committed 7360K, reserved 1048576K
}
Event: 33.561 GC heap before
{Heap before GC invocations=26 (full 0):
 garbage-first heap   total 184320K, used 164357K [0x0000000080c00000, 0x0000000100000000)
  region size 1024K, 59 young (60416K), 6 survivors (6144K)
 Metaspace       used 63023K, committed 63424K, reserved 1114112K
  class space    used 7175K, committed 7360K, reserved 1048576K
}
Event: 33.576 GC heap after
{Heap after GC invocations=27 (full 0):
 garbage-first heap   total 184320K, used 117242K [0x0000000080c00000, 0x0000000100000000)
  region size 1024K, 8 young (8192K), 8 survivors (8192K)
 Metaspace       used 63023K, committed 63424K, reserved 1114112K
  class space    used 7175K, committed 7360K, reserved 1048576K
}
Event: 34.454 GC heap before
{Heap before GC invocations=27 (full 0):
 garbage-first heap   total 184320K, used 164346K [0x0000000080c00000, 0x0000000100000000)
  region size 1024K, 54 young (55296K), 8 survivors (8192K)
 Metaspace       used 63134K, committed 63552K, reserved 1114112K
  class space    used 7176K, committed 7360K, reserved 1048576K
}
Event: 34.466 GC heap after
{Heap after GC invocations=28 (full 0):
 garbage-first heap   total 184320K, used 122880K [0x0000000080c00000, 0x0000000100000000)
  region size 1024K, 5 young (5120K), 5 survivors (5120K)
 Metaspace       used 63134K, committed 63552K, reserved 1114112K
  class space    used 7176K, committed 7360K, reserved 1048576K
}
Event: 36.254 GC heap before
{Heap before GC invocations=29 (full 0):
 garbage-first heap   total 204800K, used 167936K [0x0000000080c00000, 0x0000000100000000)
  region size 1024K, 49 young (50176K), 5 survivors (5120K)
 Metaspace       used 66782K, committed 67136K, reserved 1114112K
  class space    used 7460K, committed 7616K, reserved 1048576K
}
Event: 36.264 GC heap after
{Heap after GC invocations=30 (full 0):
 garbage-first heap   total 204800K, used 127469K [0x0000000080c00000, 0x0000000100000000)
  region size 1024K, 5 young (5120K), 5 survivors (5120K)
 Metaspace       used 66782K, committed 67136K, reserved 1114112K
  class space    used 7460K, committed 7616K, reserved 1048576K
}
Event: 38.159 GC heap before
{Heap before GC invocations=30 (full 0):
 garbage-first heap   total 204800K, used 185837K [0x0000000080c00000, 0x0000000100000000)
  region size 1024K, 62 young (63488K), 5 survivors (5120K)
 Metaspace       used 67871K, committed 68288K, reserved 1114112K
  class space    used 7506K, committed 7680K, reserved 1048576K
}
Event: 38.172 GC heap after
{Heap after GC invocations=31 (full 0):
 garbage-first heap   total 204800K, used 130181K [0x0000000080c00000, 0x0000000100000000)
  region size 1024K, 4 young (4096K), 4 survivors (4096K)
 Metaspace       used 67871K, committed 68288K, reserved 1114112K
  class space    used 7506K, committed 7680K, reserved 1048576K
}
Event: 38.533 GC heap before
{Heap before GC invocations=31 (full 0):
 garbage-first heap   total 204800K, used 186501K [0x0000000080c00000, 0x0000000100000000)
  region size 1024K, 59 young (60416K), 4 survivors (4096K)
 Metaspace       used 68023K, committed 68416K, reserved 1114112K
  class space    used 7512K, committed 7680K, reserved 1048576K
}
Event: 38.546 GC heap after
{Heap after GC invocations=32 (full 0):
 garbage-first heap   total 204800K, used 139264K [0x0000000080c00000, 0x0000000100000000)
  region size 1024K, 8 young (8192K), 8 survivors (8192K)
 Metaspace       used 68023K, committed 68416K, reserved 1114112K
  class space    used 7512K, committed 7680K, reserved 1048576K
}
Event: 39.226 GC heap before
{Heap before GC invocations=33 (full 0):
 garbage-first heap   total 232448K, used 184320K [0x0000000080c00000, 0x0000000100000000)
  region size 1024K, 52 young (53248K), 8 survivors (8192K)
 Metaspace       used 68244K, committed 68672K, reserved 1114112K
  class space    used 7535K, committed 7744K, reserved 1048576K
}
Event: 39.241 GC heap after
{Heap after GC invocations=34 (full 0):
 garbage-first heap   total 232448K, used 147456K [0x0000000080c00000, 0x0000000100000000)
  region size 1024K, 7 young (7168K), 7 survivors (7168K)
 Metaspace       used 68244K, committed 68672K, reserved 1114112K
  class space    used 7535K, committed 7744K, reserved 1048576K
}
Event: 41.138 GC heap before
{Heap before GC invocations=34 (full 0):
 garbage-first heap   total 232448K, used 207872K [0x0000000080c00000, 0x0000000100000000)
  region size 1024K, 67 young (68608K), 7 survivors (7168K)
 Metaspace       used 75209K, committed 75584K, reserved 1179648K
  class space    used 8126K, committed 8320K, reserved 1048576K
}
Event: 41.156 GC heap after
{Heap after GC invocations=35 (full 0):
 garbage-first heap   total 232448K, used 156672K [0x0000000080c00000, 0x0000000100000000)
  region size 1024K, 9 young (9216K), 9 survivors (9216K)
 Metaspace       used 75209K, committed 75584K, reserved 1179648K
  class space    used 8126K, committed 8320K, reserved 1048576K
}
Event: 41.608 GC heap before
{Heap before GC invocations=35 (full 0):
 garbage-first heap   total 232448K, used 209920K [0x0000000080c00000, 0x0000000100000000)
  region size 1024K, 61 young (62464K), 9 survivors (9216K)
 Metaspace       used 75286K, committed 75712K, reserved 1179648K
  class space    used 8126K, committed 8320K, reserved 1048576K
}
Event: 41.633 GC heap after
{Heap after GC invocations=36 (full 0):
 garbage-first heap   total 233472K, used 171008K [0x0000000080c00000, 0x0000000100000000)
  region size 1024K, 8 young (8192K), 8 survivors (8192K)
 Metaspace       used 75286K, committed 75712K, reserved 1179648K
  class space    used 8126K, committed 8320K, reserved 1048576K
}
Event: 41.958 GC heap before
{Heap before GC invocations=36 (full 0):
 garbage-first heap   total 233472K, used 211968K [0x0000000080c00000, 0x0000000100000000)
  region size 1024K, 48 young (49152K), 8 survivors (8192K)
 Metaspace       used 75320K, committed 75712K, reserved 1179648K
  class space    used 8126K, committed 8320K, reserved 1048576K
}
Event: 41.975 GC heap after
{Heap after GC invocations=37 (full 0):
 garbage-first heap   total 233472K, used 182272K [0x0000000080c00000, 0x0000000100000000)
  region size 1024K, 6 young (6144K), 6 survivors (6144K)
 Metaspace       used 75320K, committed 75712K, reserved 1179648K
  class space    used 8126K, committed 8320K, reserved 1048576K
}

Dll operation events (7 events):
Event: 0.067 Loaded shared library C:\Users\Neki_play\.jdks\ms-21.0.8\bin\java.dll
Event: 0.960 Loaded shared library C:\Users\Neki_play\.jdks\ms-21.0.8\bin\jsvml.dll
Event: 1.274 Loaded shared library C:\Users\Neki_play\.jdks\ms-21.0.8\bin\net.dll
Event: 1.276 Loaded shared library C:\Users\Neki_play\.jdks\ms-21.0.8\bin\nio.dll
Event: 1.670 Loaded shared library C:\Users\Neki_play\.jdks\ms-21.0.8\bin\zip.dll
Event: 2.353 Loaded shared library C:\Users\Neki_play\.jdks\ms-21.0.8\bin\jimage.dll
Event: 15.211 Loaded shared library C:\Users\Neki_play\.jdks\ms-21.0.8\bin\verify.dll

Deoptimization events (20 events):
Event: 41.539 Thread 0x0000023dca46b240 Uncommon trap: trap_request=0xffffffc6 fr.pc=0x0000023ddb18ed70 relative=0x0000000000000f90
Event: 41.539 Thread 0x0000023dca46b240 Uncommon trap: reason=bimorphic_or_optimized_type_check action=maybe_recompile pc=0x0000023ddb18ed70 method=org.jetbrains.kotlin.ir.overrides.CopyIrTreeWithSymbolsForFakeOverrides$FakeOverrideTypeRemapper.remapTypeArguments(Ljava/util/List;)Ljava/util/Lis
Event: 41.539 Thread 0x0000023dca46b240 DEOPT PACKING pc=0x0000023ddb18ed70 sp=0x000000c262bfbfc0
Event: 41.539 Thread 0x0000023dca46b240 DEOPT UNPACKING pc=0x0000023dda2b46a2 sp=0x000000c262bfbf50 mode 2
Event: 41.539 Thread 0x0000023dca46b240 Uncommon trap: trap_request=0xffffffc6 fr.pc=0x0000023ddb18ed70 relative=0x0000000000000f90
Event: 41.539 Thread 0x0000023dca46b240 Uncommon trap: reason=bimorphic_or_optimized_type_check action=maybe_recompile pc=0x0000023ddb18ed70 method=org.jetbrains.kotlin.ir.overrides.CopyIrTreeWithSymbolsForFakeOverrides$FakeOverrideTypeRemapper.remapTypeArguments(Ljava/util/List;)Ljava/util/Lis
Event: 41.539 Thread 0x0000023dca46b240 DEOPT PACKING pc=0x0000023ddb18ed70 sp=0x000000c262bfbfc0
Event: 41.539 Thread 0x0000023dca46b240 DEOPT UNPACKING pc=0x0000023dda2b46a2 sp=0x000000c262bfbf50 mode 2
Event: 41.539 Thread 0x0000023dca46b240 Uncommon trap: trap_request=0xffffffc6 fr.pc=0x0000023ddb18ed70 relative=0x0000000000000f90
Event: 41.540 Thread 0x0000023dca46b240 Uncommon trap: reason=bimorphic_or_optimized_type_check action=maybe_recompile pc=0x0000023ddb18ed70 method=org.jetbrains.kotlin.ir.overrides.CopyIrTreeWithSymbolsForFakeOverrides$FakeOverrideTypeRemapper.remapTypeArguments(Ljava/util/List;)Ljava/util/Lis
Event: 41.540 Thread 0x0000023dca46b240 DEOPT PACKING pc=0x0000023ddb18ed70 sp=0x000000c262bfbfc0
Event: 41.540 Thread 0x0000023dca46b240 DEOPT UNPACKING pc=0x0000023dda2b46a2 sp=0x000000c262bfbf50 mode 2
Event: 41.540 Thread 0x0000023dca46b240 Uncommon trap: trap_request=0xffffffc6 fr.pc=0x0000023ddb18ed70 relative=0x0000000000000f90
Event: 41.540 Thread 0x0000023dca46b240 Uncommon trap: reason=bimorphic_or_optimized_type_check action=maybe_recompile pc=0x0000023ddb18ed70 method=org.jetbrains.kotlin.ir.overrides.CopyIrTreeWithSymbolsForFakeOverrides$FakeOverrideTypeRemapper.remapTypeArguments(Ljava/util/List;)Ljava/util/Lis
Event: 41.540 Thread 0x0000023dca46b240 DEOPT PACKING pc=0x0000023ddb18ed70 sp=0x000000c262bfbfc0
Event: 41.540 Thread 0x0000023dca46b240 DEOPT UNPACKING pc=0x0000023dda2b46a2 sp=0x000000c262bfbf50 mode 2
Event: 41.543 Thread 0x0000023dca46b240 Uncommon trap: trap_request=0xffffffc6 fr.pc=0x0000023ddb19c814 relative=0x00000000000057b4
Event: 41.543 Thread 0x0000023dca46b240 Uncommon trap: reason=bimorphic_or_optimized_type_check action=maybe_recompile pc=0x0000023ddb19c814 method=org.jetbrains.kotlin.ir.overrides.CopyIrTreeWithSymbolsForFakeOverrides$FakeOverrideTypeRemapper.remapTypeArguments(Ljava/util/List;)Ljava/util/Lis
Event: 41.543 Thread 0x0000023dca46b240 DEOPT PACKING pc=0x0000023ddb19c814 sp=0x000000c262bfc020
Event: 41.543 Thread 0x0000023dca46b240 DEOPT UNPACKING pc=0x0000023dda2b46a2 sp=0x000000c262bfbf60 mode 2

Classes loaded (20 events):
Event: 26.066 Loading class java/util/RegularEnumSet$EnumSetIterator
Event: 26.066 Loading class java/util/RegularEnumSet$EnumSetIterator done
Event: 26.214 Loading class java/lang/Byte$ByteCache
Event: 26.214 Loading class java/lang/Byte$ByteCache done
Event: 29.152 Loading class java/lang/Short$ShortCache
Event: 29.152 Loading class java/lang/Short$ShortCache done
Event: 31.018 Loading class java/util/EnumMap$EntrySet
Event: 31.018 Loading class java/util/EnumMap$EntrySet done
Event: 31.018 Loading class java/util/EnumMap$EntryIterator
Event: 31.018 Loading class java/util/EnumMap$EnumMapIterator
Event: 31.018 Loading class java/util/EnumMap$EnumMapIterator done
Event: 31.018 Loading class java/util/EnumMap$EntryIterator done
Event: 31.018 Loading class java/util/EnumMap$EntryIterator$Entry
Event: 31.018 Loading class java/util/EnumMap$EntryIterator$Entry done
Event: 35.404 Loading class java/text/MessageFormat
Event: 35.418 Loading class java/text/MessageFormat done
Event: 35.472 Loading class java/text/ChoiceFormat
Event: 35.472 Loading class java/text/ChoiceFormat done
Event: 40.127 Loading class java/util/ArrayList$SubList$1
Event: 40.128 Loading class java/util/ArrayList$SubList$1 done

Classes unloaded (0 events):
No events

Classes redefined (0 events):
No events

Internal exceptions (20 events):
Event: 27.297 Thread 0x0000023dca46b240 Exception <a 'java/lang/NoSuchMethodError'{0x0000000087e09a10}: 'java.lang.Object java.lang.invoke.Invokers$Holder.linkToTargetMethod(java.lang.Object, java.lang.Object, java.lang.Object, java.lang.Object, int, java.lang.Object)'> (0x0000000087e09a10) 
thrown [s\src\hotspot\share\interpreter\linkResolver.cpp, line 773]
Event: 28.417 Thread 0x0000023dca46b240 Exception <a 'java/lang/IncompatibleClassChangeError'{0x00000000878da9c0}: Found class java.lang.Object, but interface was expected> (0x00000000878da9c0) 
thrown [s\src\hotspot\share\interpreter\linkResolver.cpp, line 840]
Event: 28.638 Thread 0x0000023dca46b240 Exception <a 'java/lang/NoSuchMethodError'{0x0000000088b396f8}: 'java.lang.Object java.lang.invoke.DirectMethodHandle$Holder.newInvokeSpecial(java.lang.Object, java.lang.Object, java.lang.Object, java.lang.Object, java.lang.Object, java.lang.Object, int)'> (0x0000000088b396f8) 
thrown [s\src\hotspot\share\interpreter\linkResolver.cpp, line 773]
Event: 28.639 Thread 0x0000023dca46b240 Exception <a 'java/lang/NoSuchMethodError'{0x0000000088b3e2b8}: 'java.lang.Object java.lang.invoke.DirectMethodHandle$Holder.invokeSpecial(java.lang.Object, java.lang.Object, java.lang.Object, java.lang.Object, java.lang.Object, java.lang.Object, java.lang.Object, int)'> (0x0000000088b3e2b8) 
thrown [s\src\hotspot\share\interpreter\linkResolver.cpp, line 773]
Event: 35.602 Thread 0x0000023dca46b240 Implicit null exception at 0x0000023ddabc55e3 to 0x0000023ddabc5764
Event: 37.012 Thread 0x0000023dca46b240 Implicit null exception at 0x0000023ddb00d653 to 0x0000023ddb00e570
Event: 38.008 Thread 0x0000023dca46b240 Exception <a 'java/lang/NoSuchMethodError'{0x000000008a19e508}: 'java.lang.Object java.lang.invoke.DirectMethodHandle$Holder.newInvokeSpecial(java.lang.Object, java.lang.Object, int, java.lang.Object, java.lang.Object, java.lang.Object)'> (0x000000008a19e508) 
thrown [s\src\hotspot\share\interpreter\linkResolver.cpp, line 773]
Event: 38.009 Thread 0x0000023dca46b240 Exception <a 'java/lang/NoSuchMethodError'{0x000000008a1a2640}: 'java.lang.Object java.lang.invoke.DirectMethodHandle$Holder.invokeSpecial(java.lang.Object, java.lang.Object, java.lang.Object, int, java.lang.Object, java.lang.Object, java.lang.Object)'> (0x000000008a1a2640) 
thrown [s\src\hotspot\share\interpreter\linkResolver.cpp, line 773]
Event: 38.009 Thread 0x0000023dca46b240 Exception <a 'java/lang/NoSuchMethodError'{0x000000008a1a5cb8}: 'java.lang.Object java.lang.invoke.Invokers$Holder.linkToTargetMethod(java.lang.Object, int, java.lang.Object, java.lang.Object, java.lang.Object, java.lang.Object)'> (0x000000008a1a5cb8) 
thrown [s\src\hotspot\share\interpreter\linkResolver.cpp, line 773]
Event: 38.276 Thread 0x0000023dca46b240 Exception <a 'java/lang/NoSuchMethodError'{0x000000008c9e8de0}: 'java.lang.Object java.lang.invoke.DirectMethodHandle$Holder.newInvokeSpecial(java.lang.Object, java.lang.Object, java.lang.Object, int, java.lang.Object, java.lang.Object)'> (0x000000008c9e8de0) 
thrown [s\src\hotspot\share\interpreter\linkResolver.cpp, line 773]
Event: 38.276 Thread 0x0000023dca46b240 Exception <a 'java/lang/NoSuchMethodError'{0x000000008c9ece60}: 'java.lang.Object java.lang.invoke.DirectMethodHandle$Holder.invokeSpecial(java.lang.Object, java.lang.Object, java.lang.Object, java.lang.Object, int, java.lang.Object, java.lang.Object)'> (0x000000008c9ece60) 
thrown [s\src\hotspot\share\interpreter\linkResolver.cpp, line 773]
Event: 38.276 Thread 0x0000023dca46b240 Exception <a 'java/lang/NoSuchMethodError'{0x000000008c9f04d8}: 'java.lang.Object java.lang.invoke.Invokers$Holder.linkToTargetMethod(java.lang.Object, java.lang.Object, int, java.lang.Object, java.lang.Object, java.lang.Object)'> (0x000000008c9f04d8) 
thrown [s\src\hotspot\share\interpreter\linkResolver.cpp, line 773]
Event: 39.468 Thread 0x0000023dca46b240 Implicit null exception at 0x0000023dda858e44 to 0x0000023dda859508
Event: 39.470 Thread 0x0000023dca46b240 Implicit null exception at 0x0000023dda83d2c0 to 0x0000023dda83d980
Event: 39.835 Thread 0x0000023dca46b240 Exception <a 'java/lang/NoSuchMethodError'{0x000000008dc60c90}: 'java.lang.Object java.lang.invoke.DirectMethodHandle$Holder.newInvokeSpecial(java.lang.Object, java.lang.Object, java.lang.Object, java.lang.Object, java.lang.Object, java.lang.Object, java.lang.Object, java.lang.Object, int)'> (0x000000008dc60c90) 
thrown [s\src\hotspot\share\interpreter\linkResolver.cpp, line 773]
Event: 39.835 Thread 0x0000023dca46b240 Exception <a 'java/lang/NoSuchMethodError'{0x000000008dc65a38}: 'java.lang.Object java.lang.invoke.DirectMethodHandle$Holder.invokeSpecial(java.lang.Object, java.lang.Object, java.lang.Object, java.lang.Object, java.lang.Object, java.lang.Object, java.lang.Object, java.lang.Object, java.lang.Object, int)'> (0x000000008dc65a38) 
thrown [s\src\hotspot\share\interpreter\linkResolver.cpp, line 773]
Event: 39.851 Thread 0x0000023dca46b240 Exception <a 'java/lang/NoSuchMethodError'{0x000000008dcf3e08}: 'java.lang.Object java.lang.invoke.DirectMethodHandle$Holder.invokeStatic(java.lang.Object, java.lang.Object, java.lang.Object, int, int)'> (0x000000008dcf3e08) 
thrown [s\src\hotspot\share\interpreter\linkResolver.cpp, line 773]
Event: 39.955 Thread 0x0000023dca46b240 Exception <a 'java/lang/NoSuchMethodError'{0x000000008d9f79b0}: 'java.lang.Object java.lang.invoke.DirectMethodHandle$Holder.newInvokeSpecial(java.lang.Object, java.lang.Object, java.lang.Object, java.lang.Object, java.lang.Object, java.lang.Object, java.lang.Object, int)'> (0x000000008d9f79b0) 
thrown [s\src\hotspot\share\interpreter\linkResolver.cpp, line 773]
Event: 39.956 Thread 0x0000023dca46b240 Exception <a 'java/lang/NoSuchMethodError'{0x000000008d9fc310}: 'java.lang.Object java.lang.invoke.DirectMethodHandle$Holder.invokeSpecial(java.lang.Object, java.lang.Object, java.lang.Object, java.lang.Object, java.lang.Object, java.lang.Object, java.lang.Object, java.lang.Object, int)'> (0x000000008d9fc310) 
thrown [s\src\hotspot\share\interpreter\linkResolver.cpp, line 773]
Event: 39.956 Thread 0x0000023dca46b240 Exception <a 'java/lang/NoSuchMethodError'{0x000000008d8008b0}: 'java.lang.Object java.lang.invoke.Invokers$Holder.linkToTargetMethod(java.lang.Object, java.lang.Object, java.lang.Object, java.lang.Object, java.lang.Object, java.lang.Object, int, java.lang.Object)'> (0x000000008d8008b0) 
thrown [s\src\hotspot\share\interpreter\linkResolver.cpp, line 773]

ZGC Phase Switch (0 events):
No events

VM Operations (20 events):
Event: 40.109 Executing VM operation: ICBufferFull done
Event: 40.361 Executing VM operation: HandshakeAllThreads (Deoptimize)
Event: 40.361 Executing VM operation: HandshakeAllThreads (Deoptimize) done
Event: 40.426 Executing VM operation: ICBufferFull
Event: 40.426 Executing VM operation: ICBufferFull done
Event: 40.686 Executing VM operation: HandshakeAllThreads (Deoptimize)
Event: 40.686 Executing VM operation: HandshakeAllThreads (Deoptimize) done
Event: 40.827 Executing VM operation: ICBufferFull
Event: 40.827 Executing VM operation: ICBufferFull done
Event: 41.106 Executing VM operation: ICBufferFull
Event: 41.106 Executing VM operation: ICBufferFull done
Event: 41.138 Executing VM operation: G1CollectForAllocation (G1 Evacuation Pause)
Event: 41.156 Executing VM operation: G1CollectForAllocation (G1 Evacuation Pause) done
Event: 41.603 Executing VM operation: ICBufferFull
Event: 41.604 Executing VM operation: ICBufferFull done
Event: 41.608 Executing VM operation: G1CollectForAllocation (G1 Evacuation Pause)
Event: 41.633 Executing VM operation: G1CollectForAllocation (G1 Evacuation Pause) done
Event: 41.958 Executing VM operation: G1CollectForAllocation (G1 Evacuation Pause)
Event: 41.975 Executing VM operation: G1CollectForAllocation (G1 Evacuation Pause) done
Event: 42.019 Executing VM operation: G1PauseRemark

Memory protections (0 events):
No events

Nmethod flushes (20 events):
Event: 42.035 Thread 0x0000023de70a66a0 flushing  nmethod 0x0000023dd46f8f90
Event: 42.035 Thread 0x0000023de70a66a0 flushing  nmethod 0x0000023dd48b2990
Event: 42.035 Thread 0x0000023de70a66a0 flushing  nmethod 0x0000023dd48c3910
Event: 42.035 Thread 0x0000023de70a66a0 flushing  nmethod 0x0000023dd48dac90
Event: 42.035 Thread 0x0000023de70a66a0 flushing  nmethod 0x0000023dd4aba490
Event: 42.035 Thread 0x0000023de70a66a0 flushing  nmethod 0x0000023dd4b61110
Event: 42.035 Thread 0x0000023de70a66a0 flushing  nmethod 0x0000023dd4b99510
Event: 42.035 Thread 0x0000023de70a66a0 flushing  nmethod 0x0000023dd4ba5b10
Event: 42.035 Thread 0x0000023de70a66a0 flushing  nmethod 0x0000023dd5042910
Event: 42.035 Thread 0x0000023de70a66a0 flushing  nmethod 0x0000023dd51d4490
Event: 42.035 Thread 0x0000023de70a66a0 flushing  nmethod 0x0000023dd5208e10
Event: 42.035 Thread 0x0000023de70a66a0 flushing  nmethod 0x0000023dd52c7110
Event: 42.035 Thread 0x0000023de70a66a0 flushing  nmethod 0x0000023dd5385890
Event: 42.035 Thread 0x0000023de70a66a0 flushing  nmethod 0x0000023dd56f7f10
Event: 42.035 Thread 0x0000023de70a66a0 flushing  nmethod 0x0000023dd58cab90
Event: 42.035 Thread 0x0000023de70a66a0 flushing  nmethod 0x0000023dd592e810
Event: 42.035 Thread 0x0000023de70a66a0 flushing  nmethod 0x0000023dd592f210
Event: 42.035 Thread 0x0000023de70a66a0 flushing  nmethod 0x0000023dd596a490
Event: 42.035 Thread 0x0000023de70a66a0 flushing  nmethod 0x0000023dd596ba10
Event: 42.035 Thread 0x0000023de70a66a0 flushing  nmethod 0x0000023dd5986110

Events (20 events):
Event: 15.747 Thread 0x0000023dec54de80 Thread exited: 0x0000023dec54de80
Event: 16.039 Thread 0x0000023de70d7470 Thread added: 0x0000023dec54de80
Event: 16.288 Thread 0x0000023dec54de80 Thread exited: 0x0000023dec54de80
Event: 17.215 Thread 0x0000023de70ff040 Thread added: 0x0000023dec5afe80
Event: 17.604 Thread 0x0000023dec5afe80 Thread exited: 0x0000023dec5afe80
Event: 17.693 Thread 0x0000023de70ff040 Thread added: 0x0000023dec56ca50
Event: 18.135 Thread 0x0000023dec56ca50 Thread exited: 0x0000023dec56ca50
Event: 18.516 Thread 0x0000023de70ff040 Thread added: 0x0000023de7b25df0
Event: 18.663 Thread 0x0000023de7b25df0 Thread exited: 0x0000023de7b25df0
Event: 18.740 Thread 0x0000023de70ff040 Thread added: 0x0000023df77e2a30
Event: 19.018 Thread 0x0000023df77e2a30 Thread exited: 0x0000023df77e2a30
Event: 19.396 Thread 0x0000023de70d7470 Thread added: 0x0000023decc84d40
Event: 21.506 Thread 0x0000023decc84d40 Thread exited: 0x0000023decc84d40
Event: 22.406 Thread 0x0000023de70ff040 Thread added: 0x0000023decc84d40
Event: 22.694 Thread 0x0000023decc84d40 Thread exited: 0x0000023decc84d40
Event: 23.103 Thread 0x0000023de70ff040 Thread added: 0x0000023de71f8740
Event: 35.435 Thread 0x0000023de71f8740 Thread exited: 0x0000023de71f8740
Event: 35.586 Thread 0x0000023de70ff040 Thread added: 0x0000023dec898000
Event: 39.282 Thread 0x0000023dec898000 Thread exited: 0x0000023dec898000
Event: 39.986 Thread 0x0000023de70ff040 Thread added: 0x0000023dec89a8e0


Dynamic libraries:
0x00007ff6a2140000 - 0x00007ff6a214e000 	C:\Users\Neki_play\.jdks\ms-21.0.8\bin\java.exe
0x00007ffb40580000 - 0x00007ffb407e8000 	C:\Windows\SYSTEM32\ntdll.dll
0x00007ffb3fb30000 - 0x00007ffb3fbf9000 	C:\Windows\System32\KERNEL32.DLL
0x00007ffb3dd60000 - 0x00007ffb3e152000 	C:\Windows\System32\KERNELBASE.dll
0x00007ffb3e200000 - 0x00007ffb3e34b000 	C:\Windows\System32\ucrtbase.dll
0x00007ffb244e0000 - 0x00007ffb244f8000 	C:\Users\Neki_play\.jdks\ms-21.0.8\bin\jli.dll
0x00007ffb3f0e0000 - 0x00007ffb3f2a5000 	C:\Windows\System32\USER32.dll
0x00007ffb3d880000 - 0x00007ffb3d8a7000 	C:\Windows\System32\win32u.dll
0x00007ffb3edc0000 - 0x00007ffb3edeb000 	C:\Windows\System32\GDI32.dll
0x00007ffb3d8b0000 - 0x00007ffb3d9dd000 	C:\Windows\System32\gdi32full.dll
0x00007ffb3daa0000 - 0x00007ffb3db43000 	C:\Windows\System32\msvcp_win.dll
0x00007ffb244c0000 - 0x00007ffb244de000 	C:\Users\Neki_play\.jdks\ms-21.0.8\bin\VCRUNTIME140.dll
0x00007ffb21010000 - 0x00007ffb212a3000 	C:\Windows\WinSxS\amd64_microsoft.windows.common-controls_6595b64144ccf1df_6.0.26100.6899_none_3e0efeeae32e88c1\COMCTL32.dll
0x00007ffb3e350000 - 0x00007ffb3e3f9000 	C:\Windows\System32\msvcrt.dll
0x00007ffb3f430000 - 0x00007ffb3f45f000 	C:\Windows\System32\IMM32.DLL
0x00007ffb10d50000 - 0x00007ffb10e42000 	C:\Program Files\Windhawk\Engine\1.6.1\64\windhawk.dll
0x00007ffb3eb10000 - 0x00007ffb3ebc4000 	C:\Windows\System32\ADVAPI32.dll
0x00007ffb3f030000 - 0x00007ffb3f0d6000 	C:\Windows\System32\sechost.dll
0x00007ffb3e400000 - 0x00007ffb3e518000 	C:\Windows\System32\RPCRT4.dll
0x00007ffb38290000 - 0x00007ffb382a9000 	C:\ProgramData\Windhawk\Engine\Mods\64\dark-menus_1.3.1_366885.dll
0x00007ffb3aa70000 - 0x00007ffb3ab1a000 	C:\Windows\SYSTEM32\UxTheme.dll
0x00007ffb3e520000 - 0x00007ffb3e89b000 	C:\Windows\System32\combase.dll
0x00007ffb31150000 - 0x00007ffb3116d000 	C:\ProgramData\Windhawk\Engine\Mods\64\modernize-folder-picker-dialog_1.0.0_723076.dll
0x00007ffb3f900000 - 0x00007ffb3fa98000 	C:\Windows\System32\ole32.dll
0x00007ffb3fc00000 - 0x00007ffb4034d000 	C:\Windows\System32\SHELL32.dll
0x00007ffb3d710000 - 0x00007ffb3d87b000 	C:\Windows\System32\wintypes.dll
0x00007ffb2cd90000 - 0x00007ffb2cf39000 	C:\ProgramData\Windhawk\Engine\Mods\64\libc++.whl
0x00007ffb380b0000 - 0x00007ffb380ea000 	C:\ProgramData\Windhawk\Engine\Mods\64\libunwind.whl
0x00007ffb30e40000 - 0x00007ffb30e4c000 	C:\Users\Neki_play\.jdks\ms-21.0.8\bin\vcruntime140_1.dll
0x00007ffb22530000 - 0x00007ffb225b9000 	C:\Users\Neki_play\.jdks\ms-21.0.8\bin\msvcp140.dll
0x00007ffafc0d0000 - 0x00007ffafce7c000 	C:\Users\Neki_play\.jdks\ms-21.0.8\bin\server\jvm.dll
0x00007ffb3faa0000 - 0x00007ffb3fb14000 	C:\Windows\System32\WS2_32.dll
0x00007ffb2a1a0000 - 0x00007ffb2a1d5000 	C:\Windows\SYSTEM32\WINMM.dll
0x00007ffb302a0000 - 0x00007ffb302ab000 	C:\Windows\SYSTEM32\VERSION.dll
0x00007ffb3d570000 - 0x00007ffb3d5ce000 	C:\Windows\SYSTEM32\POWRPROF.dll
0x00007ffb3d550000 - 0x00007ffb3d564000 	C:\Windows\SYSTEM32\UMPDC.dll
0x00007ffb3c4e0000 - 0x00007ffb3c4fb000 	C:\Windows\SYSTEM32\kernel.appcore.dll
0x00007ffb24410000 - 0x00007ffb2441a000 	C:\Users\Neki_play\.jdks\ms-21.0.8\bin\jimage.dll
0x00007ffb06f90000 - 0x00007ffb071d2000 	C:\Windows\SYSTEM32\DBGHELP.DLL
0x00007ffb3eca0000 - 0x00007ffb3ed77000 	C:\Windows\System32\OLEAUT32.dll
0x00007ffb2ee60000 - 0x00007ffb2ee9c000 	C:\Windows\SYSTEM32\dbgcore.DLL
0x00007ffb3e160000 - 0x00007ffb3e1f8000 	C:\Windows\System32\bcryptPrimitives.dll
0x00007ffb1e0d0000 - 0x00007ffb1e0f1000 	C:\Users\Neki_play\.jdks\ms-21.0.8\bin\java.dll
0x00007ffb3b3a0000 - 0x00007ffb3bbfd000 	C:\Windows\SYSTEM32\windows.storage.dll
0x00007ffb40350000 - 0x00007ffb40442000 	C:\Windows\System32\SHCORE.dll
0x00007ffb404d0000 - 0x00007ffb40532000 	C:\Windows\System32\shlwapi.dll
0x00007ffb3d630000 - 0x00007ffb3d659000 	C:\Windows\SYSTEM32\profapi.dll
0x00007ffb1d500000 - 0x00007ffb1d5d6000 	C:\Users\Neki_play\.jdks\ms-21.0.8\bin\jsvml.dll
0x00007ffb22510000 - 0x00007ffb22521000 	C:\Users\Neki_play\.jdks\ms-21.0.8\bin\net.dll
0x00007ffb37070000 - 0x00007ffb3718f000 	C:\Windows\SYSTEM32\WINHTTP.dll
0x00007ffb3ca50000 - 0x00007ffb3cabb000 	C:\Windows\system32\mswsock.dll
0x00007ffb1e0b0000 - 0x00007ffb1e0c6000 	C:\Users\Neki_play\.jdks\ms-21.0.8\bin\nio.dll
0x00007ffb22e30000 - 0x00007ffb22e48000 	C:\Users\Neki_play\.jdks\ms-21.0.8\bin\zip.dll
0x00007ffb22730000 - 0x00007ffb22740000 	C:\Users\Neki_play\.jdks\ms-21.0.8\bin\verify.dll

JVMTI agents: none

dbghelp: loaded successfully - version: 4.0.5 - missing functions: none
symbol engine: initialized successfully - sym options: 0x614 - pdb path: .;C:\Users\Neki_play\.jdks\ms-21.0.8\bin;C:\Windows\SYSTEM32;C:\Windows\WinSxS\amd64_microsoft.windows.common-controls_6595b64144ccf1df_6.0.26100.6899_none_3e0efeeae32e88c1;C:\Program Files\Windhawk\Engine\1.6.1\64;C:\ProgramData\Windhawk\Engine\Mods\64;C:\Users\Neki_play\.jdks\ms-21.0.8\bin\server

VM Arguments:
java_command: org.jetbrains.kotlin.cli.jvm.K2JVMCompiler @C:\Users\Neki_play\Documents\GitHub\Hypixel-Cry\build\20251018_6767477033066374078.compiler.options
java_class_path (initial): C:\Users\Neki_play\.gradle\caches\modules-2\files-2.1\org.jetbrains.kotlin\kotlin-compiler-embeddable\2.1.0\988bf980588bbbcfa1ba19c1ffd7aa869b335a31\kotlin-compiler-embeddable-2.1.0.jar;C:\Users\Neki_play\.gradle\caches\modules-2\files-2.1\org.jetbrains.kotlin\kotlin-stdlib\2.1.0\85f8b81009cda5890e54ba67d64b5e599c645020\kotlin-stdlib-2.1.0.jar;C:\Users\Neki_play\.gradle\caches\modules-2\files-2.1\org.jetbrains.kotlin\kotlin-script-runtime\2.1.0\5909da8c57b75a117714ab0e348c86101b7a3284\kotlin-script-runtime-2.1.0.jar;C:\Users\Neki_play\.gradle\caches\modules-2\files-2.1\org.jetbrains.kotlin\kotlin-reflect\1.6.10\1cbe9c92c12a94eea200d23c2bbaedaf3daf5132\kotlin-reflect-1.6.10.jar;C:\Users\Neki_play\.gradle\caches\modules-2\files-2.1\org.jetbrains.kotlin\kotlin-daemon-embeddable\2.1.0\420bae1908e4a353f5b56c3c850d24d86367b25d\kotlin-daemon-embeddable-2.1.0.jar;C:\Users\Neki_play\.gradle\caches\modules-2\files-2.1\org.jetbrains.intellij.deps\trove4j\1.0.20200330\3afb14d5f9ceb459d724e907a21145e8ff394f02\trove4j-1.0.20200330.jar;C:\Users\Neki_play\.gradle\caches\modules-2\files-2.1\org.jetbrains.kotlinx\kotlinx-coroutines-core-jvm\1.6.4\2c997cd1c0ef33f3e751d3831929aeff1390cb30\kotlinx-coroutines-core-jvm-1.6.4.jar;C:\Users\Neki_play\.gradle\caches\modules-2\files-2.1\org.jetbrains\annotations\13.0\919f0dfe192fb4e063e7dacadee7f8bb9a2672a9\annotations-13.0.jar
Launcher Type: SUN_STANDARD

[Global flags]
     intx CICompilerCount                          = 3                                         {product} {ergonomic}
     uint ConcGCThreads                            = 1                                         {product} {ergonomic}
     uint G1ConcRefinementThreads                  = 4                                         {product} {ergonomic}
   size_t G1HeapRegionSize                         = 1048576                                   {product} {ergonomic}
    uintx GCDrainStackTargetSize                   = 64                                        {product} {ergonomic}
   size_t InitialHeapSize                          = 134217728                                 {product} {ergonomic}
   size_t MarkStackSize                            = 4194304                                   {product} {ergonomic}
   size_t MaxHeapSize                              = 2134900736                                {product} {ergonomic}
   size_t MaxNewSize                               = 1280311296                                {product} {ergonomic}
   size_t MinHeapDeltaBytes                        = 1048576                                   {product} {ergonomic}
   size_t MinHeapSize                              = 8388608                                   {product} {ergonomic}
    uintx NonNMethodCodeHeapSize                   = 5832780                                {pd product} {ergonomic}
    uintx NonProfiledCodeHeapSize                  = 122912730                              {pd product} {ergonomic}
    uintx ProfiledCodeHeapSize                     = 122912730                              {pd product} {ergonomic}
    uintx ReservedCodeCacheSize                    = 251658240                              {pd product} {ergonomic}
     bool SegmentedCodeCache                       = true                                      {product} {ergonomic}
   size_t SoftMaxHeapSize                          = 2134900736                             {manageable} {ergonomic}
     bool UseCompressedOops                        = true                           {product lp64_product} {ergonomic}
     bool UseG1GC                                  = true                                      {product} {ergonomic}
     bool UseLargePagesIndividualAllocation        = false                                  {pd product} {ergonomic}

Logging:
Log output configuration:
 #0: stdout all=warning uptime,level,tags foldmultilines=false
 #1: stderr all=off uptime,level,tags foldmultilines=false

Environment Variables:
PATH=C:\Windows\system32;C:\Windows;C:\Windows\System32\Wbem;C:\Windows\System32\WindowsPowerShell\v1.0\;C:\Windows\System32\OpenSSH\;C:\Users\Neki_play\AppData\Local\Microsoft\WindowsApps;C:\Program Files\JetBrains\IntelliJ IDEA Community Edition 2025.2.3\bin
USERNAME=Neki_play
OS=Windows_NT
PROCESSOR_IDENTIFIER=Intel64 Family 6 Model 42 Stepping 7, GenuineIntel
TMP=C:\Users\NEKI_P~1\AppData\Local\Temp
TEMP=C:\Users\NEKI_P~1\AppData\Local\Temp




Periodic native trim disabled

---------------  S Y S T E M  ---------------

OS:
 Windows 11 , 64 bit Build 26100 (10.0.26100.6725)
OS uptime: 0 days 14:43 hours

CPU: total 4 (initial active 4) (4 cores per cpu, 1 threads per core) family 6 model 42 stepping 7 microcode 0x2f, cx8, cmov, fxsr, mmx, sse, sse2, sse3, ssse3, sse4.1, sse4.2, popcnt, tsc, tscinvbit, avx, aes, clmul, vzeroupper, clflush, rdtscp
Processor Information for the first 4 processors :
  Max Mhz: 3301, Current Mhz: 3301, Mhz Limit: 3301

Memory: 4k page, system-wide physical 8139M (1166M free)
TotalPageFile size 10187M (AvailPageFile size 67M)
current process WorkingSet (physical memory assigned to process): 494M, peak: 508M
current process commit charge ("private bytes"): 518M, peak: 587M

vm_info: OpenJDK 64-Bit Server VM (21.0.8+9-LTS) for windows-amd64 JRE (21.0.8+9-LTS), built on 2025-07-10T20:22:44Z by "MicrosoftCorporation" with unknown MS VC++:1944

END.
